 quake2

 Timestamp is 607ac44e (Sat Apr 17 23:19:42 2021)

 Preferred load address is 00400000

 Start         Length     Name                   Class
 0001:00000000 000485ecH .text                   CODE
 0002:00000000 00000340H .idata$5                DATA
 0002:00000340 00000004H .CRT$XCA                DATA
 0002:00000344 00000004H .CRT$XCAA               DATA
 0002:00000348 00000004H .CRT$XCZ                DATA
 0002:0000034c 00000004H .CRT$XIA                DATA
 0002:00000350 00000004H .CRT$XIAA               DATA
 0002:00000354 00000004H .CRT$XIC                DATA
 0002:00000358 00000004H .CRT$XIY                DATA
 0002:0000035c 00000004H .CRT$XIZ                DATA
 0002:00000360 000087c8H .rdata                  DATA
 0002:00008b28 00000048H .rdata$debug            DATA
 0002:00008b70 00000004H .rdata$sxdata           DATA
 0002:00008b74 00000004H .rtc$IAA                DATA
 0002:00008b78 00000004H .rtc$IZZ                DATA
 0002:00008b7c 00000004H .rtc$TAA                DATA
 0002:00008b80 00000004H .rtc$TZZ                DATA
 0002:00008b88 00000084H .xdata$x                DATA
 0002:00008c0c 00000064H .idata$2                DATA
 0002:00008c70 00000014H .idata$3                DATA
 0002:00008c84 00000340H .idata$4                DATA
 0002:00008fc4 00000b32H .idata$6                DATA
 0002:00009af6 00000000H .edata                  DATA
 0003:00000000 00002950H .data                   DATA
 0003:00002960 00719d14H .bss                    DATA
 0004:00000000 000000a0H .rsrc$01                DATA
 0004:000000a0 00000300H .rsrc$02                DATA

  Address         Publics by Value              Rva+Base       Lib:Object

 0000:00000000       __except_list              00000000     <absolute>
 0000:00000001       ___safe_se_handler_count   00000001     <absolute>
 0000:00009876       __ldused                   00009876     <absolute>
 0000:00009876       __fltused                  00009876     <absolute>
 0000:00000000       ___ImageBase               00400000     <linker-defined>
 0001:00000000       _CDAudio_Play2             00401000 f   cd_win.obj
 0001:000002a0       _CDAudio_Play              004012a0 f   cd_win.obj
 0001:000002d0       _CDAudio_Stop              004012d0 f   cd_win.obj
 0001:00000340       _CDAudio_Pause             00401340 f   cd_win.obj
 0001:000003c0       _CDAudio_Resume            004013c0 f   cd_win.obj
 0001:00000460       _CDAudio_MessageHandler    00401460 f   cd_win.obj
 0001:00000580       _CDAudio_Update            00401580 f   cd_win.obj
 0001:000005f0       _CDAudio_Init              004015f0 f   cd_win.obj
 0001:00000bb0       _CDAudio_Shutdown          00401bb0 f   cd_win.obj
 0001:00000c00       _CDAudio_Activate          00401c00 f   cd_win.obj
 0001:00000c30       _SCR_LoadPCX               00401c30 f   cl_cin.obj
 0001:00000e70       _SCR_StopCinematic         00401e70 f   cl_cin.obj
 0001:00000f50       _SCR_FinishCinematic       00401f50 f   cl_cin.obj
 0001:00000f90       _SmallestNode1             00401f90 f   cl_cin.obj
 0001:00001030       _Huff1TableInit            00402030 f   cl_cin.obj
 0001:000011f0       _Huff1Decompress           004021f0 f   cl_cin.obj
 0001:000015e0       _SCR_ReadNextFrame         004025e0 f   cl_cin.obj
 0001:00001800       _SCR_RunCinematic          00402800 f   cl_cin.obj
 0001:00001940       _SCR_DrawCinematic         00402940 f   cl_cin.obj
 0001:000019f0       _SCR_PlayCinematic         004029f0 f   cl_cin.obj
 0001:00001ce0       _CL_ParseEntityBits        00402ce0 f   cl_ents.obj
 0001:00001df0       _CL_ParseDelta             00402df0 f   cl_ents.obj
 0001:00002130       _CL_DeltaEntity            00403130 f   cl_ents.obj
 0001:000023a0       _CL_ParsePacketEntities    004033a0 f   cl_ents.obj
 0001:00002730       _CL_ParsePlayerstate       00403730 f   cl_ents.obj
 0001:00002bf0       _CL_FireEntityEvents       00403bf0 f   cl_ents.obj
 0001:00002c80       _CL_ParseFrame             00403c80 f   cl_ents.obj
 0001:00002fa0       _S_RegisterSexedModel      00403fa0 f   cl_ents.obj
 0001:00003140       _CL_AddPacketEntities      00404140 f   cl_ents.obj
 0001:000040a0       _CL_AddViewWeapon          004050a0 f   cl_ents.obj
 0001:00004230       _CL_CalcViewValues         00405230 f   cl_ents.obj
 0001:000045f0       _CL_AddEntities            004055f0 f   cl_ents.obj
 0001:00004720       _CL_GetEntitySoundOrigin   00405720 f   cl_ents.obj
 0001:00004790       _CL_ClearLightStyles       00405790 f   cl_fx.obj
 0001:000047c0       _CL_RunLightStyles         004057c0 f   cl_fx.obj
 0001:000048b0       _CL_SetLightstyle          004058b0 f   cl_fx.obj
 0001:00004960       _CL_AddLightStyles         00405960 f   cl_fx.obj
 0001:000049d0       _CL_ClearDlights           004059d0 f   cl_fx.obj
 0001:00004a00       _CL_AllocDlight            00405a00 f   cl_fx.obj
 0001:00004af0       _CL_NewDlight              00405af0 f   cl_fx.obj
 0001:00004b50       _CL_RunDLights             00405b50 f   cl_fx.obj
 0001:00004c00       _CL_ParseMuzzleFlash       00405c00 f   cl_fx.obj
 0001:00005980       _CL_ParseMuzzleFlash2      00406980 f   cl_fx.obj
 0001:00006560       _CL_AddDLights             00407560 f   cl_fx.obj
 0001:000066d0       _CL_ClearParticles         004076d0 f   cl_fx.obj
 0001:00006750       _CL_ParticleEffect         00407750 f   cl_fx.obj
 0001:00006890       _CL_ParticleEffect2        00407890 f   cl_fx.obj
 0001:000069d0       _CL_ParticleEffect3        004079d0 f   cl_fx.obj
 0001:00006b10       _CL_TeleporterParticles    00407b10 f   cl_fx.obj
 0001:00006c60       _CL_LogoutEffect           00407c60 f   cl_fx.obj
 0001:00006e10       _CL_ItemRespawnParticles   00407e10 f   cl_fx.obj
 0001:00006f50       _CL_ExplosionParticles     00407f50 f   cl_fx.obj
 0001:00007090       _CL_BigTeleportParticles   00408090 f   cl_fx.obj
 0001:000072b0       _CL_BlasterParticles       004082b0 f   cl_fx.obj
 0001:00007410       _CL_BlasterTrail           00408410 f   cl_fx.obj
 0001:000075b0       _CL_QuadTrail              004085b0 f   cl_fx.obj
 0001:00007760       _CL_FlagTrail              00408760 f   cl_fx.obj
 0001:00007900       _CL_DiminishingTrail       00408900 f   cl_fx.obj
 0001:00007cb0       _MakeNormalVectors         00408cb0 f   cl_fx.obj
 0001:00007d50       _CL_RocketTrail            00408d50 f   cl_fx.obj
 0001:00007f20       _CL_RailTrail              00408f20 f   cl_fx.obj
 0001:000082a0       _CL_IonripperTrail         004092a0 f   cl_fx.obj
 0001:00008480       _CL_BubbleTrail            00409480 f   cl_fx.obj
 0001:00008640       _CL_FlyParticles           00409640 f   cl_fx.obj
 0001:000088e0       _CL_FlyEffect              004098e0 f   cl_fx.obj
 0001:000089c0       _CL_BfgParticles           004099c0 f   cl_fx.obj
 0001:00008cc0       _CL_TrapParticles          00409cc0 f   cl_fx.obj
 0001:00009130       _CL_BFGExplosionParticles  0040a130 f   cl_fx.obj
 0001:00009270       _CL_TeleportParticles      0040a270 f   cl_fx.obj
 0001:00009460       _CL_AddParticles           0040a460 f   cl_fx.obj
 0001:00009600       _CL_EntityEvent            0040a600 f   cl_fx.obj
 0001:000097d0       _CL_ClearEffects           0040a7d0 f   cl_fx.obj
 0001:000097f0       _KeyDown                   0040a7f0 f   cl_input.obj
 0001:000098e0       _KeyUp                     0040a8e0 f   cl_input.obj
 0001:00009a00       _IN_KLookDown              0040aa00 f   cl_input.obj
 0001:00009a20       _IN_KLookUp                0040aa20 f   cl_input.obj
 0001:00009a40       _IN_UpDown                 0040aa40 f   cl_input.obj
 0001:00009a60       _IN_UpUp                   0040aa60 f   cl_input.obj
 0001:00009a80       _IN_DownDown               0040aa80 f   cl_input.obj
 0001:00009aa0       _IN_DownUp                 0040aaa0 f   cl_input.obj
 0001:00009ac0       _IN_LeftDown               0040aac0 f   cl_input.obj
 0001:00009ae0       _IN_LeftUp                 0040aae0 f   cl_input.obj
 0001:00009b00       _IN_RightDown              0040ab00 f   cl_input.obj
 0001:00009b20       _IN_RightUp                0040ab20 f   cl_input.obj
 0001:00009b40       _IN_ForwardDown            0040ab40 f   cl_input.obj
 0001:00009b60       _IN_ForwardUp              0040ab60 f   cl_input.obj
 0001:00009b80       _IN_BackDown               0040ab80 f   cl_input.obj
 0001:00009ba0       _IN_BackUp                 0040aba0 f   cl_input.obj
 0001:00009bc0       _IN_LookupDown             0040abc0 f   cl_input.obj
 0001:00009be0       _IN_LookupUp               0040abe0 f   cl_input.obj
 0001:00009c00       _IN_LookdownDown           0040ac00 f   cl_input.obj
 0001:00009c20       _IN_LookdownUp             0040ac20 f   cl_input.obj
 0001:00009c40       _IN_MoveleftDown           0040ac40 f   cl_input.obj
 0001:00009c60       _IN_MoveleftUp             0040ac60 f   cl_input.obj
 0001:00009c80       _IN_MoverightDown          0040ac80 f   cl_input.obj
 0001:00009ca0       _IN_MoverightUp            0040aca0 f   cl_input.obj
 0001:00009cc0       _IN_SpeedDown              0040acc0 f   cl_input.obj
 0001:00009ce0       _IN_SpeedUp                0040ace0 f   cl_input.obj
 0001:00009d00       _IN_StrafeDown             0040ad00 f   cl_input.obj
 0001:00009d20       _IN_StrafeUp               0040ad20 f   cl_input.obj
 0001:00009d40       _IN_AttackDown             0040ad40 f   cl_input.obj
 0001:00009d60       _IN_AttackUp               0040ad60 f   cl_input.obj
 0001:00009d80       _IN_UseDown                0040ad80 f   cl_input.obj
 0001:00009da0       _IN_UseUp                  0040ada0 f   cl_input.obj
 0001:00009dc0       _IN_Impulse                0040adc0 f   cl_input.obj
 0001:00009df0       _CL_KeyState               0040adf0 f   cl_input.obj
 0001:00009e90       _CL_AdjustAngles           0040ae90 f   cl_input.obj
 0001:00009fe0       _CL_BaseMove               0040afe0 f   cl_input.obj
 0001:0000a220       _CL_ClampPitch             0040b220 f   cl_input.obj
 0001:0000a2b0       _CL_FinishMove             0040b2b0 f   cl_input.obj
 0001:0000a3f0       _CL_CreateCmd              0040b3f0 f   cl_input.obj
 0001:0000a4a0       _IN_CenterView             0040b4a0 f   cl_input.obj
 0001:0000a4d0       _CL_InitInput              0040b4d0 f   cl_input.obj
 0001:0000a740       _CL_SendCmd                0040b740 f   cl_input.obj
 0001:0000aa70       _CL_ParseInventory         0040ba70 f   cl_inv.obj
 0001:0000aac0       _Inv_DrawString            0040bac0 f   cl_inv.obj
 0001:0000ab10       _SetStringHighBit          0040bb10 f   cl_inv.obj
 0001:0000ab50       _CL_DrawInventory          0040bb50 f   cl_inv.obj
 0001:0000ae60       _CL_WriteDemoMessage       0040be60 f   cl_main.obj
 0001:0000aec0       _CL_Stop_f                 0040bec0 f   cl_main.obj
 0001:0000af40       _CL_Record_f               0040bf40 f   cl_main.obj
 0001:0000b390       _Cmd_ForwardToServer       0040c390 f   cl_main.obj
 0001:0000b430       _CL_Setenv_f               0040c430 f   cl_main.obj
 0001:0000b570       _CL_ForwardToServer_f      0040c570 f   cl_main.obj
 0001:0000b5e0       _CL_Pause_f                0040c5e0 f   cl_main.obj
 0001:0000b670       _CL_Quit_f                 0040c670 f   cl_main.obj
 0001:0000b690       _CL_Drop                   0040c690 f   cl_main.obj
 0001:0000b6d0       _CL_SendConnectPacket      0040c6d0 f   cl_main.obj
 0001:0000b7a0       _CL_CheckForResend         0040c7a0 f   cl_main.obj
 0001:0000b8d0       _CL_Connect_f              0040c8d0 f   cl_main.obj
 0001:0000b970       _CL_Rcon_f                 0040c970 f   cl_main.obj
 0001:0000bb80       _CL_ClearState             0040cb80 f   cl_main.obj
 0001:0000bbe0       _CL_Disconnect             0040cbe0 f   cl_main.obj
 0001:0000bd70       _CL_Disconnect_f           0040cd70 f   cl_main.obj
 0001:0000bd90       _CL_Packet_f               0040cd90 f   cl_main.obj
 0001:0000bf90       _CL_Changing_f             0040cf90 f   cl_main.obj
 0001:0000bfd0       _CL_Reconnect_f            0040cfd0 f   cl_main.obj
 0001:0000c090       _CL_ParseStatusMessage     0040d090 f   cl_main.obj
 0001:0000c100       _CL_PingServers_f          0040d100 f   cl_main.obj
 0001:0000c330       _CL_Skins_f                0040d330 f   cl_main.obj
 0001:0000c3b0       _CL_ConnectionlessPacket   0040d3b0 f   cl_main.obj
 0001:0000c6f0       _CL_DumpPackets            0040d6f0 f   cl_main.obj
 0001:0000c730       _CL_ReadPackets            0040d730 f   cl_main.obj
 0001:0000c920       _CL_FixUpGender            0040d920 f   cl_main.obj
 0001:0000ca50       _CL_Userinfo_f             0040da50 f   cl_main.obj
 0001:0000ca80       _CL_Snd_Restart_f          0040da80 f   cl_main.obj
 0001:0000caa0       _CL_RequestNextDownload    0040daa0 f   cl_main.obj
 0001:0000d590       _CL_Precache_f             0040e590 f   cl_main.obj
 0001:0000d610       _CL_InitLocal              0040e610 f   cl_main.obj
 0001:0000de10       _CL_WriteConfiguration     0040ee10 f   cl_main.obj
 0001:0000dec0       _CL_FixCvarCheats          0040eec0 f   cl_main.obj
 0001:0000dfc0       _CL_SendCommand            0040efc0 f   cl_main.obj
 0001:0000dff0       _CL_Frame                  0040eff0 f   cl_main.obj
 0001:0000e220       _CL_Init                   0040f220 f   cl_main.obj
 0001:0000e2a0       _CL_Shutdown               0040f2a0 f   cl_main.obj
 0001:0000e2f0       _vectoangles2              0040f2f0 f   cl_newfx.obj
 0001:0000e470       _CL_Flashlight             0040f470 f   cl_newfx.obj
 0001:0000e500       _CL_ColorFlash             0040f500 f   cl_newfx.obj
 0001:0000e5e0       _CL_DebugTrail             0040f5e0 f   cl_newfx.obj
 0001:0000e790       _CL_SmokeTrail             0040f790 f   cl_newfx.obj
 0001:0000e940       _CL_ForceWall              0040f940 f   cl_newfx.obj
 0001:0000eb10       _CL_FlameEffects           0040fb10 f   cl_newfx.obj
 0001:0000ed70       _CL_GenericParticleEffect  0040fd70 f   cl_newfx.obj
 0001:0000eec0       _CL_BubbleTrail2           0040fec0 f   cl_newfx.obj
 0001:0000f090       _CL_Heatbeam               00410090 f   cl_newfx.obj
 0001:0000f440       _CL_ParticleSteamEffect    00410440 f   cl_newfx.obj
 0001:0000f5f0       _CL_ParticleSteamEffect2   004105f0 f   cl_newfx.obj
 0001:0000f7f0       _CL_TrackerTrail           004107f0 f   cl_newfx.obj
 0001:0000fa00       _CL_Tracker_Shell          00410a00 f   cl_newfx.obj
 0001:0000faf0       _CL_MonsterPlasma_Shell    00410af0 f   cl_newfx.obj
 0001:0000fbe0       _CL_Widowbeamout           00410be0 f   cl_newfx.obj
 0001:0000fd10       _CL_Nukeblast              00410d10 f   cl_newfx.obj
 0001:0000fe40       _CL_WidowSplash            00410e40 f   cl_newfx.obj
 0001:0000ff70       _CL_Tracker_Explode        00410f70 f   cl_newfx.obj
 0001:000100a0       _CL_TagTrail               004110a0 f   cl_newfx.obj
 0001:00010240       _CL_ColorExplosionParticles 00411240 f   cl_newfx.obj
 0001:00010380       _CL_ParticleSmokeEffect    00411380 f   cl_newfx.obj
 0001:00010530       _CL_BlasterParticles2      00411530 f   cl_newfx.obj
 0001:000106a0       _CL_BlasterTrail2          004116a0 f   cl_newfx.obj
 0001:00010840       _CL_DownloadFileName       00411840 f   cl_parse.obj
 0001:000108b0       _CL_CheckOrDownloadFile    004118b0 f   cl_parse.obj
 0001:00010a60       _CL_Download_f             00411a60 f   cl_parse.obj
 0001:00010ba0       _CL_RegisterSounds         00411ba0 f   cl_parse.obj
 0001:00010c20       _CL_ParseDownload          00411c20 f   cl_parse.obj
 0001:00010e20       _CL_ParseServerData        00411e20 f   cl_parse.obj
 0001:00010fc0       _CL_ParseBaseline          00411fc0 f   cl_parse.obj
 0001:00011020       _CL_LoadClientinfo         00412020 f   cl_parse.obj
 0001:00011550       _CL_ParseClientinfo        00412550 f   cl_parse.obj
 0001:000115a0       _CL_ParseConfigString      004125a0 f   cl_parse.obj
 0001:00011780       _CL_ParseStartSoundPacket  00412780 f   cl_parse.obj
 0001:00011900       _SHOWNET                   00412900 f   cl_parse.obj
 0001:00011940       _CL_ParseServerMessage     00412940 f   cl_parse.obj
 0001:00011c80       _CL_CheckPredictionError   00412c80 f   cl_pred.obj
 0001:00011e20       _CL_ClipMoveToEntities     00412e20 f   cl_pred.obj
 0001:00012030       _CL_PMTrace                00413030 f   cl_pred.obj
 0001:000120d0       _CL_PMpointcontents        004130d0 f   cl_pred.obj
 0001:00012180       _CL_PredictMovement        00413180 f   cl_pred.obj
 0001:000124c0       _CL_AddNetgraph            004134c0 f   cl_scrn.obj
 0001:000125c0       _SCR_DebugGraph            004135c0 f   cl_scrn.obj
 0001:00012610       _SCR_DrawDebugGraph        00413610 f   cl_scrn.obj
 0001:00012760       _SCR_CenterPrint           00413760 f   cl_scrn.obj
 0001:00012920       _SCR_DrawCenterString      00413920 f   cl_scrn.obj
 0001:00012a80       _SCR_CheckDrawCenterString 00413a80 f   cl_scrn.obj
 0001:00012ac0       _SCR_SizeUp_f              00413ac0 f   cl_scrn.obj
 0001:00012b00       _SCR_SizeDown_f            00413b00 f   cl_scrn.obj
 0001:00012b40       _SCR_Sky_f                 00413b40 f   cl_scrn.obj
 0001:00012c20       _SCR_Init                  00413c20 f   cl_scrn.obj
 0001:00012de0       _SCR_DrawNet               00413de0 f   cl_scrn.obj
 0001:00012e20       _SCR_DrawPause             00413e20 f   cl_scrn.obj
 0001:00012ea0       _SCR_DrawLoading           00413ea0 f   cl_scrn.obj
 0001:00012f10       _SCR_RunConsole            00413f10 f   cl_scrn.obj
 0001:00012ff0       _SCR_DrawConsole           00413ff0 f   cl_scrn.obj
 0001:000130c0       _SCR_BeginLoadingPlaque    004140c0 f   cl_scrn.obj
 0001:00013170       _SCR_EndLoadingPlaque      00414170 f   cl_scrn.obj
 0001:00013190       _SCR_Loading_f             00414190 f   cl_scrn.obj
 0001:000131b0       _entitycmpfnc              004141b0 f   cl_scrn.obj
 0001:000131f0       _SCR_TimeRefresh_f         004141f0 f   cl_scrn.obj
 0001:00013310       _SCR_AddDirtyPoint         00414310 f   cl_scrn.obj
 0001:00013370       _SCR_DirtyScreen           00414370 f   cl_scrn.obj
 0001:000133b0       _SCR_TileClear             004143b0 f   cl_scrn.obj
 0001:00013730       _SizeHUDString             00414730 f   cl_scrn.obj
 0001:000137c0       _DrawHUDString             004147c0 f   cl_scrn.obj
 0001:00013900       _SCR_DrawField             00414900 f   cl_scrn.obj
 0001:00013a30       _SCR_TouchPics             00414a30 f   cl_scrn.obj
 0001:00013b30       _SCR_ExecuteLayoutString   00414b30 f   cl_scrn.obj
 0001:00014680       _SCR_DrawStats             00415680 f   cl_scrn.obj
 0001:000146a0       _SCR_DrawLayout            004156a0 f   cl_scrn.obj
 0001:000146d0       _SCR_UpdateScreen          004156d0 f   cl_scrn.obj
 0001:00014ae0       _CL_RegisterTEntSounds     00415ae0 f   cl_tent.obj
 0001:00014c90       _CL_RegisterTEntModels     00415c90 f   cl_tent.obj
 0001:00014e40       _CL_ClearTEnts             00415e40 f   cl_tent.obj
 0001:00014ec0       _CL_AllocExplosion         00415ec0 f   cl_tent.obj
 0001:00014fa0       _CL_SmokeAndFlash          00415fa0 f   cl_tent.obj
 0001:00015080       _CL_ParseParticles         00416080 f   cl_tent.obj
 0001:000150f0       _CL_ParseBeam              004160f0 f   cl_tent.obj
 0001:000152b0       _CL_ParseBeam2             004162b0 f   cl_tent.obj
 0001:00015490       _CL_ParsePlayerBeam        00416490 f   cl_tent.obj
 0001:000156c0       _CL_ParseLightning         004166c0 f   cl_tent.obj
 0001:000158c0       _CL_ParseLaser             004168c0 f   cl_tent.obj
 0001:000159d0       _CL_ParseSteam             004169d0 f   cl_tent.obj
 0001:00015be0       _CL_ParseWidow             00416be0 f   cl_tent.obj
 0001:00015cb0       _CL_ParseNuke              00416cb0 f   cl_tent.obj
 0001:00015d70       _CL_ParseTEnt              00416d70 f   cl_tent.obj
 0001:000172c0       _CL_AddBeams               004182c0 f   cl_tent.obj
 0001:000176e0       _CL_AddPlayerBeams         004186e0 f   cl_tent.obj
 0001:00018090       _CL_AddExplosions          00419090 f   cl_tent.obj
 0001:00018380       _CL_AddLasers              00419380 f   cl_tent.obj
 0001:000183e0       _CL_ProcessSustain         004193e0 f   cl_tent.obj
 0001:00018470       _CL_AddTEnts               00419470 f   cl_tent.obj
 0001:000184a0       _V_ClearScene              004194a0 f   cl_view.obj
 0001:000184d0       _V_AddEntity               004194d0 f   cl_view.obj
 0001:00018520       _V_AddParticle             00419520 f   cl_view.obj
 0001:000185a0       _V_AddLight                004195a0 f   cl_view.obj
 0001:00018620       _V_AddLightStyle           00419620 f   cl_view.obj
 0001:00018690       _V_TestParticles           00419690 f   cl_view.obj
 0001:000187a0       _V_TestEntities            004197a0 f   cl_view.obj
 0001:000188b0       _V_TestLights              004198b0 f   cl_view.obj
 0001:00018a10       _CL_PrepRefresh            00419a10 f   cl_view.obj
 0001:00018df0       _CalcFov                   00419df0 f   cl_view.obj
 0001:00018e90       _V_Gun_Next_f              00419e90 f   cl_view.obj
 0001:00018ec0       _V_Gun_Prev_f              00419ec0 f   cl_view.obj
 0001:00018f00       _V_Gun_Model_f             00419f00 f   cl_view.obj
 0001:00018f70       _SCR_DrawCrosshair         00419f70 f   cl_view.obj
 0001:00019000       _V_RenderView              0041a000 f   cl_view.obj
 0001:00019400       _V_Viewpos_f               0041a400 f   cl_view.obj
 0001:00019450       _V_Init                    0041a450 f   cl_view.obj
 0001:00019540       _Cmd_Wait_f                0041a540 f   cmd.obj
 0001:00019560       _Cbuf_Init                 0041a560 f   cmd.obj
 0001:00019590       _Cbuf_AddText              0041a590 f   cmd.obj
 0001:000195f0       _Cbuf_InsertText           0041a5f0 f   cmd.obj
 0001:00019680       _Cbuf_CopyToDefer          0041a680 f   cmd.obj
 0001:000196c0       _Cbuf_InsertFromDefer      0041a6c0 f   cmd.obj
 0001:000196f0       _Cbuf_ExecuteText          0041a6f0 f   cmd.obj
 0001:00019760       _Cbuf_Execute              0041a760 f   cmd.obj
 0001:000198b0       _Cbuf_AddEarlyCommands     0041a8b0 f   cmd.obj
 0001:00019980       _Cbuf_AddLateCommands      0041a980 f   cmd.obj
 0001:00019b70       _Cmd_Exec_f                0041ab70 f   cmd.obj
 0001:00019c50       _Cmd_Echo_f                0041ac50 f   cmd.obj
 0001:00019cb0       _Cmd_Alias_f               0041acb0 f   cmd.obj
 0001:00019e90       _Cmd_Argc                  0041ae90 f   cmd.obj
 0001:00019eb0       _Cmd_Argv                  0041aeb0 f   cmd.obj
 0001:00019ee0       _Cmd_Args                  0041aee0 f   cmd.obj
 0001:00019f00       _Cmd_MacroExpandString     0041af00 f   cmd.obj
 0001:0001a0f0       _Cmd_TokenizeString        0041b0f0 f   cmd.obj
 0001:0001a2a0       _Cmd_AddCommand            0041b2a0 f   cmd.obj
 0001:0001a350       _Cmd_RemoveCommand         0041b350 f   cmd.obj
 0001:0001a3d0       _Cmd_Exists                0041b3d0 f   cmd.obj
 0001:0001a420       _Cmd_CompleteCommand       0041b420 f   cmd.obj
 0001:0001a550       _Cmd_ExecuteString         0041b550 f   cmd.obj
 0001:0001a660       _Cmd_List_f                0041b660 f   cmd.obj
 0001:0001a6c0       _Cmd_Init                  0041b6c0 f   cmd.obj
 0001:0001a730       _CMod_LoadSubmodels        0041b730 f   cmodel.obj
 0001:0001a8a0       _CMod_LoadSurfaces         0041b8a0 f   cmodel.obj
 0001:0001a9c0       _CMod_LoadNodes            0041b9c0 f   cmodel.obj
 0001:0001aae0       _CMod_LoadBrushes          0041bae0 f   cmodel.obj
 0001:0001abd0       _CMod_LoadLeafs            0041bbd0 f   cmodel.obj
 0001:0001adb0       _CMod_LoadPlanes           0041bdb0 f   cmodel.obj
 0001:0001af10       _CMod_LoadLeafBrushes      0041bf10 f   cmodel.obj
 0001:0001afe0       _CMod_LoadBrushSides       0041bfe0 f   cmodel.obj
 0001:0001b0f0       _CMod_LoadAreas            0041c0f0 f   cmodel.obj
 0001:0001b1d0       _CMod_LoadAreaPortals      0041c1d0 f   cmodel.obj
 0001:0001b2a0       _CMod_LoadVisibility       0041c2a0 f   cmodel.obj
 0001:0001b380       _CMod_LoadEntityString     0041c380 f   cmodel.obj
 0001:0001b3e0       _CM_LoadMap                0041c3e0 f   cmodel.obj
 0001:0001b6b0       _CM_InlineModel            0041c6b0 f   cmodel.obj
 0001:0001b720       _CM_NumClusters            0041c720 f   cmodel.obj
 0001:0001b740       _CM_NumInlineModels        0041c740 f   cmodel.obj
 0001:0001b760       _CM_EntityString           0041c760 f   cmodel.obj
 0001:0001b780       _CM_LeafContents           0041c780 f   cmodel.obj
 0001:0001b7c0       _CM_LeafCluster            0041c7c0 f   cmodel.obj
 0001:0001b800       _CM_LeafArea               0041c800 f   cmodel.obj
 0001:0001b840       _CM_InitBoxHull            0041c840 f   cmodel.obj
 0001:0001bac0       _CM_HeadnodeForBox         0041cac0 f   cmodel.obj
 0001:0001bba0       _CM_PointLeafnum_r         0041cba0 f   cmodel.obj
 0001:0001bc60       _CM_PointLeafnum           0041cc60 f   cmodel.obj
 0001:0001bc90       _CM_BoxLeafnums_r          0041cc90 f   cmodel.obj
 0001:0001bdf0       _CM_BoxLeafnums_headnode   0041cdf0 f   cmodel.obj
 0001:0001be60       _CM_BoxLeafnums            0041ce60 f   cmodel.obj
 0001:0001bea0       _CM_PointContents          0041cea0 f   cmodel.obj
 0001:0001bee0       _CM_TransformedPointContents 0041cee0 f   cmodel.obj
 0001:0001c000       _CM_ClipBoxToBrush         0041d000 f   cmodel.obj
 0001:0001c320       _CM_TestBoxInBrush         0041d320 f   cmodel.obj
 0001:0001c470       _CM_TraceToLeaf            0041d470 f   cmodel.obj
 0001:0001c550       _CM_TestInLeaf             0041d550 f   cmodel.obj
 0001:0001c630       _CM_RecursiveHullCheck     0041d630 f   cmodel.obj
 0001:0001ca30       _CM_BoxTrace               0041da30 f   cmodel.obj
 0001:0001cf20       _CM_TransformedBoxTrace    0041df20 f   cmodel.obj
 0001:0001d2a0       _CM_DecompressVis          0041e2a0 f   cmodel.obj
 0001:0001d390       _CM_ClusterPVS             0041e390 f   cmodel.obj
 0001:0001d3f0       _CM_ClusterPHS             0041e3f0 f   cmodel.obj
 0001:0001d450       _FloodArea_r               0041e450 f   cmodel.obj
 0001:0001d510       _FloodAreaConnections      0041e510 f   cmodel.obj
 0001:0001d590       _CM_SetAreaPortalState     0041e590 f   cmodel.obj
 0001:0001d5d0       _CM_AreasConnected         0041e5d0 f   cmodel.obj
 0001:0001d650       _CM_WriteAreaBits          0041e650 f   cmodel.obj
 0001:0001d720       _CM_WritePortalState       0041e720 f   cmodel.obj
 0001:0001d750       _CM_ReadPortalState        0041e750 f   cmodel.obj
 0001:0001d780       _CM_HeadnodeVisible        0041e780 f   cmodel.obj
 0001:0001d820       _Com_BeginRedirect         0041e820 f   common.obj
 0001:0001d880       _Com_EndRedirect           0041e880 f   common.obj
 0001:0001d8d0       _Com_Printf                0041e8d0 f   common.obj
 0001:0001da60       _Com_DPrintf               0041ea60 f   common.obj
 0001:0001daf0       _Com_Error                 0041eaf0 f   common.obj
 0001:0001dc20       _Com_Quit                  0041ec20 f   common.obj
 0001:0001dc70       _Com_ServerState           0041ec70 f   common.obj
 0001:0001dc90       _Com_SetServerState        0041ec90 f   common.obj
 0001:0001dcb0       _MSG_WriteChar             0041ecb0 f   common.obj
 0001:0001dce0       _MSG_WriteByte             0041ece0 f   common.obj
 0001:0001dd10       _MSG_WriteShort            0041ed10 f   common.obj
 0001:0001dd50       _MSG_WriteLong             0041ed50 f   common.obj
 0001:0001ddb0       _MSG_WriteFloat            0041edb0 f   common.obj
 0001:0001ddf0       _MSG_WriteString           0041edf0 f   common.obj
 0001:0001de40       _MSG_WriteCoord            0041ee40 f   common.obj
 0001:0001de70       _MSG_WritePos              0041ee70 f   common.obj
 0001:0001dee0       _MSG_WriteAngle            0041eee0 f   common.obj
 0001:0001df20       _MSG_WriteAngle16          0041ef20 f   common.obj
 0001:0001df60       _MSG_WriteDeltaUsercmd     0041ef60 f   common.obj
 0001:0001e170       _MSG_WriteDir              0041f170 f   common.obj
 0001:0001e230       _MSG_ReadDir               0041f230 f   common.obj
 0001:0001e2a0       _MSG_WriteDeltaEntity      0041f2a0 f   common.obj
 0001:0001ea10       _MSG_BeginReading          0041fa10 f   common.obj
 0001:0001ea30       _MSG_ReadChar              0041fa30 f   common.obj
 0001:0001ea80       _MSG_ReadByte              0041fa80 f   common.obj
 0001:0001ead0       _MSG_ReadShort             0041fad0 f   common.obj
 0001:0001eb40       _MSG_ReadLong              0041fb40 f   common.obj
 0001:0001ebe0       _MSG_ReadFloat             0041fbe0 f   common.obj
 0001:0001ec80       _MSG_ReadString            0041fc80 f   common.obj
 0001:0001ecf0       _MSG_ReadStringLine        0041fcf0 f   common.obj
 0001:0001ed60       _MSG_ReadCoord             0041fd60 f   common.obj
 0001:0001ed90       _MSG_ReadPos               0041fd90 f   common.obj
 0001:0001ee00       _MSG_ReadAngle             0041fe00 f   common.obj
 0001:0001ee30       _MSG_ReadAngle16           0041fe30 f   common.obj
 0001:0001ee60       _MSG_ReadDeltaUsercmd      0041fe60 f   common.obj
 0001:0001ef90       _MSG_ReadData              0041ff90 f   common.obj
 0001:0001efd0       _SZ_Init                   0041ffd0 f   common.obj
 0001:0001f010       _SZ_Clear                  00420010 f   common.obj
 0001:0001f040       _SZ_GetSpace               00420040 f   common.obj
 0001:0001f0e0       _SZ_Write                  004200e0 f   common.obj
 0001:0001f120       _SZ_Print                  00420120 f   common.obj
 0001:0001f1d0       _COM_CheckParm             004201d0 f   common.obj
 0001:0001f230       _COM_Argc                  00420230 f   common.obj
 0001:0001f250       _COM_Argv                  00420250 f   common.obj
 0001:0001f290       _COM_ClearArgv             00420290 f   common.obj
 0001:0001f2d0       _COM_InitArgv              004202d0 f   common.obj
 0001:0001f370       _COM_AddParm               00420370 f   common.obj
 0001:0001f3c0       _memsearch                 004203c0 f   common.obj
 0001:0001f410       _CopyString                00420410 f   common.obj
 0001:0001f450       _Info_Print                00420450 f   common.obj
 0001:0001f5f0       _Z_Free                    004205f0 f   common.obj
 0001:0001f670       _Z_Stats_f                 00420670 f   common.obj
 0001:0001f6a0       _Z_FreeTags                004206a0 f   common.obj
 0001:0001f6f0       _Z_TagMalloc               004206f0 f   common.obj
 0001:0001f7b0       _Z_Malloc                  004207b0 f   common.obj
 0001:0001f7d0       _COM_BlockSequenceCheckByte 004207d0 f   common.obj
 0001:0001f7f0       _COM_BlockSequenceCRCByte  004207f0 f   common.obj
 0001:0001f900       _frand                     00420900 f   common.obj
 0001:0001f930       _crand                     00420930 f   common.obj
 0001:0001f970       _Com_Error_f               00420970 f   common.obj
 0001:0001f9a0       _Qcommon_Init              004209a0 f   common.obj
 0001:0001fc10       _Qcommon_Frame             00420c10 f   common.obj
 0001:0001feb0       _Qcommon_Shutdown          00420eb0 f   common.obj
 0001:0001fec0       _CCheckParm                00420ec0 f   conproc.obj
 0001:0001ff30       _InitConProc               00420f30 f   conproc.obj
 0001:000200e0       _DeinitConProc             004210e0 f   conproc.obj
 0001:00020110       _RequestProc@4             00421110 f   conproc.obj
 0001:00020260       _GetMappedBuffer           00421260 f   conproc.obj
 0001:00020290       _ReleaseMappedBuffer       00421290 f   conproc.obj
 0001:000202b0       _GetScreenBufferLines      004212b0 f   conproc.obj
 0001:000202f0       _SetScreenBufferLines      004212f0 f   conproc.obj
 0001:00020320       _ReadText                  00421320 f   conproc.obj
 0001:00020380       _WriteText                 00421380 f   conproc.obj
 0001:00020480       _CharToCode                00421480 f   conproc.obj
 0001:000204f0       _SetConsoleCXCY            004214f0 f   conproc.obj
 0001:000206c0       _DrawString                004216c0 f   console.obj
 0001:00020710       _DrawAltString             00421710 f   console.obj
 0001:00020760       _Key_ClearTyping           00421760 f   console.obj
 0001:00020790       _Con_ToggleConsole_f       00421790 f   console.obj
 0001:00020850       _Con_ToggleChat_f          00421850 f   console.obj
 0001:000208a0       _Con_Clear_f               004218a0 f   console.obj
 0001:000208d0       _Con_Dump_f                004218d0 f   console.obj
 0001:00020b10       _Con_ClearNotify           00421b10 f   console.obj
 0001:00020b50       _Con_MessageMode_f         00421b50 f   console.obj
 0001:00020b80       _Con_MessageMode2_f        00421b80 f   console.obj
 0001:00020bb0       _Con_CheckResize           00421bb0 f   console.obj
 0001:00020d50       _Con_Init                  00421d50 f   console.obj
 0001:00020e10       _Con_Linefeed              00421e10 f   console.obj
 0001:00020e80       _Con_Print                 00421e80 f   console.obj
 0001:00021030       _Con_CenteredPrint         00422030 f   console.obj
 0001:000210d0       _Con_DrawInput             004220d0 f   console.obj
 0001:000211f0       _Con_DrawNotify            004221f0 f   console.obj
 0001:00021410       _Con_DrawConsole           00422410 f   console.obj
 0001:00021880       _CRC_Init                  00422880 f   crc.obj
 0001:000218a0       _CRC_ProcessByte           004228a0 f   crc.obj
 0001:000218e0       _CRC_Value                 004228e0 f   crc.obj
 0001:00021900       _CRC_Block                 00422900 f   crc.obj
 0001:00021960       _Cvar_VariableValue        00422960 f   cvar.obj
 0001:000219f0       _Cvar_VariableString       004229f0 f   cvar.obj
 0001:00021a30       _Cvar_CompleteVariable     00422a30 f   cvar.obj
 0001:00021ad0       _Cvar_Get                  00422ad0 f   cvar.obj
 0001:00021c50       _Cvar_Set2                 00422c50 f   cvar.obj
 0001:00021e80       _Cvar_ForceSet             00422e80 f   cvar.obj
 0001:00021eb0       _Cvar_Set                  00422eb0 f   cvar.obj
 0001:00021ee0       _Cvar_FullSet              00422ee0 f   cvar.obj
 0001:00021f80       _Cvar_SetValue             00422f80 f   cvar.obj
 0001:00022010       _Cvar_GetLatchedVars       00423010 f   cvar.obj
 0001:000220b0       _Cvar_Command              004230b0 f   cvar.obj
 0001:00022130       _Cvar_Set_f                00423130 f   cvar.obj
 0001:00022210       _Cvar_WriteVariables       00423210 f   cvar.obj
 0001:000222d0       _Cvar_List_f               004232d0 f   cvar.obj
 0001:00022400       _Cvar_BitInfo              00423400 f   cvar.obj
 0001:00022460       _Cvar_Userinfo             00423460 f   cvar.obj
 0001:00022480       _Cvar_Serverinfo           00423480 f   cvar.obj
 0001:000224a0       _Cvar_Init                 004234a0 f   cvar.obj
 0001:000224e0       _FS_filelength             004234e0 f   files.obj
 0001:00022540       _FS_CreatePath             00423540 f   files.obj
 0001:000225a0       _FS_FCloseFile             004235a0 f   files.obj
 0001:000225c0       _Developer_searchpath      004235c0 f   files.obj
 0001:00022650       _FS_FOpenFile              00423650 f   files.obj
 0001:00022930       _FS_Read                   00423930 f   files.obj
 0001:000229f0       _FS_LoadFile               004239f0 f   files.obj
 0001:00022a90       _FS_FreeFile               00423a90 f   files.obj
 0001:00022ab0       _FS_LoadPackFile           00423ab0 f   files.obj
 0001:00022cc0       _FS_AddGameDirectory       00423cc0 f   files.obj
 0001:00022dc0       _FS_Gamedir                00423dc0 f   files.obj
 0001:00022de0       _FS_ExecAutoexec           00423de0 f   files.obj
 0001:00022e90       _FS_SetGamedir             00423e90 f   files.obj
 0001:000230a0       _FS_Link_f                 004240a0 f   files.obj
 0001:000231f0       _FS_ListFiles              004241f0 f   files.obj
 0001:00023340       _FS_Dir_f                  00424340 f   files.obj
 0001:00023560       _FS_Path_f                 00424560 f   files.obj
 0001:00023640       _FS_NextPath               00424640 f   files.obj
 0001:000236b0       _FS_InitFilesystem         004246b0 f   files.obj
 0001:000237c0       _IN_MLookDown              004247c0 f   in_win.obj
 0001:000237e0       _IN_MLookUp                004247e0 f   in_win.obj
 0001:00023830       _IN_ActivateMouse          00424830 f   in_win.obj
 0001:000239a0       _IN_DeactivateMouse        004249a0 f   in_win.obj
 0001:00023a10       _IN_StartupMouse           00424a10 f   in_win.obj
 0001:00023a80       _IN_MouseEvent             00424a80 f   in_win.obj
 0001:00023b40       _IN_MouseMove              00424b40 f   in_win.obj
 0001:00023d30       _IN_Init                   00424d30 f   in_win.obj
 0001:00023fc0       _IN_Shutdown               00424fc0 f   in_win.obj
 0001:00023fe0       _IN_Activate               00424fe0 f   in_win.obj
 0001:00024010       _IN_Frame                  00425010 f   in_win.obj
 0001:00024090       _IN_Move                   00425090 f   in_win.obj
 0001:000240d0       _IN_ClearStates            004250d0 f   in_win.obj
 0001:00024100       _IN_StartupJoystick        00425100 f   in_win.obj
 0001:000242b0       _RawValuePointer           004252b0 f   in_win.obj
 0001:00024320       _Joy_AdvancedUpdate_f      00425320 f   in_win.obj
 0001:00024590       _IN_Commands               00425590 f   in_win.obj
 0001:00024780       _IN_ReadJoystick           00425780 f   in_win.obj
 0001:000247e0       _IN_JoyMove                004257e0 f   in_win.obj
 0001:00024c30       _CompleteCommand           00425c30 f   keys.obj
 0001:00024d20       _Key_Console               00425d20 f   keys.obj
 0001:000252c0       _Key_Message               004262c0 f   keys.obj
 0001:000253d0       _Key_StringToKeynum        004263d0 f   keys.obj
 0001:00025450       _Key_KeynumToString        00426450 f   keys.obj
 0001:000254d0       _Key_SetBinding            004264d0 f   keys.obj
 0001:00025560       _Key_Unbind_f              00426560 f   keys.obj
 0001:000255d0       _Key_Unbindall_f           004265d0 f   keys.obj
 0001:00025620       _Key_Bind_f                00426620 f   keys.obj
 0001:00025770       _Key_WriteBindings         00426770 f   keys.obj
 0001:000257f0       _Key_Bindlist_f            004267f0 f   keys.obj
 0001:00025860       _Key_Init                  00426860 f   keys.obj
 0001:00025bb0       _Key_Event                 00426bb0 f   keys.obj
 0001:00025ff0       _Key_ClearStates           00426ff0 f   keys.obj
 0001:00026070       _Key_GetKey                00427070 f   keys.obj
 0001:000260a0       _MD4Init                   004270a0 f   md4.obj
 0001:000260f0       _MD4Update                 004270f0 f   md4.obj
 0001:00026200       _MD4Final                  00427200 f   md4.obj
 0001:00026d40       _Com_BlockChecksum         00427d40 f   md4.obj
 0001:00026db0       _M_PushMenu                00427db0 f   menu.obj
 0001:00026ec0       _M_ForceMenuOff            00427ec0 f   menu.obj
 0001:00026f10       _M_PopMenu                 00427f10 f   menu.obj
 0001:00026f90       _Default_MenuKey           00427f90 f   menu.obj
 0001:00027210       _M_DrawCharacter           00428210 f   menu.obj
 0001:00027260       _M_Print                   00428260 f   menu.obj
 0001:000272b0       _M_PrintWhite              004282b0 f   menu.obj
 0001:00027300       _M_DrawPic                 00428300 f   menu.obj
 0001:00027350       _M_DrawCursor              00428350 f   menu.obj
 0001:00027400       _M_DrawTextBox             00428400 f   menu.obj
 0001:00027570       _M_Main_Draw               00428570 f   menu.obj
 0001:00027780       _M_Main_Key                00428780 f   menu.obj
 0001:00027920       _M_Menu_Main_f             00428920 f   menu.obj
 0001:00027950       _Multiplayer_MenuInit      00428950 f   menu.obj
 0001:00027af0       _Multiplayer_MenuKey       00428af0 f   menu.obj
 0001:00027b20       _M_Menu_Multiplayer_f      00428b20 f   menu.obj
 0001:00027bf0       _M_Menu_Keys_f             00428bf0 f   menu.obj
 0001:00028be0       _Options_MenuInit          00429be0 f   menu.obj
 0001:000297f0       _Options_MenuDraw          0042a7f0 f   menu.obj
 0001:00029830       _Options_MenuKey           0042a830 f   menu.obj
 0001:00029860       _M_Menu_Options_f          0042a860 f   menu.obj
 0001:00029890       _M_Menu_Video_f            0042a890 f   menu.obj
 0001:000298c0       _M_Credits_MenuDraw        0042a8c0 f   menu.obj
 0001:00029a60       _M_Credits_Key             0042aa60 f   menu.obj
 0001:00029aa0       _M_Menu_Credits_f          0042aaa0 f   menu.obj
 0001:00029c10       _Game_MenuInit             0042ac10 f   menu.obj
 0001:00029fb0       _Game_MenuDraw             0042afb0 f   menu.obj
 0001:00029ff0       _Game_MenuKey              0042aff0 f   menu.obj
 0001:0002a020       _M_Menu_Game_f             0042b020 f   menu.obj
 0001:0002a060       _Create_Savestrings        0042b060 f   menu.obj
 0001:0002a150       _LoadGameCallback          0042b150 f   menu.obj
 0001:0002a1a0       _LoadGame_MenuInit         0042b1a0 f   menu.obj
 0001:0002a2c0       _LoadGame_MenuDraw         0042b2c0 f   menu.obj
 0001:0002a2f0       _LoadGame_MenuKey          0042b2f0 f   menu.obj
 0001:0002a340       _M_Menu_LoadGame_f         0042b340 f   menu.obj
 0001:0002a370       _SaveGameCallback          0042b370 f   menu.obj
 0001:0002a3b0       _SaveGame_MenuDraw         0042b3b0 f   menu.obj
 0001:0002a3f0       _SaveGame_MenuInit         0042b3f0 f   menu.obj
 0001:0002a4f0       _SaveGame_MenuKey          0042b4f0 f   menu.obj
 0001:0002a540       _M_Menu_SaveGame_f         0042b540 f   menu.obj
 0001:0002a580       _M_AddToServerList         0042b580 f   menu.obj
 0001:0002a650       _JoinServerFunc            0042b650 f   menu.obj
 0001:0002a720       _AddressBookFunc           0042b720 f   menu.obj
 0001:0002a740       _NullCursorDraw            0042b740 f   menu.obj
 0001:0002a750       _SearchLocalGames          0042b750 f   menu.obj
 0001:0002a7f0       _SearchLocalGamesFunc      0042b7f0 f   menu.obj
 0001:0002a810       _JoinServer_MenuInit       0042b810 f   menu.obj
 0001:0002aa30       _JoinServer_MenuDraw       0042ba30 f   menu.obj
 0001:0002aa60       _JoinServer_MenuKey        0042ba60 f   menu.obj
 0001:0002aa90       _M_Menu_JoinServer_f       0042ba90 f   menu.obj
 0001:0002aac0       _DMOptionsFunc             0042bac0 f   menu.obj
 0001:0002aae0       _RulesChangeFunc           0042bae0 f   menu.obj
 0001:0002ab80       _StartServerActionFunc     0042bb80 f   menu.obj
 0001:0002af10       _StartServer_MenuInit      0042bf10 f   menu.obj
 0001:0002b610       _StartServer_MenuDraw      0042c610 f   menu.obj
 0001:0002b630       _StartServer_MenuKey       0042c630 f   menu.obj
 0001:0002b6c0       _M_Menu_StartServer_f      0042c6c0 f   menu.obj
 0001:0002b6f0       _DMOptions_MenuInit        0042c6f0 f   menu.obj
 0001:0002c220       _DMOptions_MenuDraw        0042d220 f   menu.obj
 0001:0002c240       _DMOptions_MenuKey         0042d240 f   menu.obj
 0001:0002c270       _M_Menu_DMOptions_f        0042d270 f   menu.obj
 0001:0002c2a0       _DownloadOptions_MenuInit  0042d2a0 f   menu.obj
 0001:0002c6b0       _DownloadOptions_MenuDraw  0042d6b0 f   menu.obj
 0001:0002c6d0       _DownloadOptions_MenuKey   0042d6d0 f   menu.obj
 0001:0002c700       _M_Menu_DownloadOptions_f  0042d700 f   menu.obj
 0001:0002c730       _AddressBook_MenuInit      0042d730 f   menu.obj
 0001:0002c8c0       _AddressBook_MenuKey       0042d8c0 f   menu.obj
 0001:0002c950       _AddressBook_MenuDraw      0042d950 f   menu.obj
 0001:0002c980       _M_Menu_AddressBook_f      0042d980 f   menu.obj
 0001:0002c9b0       _DownloadOptionsFunc       0042d9b0 f   menu.obj
 0001:0002c9d0       _PlayerConfig_MenuInit     0042d9d0 f   menu.obj
 0001:0002d890       _PlayerConfig_MenuDraw     0042e890 f   menu.obj
 0001:0002dbb0       _PlayerConfig_MenuKey      0042ebb0 f   menu.obj
 0001:0002dd40       _M_Menu_PlayerConfig_f     0042ed40 f   menu.obj
 0001:0002dd90       _M_Quit_Key                0042ed90 f   menu.obj
 0001:0002de50       _M_Quit_Draw               0042ee50 f   menu.obj
 0001:0002dea0       _M_Menu_Quit_f             0042eea0 f   menu.obj
 0001:0002ded0       _M_Init                    0042eed0 f   menu.obj
 0001:0002e000       _M_Draw                    0042f000 f   menu.obj
 0001:0002e080       _M_Keydown                 0042f080 f   menu.obj
 0001:0002e0c0       _Netchan_Init              0042f0c0 f   net_chan.obj
 0001:0002e140       _Netchan_OutOfBand         0042f140 f   net_chan.obj
 0001:0002e1e0       _Netchan_OutOfBandPrint    0042f1e0 f   net_chan.obj
 0001:0002e260       _Netchan_Setup             0042f260 f   net_chan.obj
 0001:0002e300       _Netchan_CanReliable       0042f300 f   net_chan.obj
 0001:0002e330       _Netchan_NeedReliable      0042f330 f   net_chan.obj
 0001:0002e390       _Netchan_Transmit          0042f390 f   net_chan.obj
 0001:0002e650       _Netchan_Process           0042f650 f   net_chan.obj
 0001:0002e880       _NetadrToSockadr           0042f880 f   net_wins.obj
 0001:0002e9a0       _SockadrToNetadr           0042f9a0 f   net_wins.obj
 0001:0002ea40       _NET_CompareAdr            0042fa40 f   net_wins.obj
 0001:0002eaf0       _NET_CompareBaseAdr        0042faf0 f   net_wins.obj
 0001:0002eb80       _NET_AdrToString           0042fb80 f   net_wins.obj
 0001:0002ec50       _NET_StringToSockaddr      0042fc50 f   net_wins.obj
 0001:0002f010       _NET_StringToAdr           00430010 f   net_wins.obj
 0001:0002f0a0       _NET_IsLocalAddress        004300a0 f   net_wins.obj
 0001:0002f0c0       _NET_GetLoopPacket         004300c0 f   net_wins.obj
 0001:0002f1c0       _NET_SendLoopPacket        004301c0 f   net_wins.obj
 0001:0002f240       _NET_GetPacket             00430240 f   net_wins.obj
 0001:0002f3d0       _NET_SendPacket            004303d0 f   net_wins.obj
 0001:0002f5c0       _NET_IPSocket              004305c0 f   net_wins.obj
 0001:0002f740       _NET_OpenIP                00430740 f   net_wins.obj
 0001:0002f8f0       _NET_IPXSocket             004308f0 f   net_wins.obj
 0001:0002fa40       _NET_OpenIPX               00430a40 f   net_wins.obj
 0001:0002fba0       _NET_Config                00430ba0 f   net_wins.obj
 0001:0002fc80       _NET_Sleep                 00430c80 f   net_wins.obj
 0001:0002fda0       _NET_Init                  00430da0 f   net_wins.obj
 0001:0002fe40       _NET_Shutdown              00430e40 f   net_wins.obj
 0001:0002fe60       _NET_ErrorString           00430e60 f   net_wins.obj
 0001:00030180       _PM_ClipVelocity           00431180 f   pmove.obj
 0001:00030240       _PM_StepSlideMove_         00431240 f   pmove.obj
 0001:00030630       _PM_StepSlideMove          00431630 f   pmove.obj
 0001:000308d0       _PM_Friction               004318d0 f   pmove.obj
 0001:00030a50       _PM_Accelerate             00431a50 f   pmove.obj
 0001:00030b10       _PM_AirAccelerate          00431b10 f   pmove.obj
 0001:00030bf0       _PM_AddCurrents            00431bf0 f   pmove.obj
 0001:00030f60       _PM_WaterMove              00431f60 f   pmove.obj
 0001:000310b0       _PM_AirMove                004320b0 f   pmove.obj
 0001:000313a0       _PM_CatagorizePosition     004323a0 f   pmove.obj
 0001:00031700       _PM_CheckJump              00432700 f   pmove.obj
 0001:00031850       _PM_CheckSpecialMovement   00432850 f   pmove.obj
 0001:00031a10       _PM_FlyMove                00432a10 f   pmove.obj
 0001:00031db0       _PM_CheckDuck              00432db0 f   pmove.obj
 0001:00031fa0       _PM_DeadMove               00432fa0 f   pmove.obj
 0001:00032040       _PM_GoodPosition           00433040 f   pmove.obj
 0001:00032120       _PM_SnapPosition           00433120 f   pmove.obj
 0001:00032350       _PM_InitialSnapPosition    00433350 f   pmove.obj
 0001:00032500       _PM_ClampAngles            00433500 f   pmove.obj
 0001:00032670       _Pmove                     00433670 f   pmove.obj
 0001:00032a20       _RotatePointAroundVector   00433a20 f   q_shared.obj
 0001:00032c60       _AngleVectors              00433c60 f   q_shared.obj
 0001:00032e50       _ProjectPointOnPlane       00433e50 f   q_shared.obj
 0001:00032f10       _PerpendicularVector       00433f10 f   q_shared.obj
 0001:00032fd0       _R_ConcatRotations         00433fd0 f   q_shared.obj
 0001:00033180       _R_ConcatTransforms        00434180 f   q_shared.obj
 0001:000333d0       _Q_fabs                    004343d0 f   q_shared.obj
 0001:00033400       _Q_ftol                    00434400 f   q_shared.obj
 0001:00033410       _LerpAngle                 00434410 f   q_shared.obj
 0001:00033470       _anglemod                  00434470 f   q_shared.obj
 0001:000334b0       _BoxOnPlaneSide2           004344b0 f   q_shared.obj
 0001:000335c0       _BoxOnPlaneSide            004345c0 f   q_shared.obj
 0001:00033840       _ClearBounds               00434840 f   q_shared.obj
 0001:000338a0       _AddPointToBounds          004348a0 f   q_shared.obj
 0001:00033920       _VectorCompare             00434920 f   q_shared.obj
 0001:00033980       _VectorNormalize           00434980 f   q_shared.obj
 0001:00033a20       _VectorNormalize2          00434a20 f   q_shared.obj
 0001:00033ac0       _VectorMA                  00434ac0 f   q_shared.obj
 0001:00033b10       __DotProduct               00434b10 f   q_shared.obj
 0001:00033b50       __VectorSubtract           00434b50 f   q_shared.obj
 0001:00033ba0       __VectorAdd                00434ba0 f   q_shared.obj
 0001:00033bf0       __VectorCopy               00434bf0 f   q_shared.obj
 0001:00033c30       _CrossProduct              00434c30 f   q_shared.obj
 0001:00033ca0       _VectorLength              00434ca0 f   q_shared.obj
 0001:00033d00       _VectorInverse             00434d00 f   q_shared.obj
 0001:00033d40       _VectorScale               00434d40 f   q_shared.obj
 0001:00033d80       _Q_log2                    00434d80 f   q_shared.obj
 0001:00033db0       _COM_SkipPath              00434db0 f   q_shared.obj
 0001:00033e00       _COM_StripExtension        00434e00 f   q_shared.obj
 0001:00033e50       _COM_FileExtension         00434e50 f   q_shared.obj
 0001:00033ef0       _COM_FileBase              00434ef0 f   q_shared.obj
 0001:00033fa0       _COM_FilePath              00434fa0 f   q_shared.obj
 0001:00034010       _COM_DefaultExtension      00435010 f   q_shared.obj
 0001:00034080       _BigShort                  00435080 f   q_shared.obj
 0001:000340a0       _LittleShort               004350a0 f   q_shared.obj
 0001:000340c0       _BigLong                   004350c0 f   q_shared.obj
 0001:000340e0       _LittleLong                004350e0 f   q_shared.obj
 0001:00034100       _BigFloat                  00435100 f   q_shared.obj
 0001:00034120       _LittleFloat               00435120 f   q_shared.obj
 0001:00034140       _ShortSwap                 00435140 f   q_shared.obj
 0001:00034180       _ShortNoSwap               00435180 f   q_shared.obj
 0001:000341a0       _LongSwap                  004351a0 f   q_shared.obj
 0001:00034210       _LongNoSwap                00435210 f   q_shared.obj
 0001:00034230       _FloatSwap                 00435230 f   q_shared.obj
 0001:00034270       _FloatNoSwap               00435270 f   q_shared.obj
 0001:00034290       _Swap_Init                 00435290 f   q_shared.obj
 0001:00034340       _va                        00435340 f   q_shared.obj
 0001:00034380       _COM_Parse                 00435380 f   q_shared.obj
 0001:00034500       _Com_PageInMemory          00435500 f   q_shared.obj
 0001:00034550       _Q_stricmp                 00435550 f   q_shared.obj
 0001:00034580       _Q_strncasecmp             00435580 f   q_shared.obj
 0001:00034610       _Q_strcasecmp              00435610 f   q_shared.obj
 0001:00034640       _Com_sprintf               00435640 f   q_shared.obj
 0001:000346d0       _Info_ValueForKey          004356d0 f   q_shared.obj
 0001:00034840       _Info_RemoveKey            00435840 f   q_shared.obj
 0001:000349a0       _Info_Validate             004359a0 f   q_shared.obj
 0001:000349f0       _Info_SetValueForKey       004359f0 f   q_shared.obj
 0001:00034c10       _Hunk_Begin                00435c10 f   q_shwin.obj
 0001:00034c70       _Hunk_Alloc                00435c70 f   q_shwin.obj
 0001:00034d20       _Hunk_End                  00435d20 f   q_shwin.obj
 0001:00034d50       _Hunk_Free                 00435d50 f   q_shwin.obj
 0001:00034d90       _Sys_Milliseconds          00435d90 f   q_shwin.obj
 0001:00034de0       _Sys_Mkdir                 00435de0 f   q_shwin.obj
 0001:00034e00       _Sys_FindFirst             00435e00 f   q_shwin.obj
 0001:00034fc0       _Sys_FindNext              00435fc0 f   q_shwin.obj
 0001:00035060       _Sys_FindClose             00436060 f   q_shwin.obj
 0001:000350a0       _Field_DoEnter             004360a0 f   qmenu.obj
 0001:000350e0       _Field_Draw                004360e0 f   qmenu.obj
 0001:000353f0       _Field_Key                 004363f0 f   qmenu.obj
 0001:00035840       _Menu_AddItem              00436840 f   qmenu.obj
 0001:000358b0       _Menu_AdjustCursor         004368b0 f   qmenu.obj
 0001:000359b0       _Menu_Center               004369b0 f   qmenu.obj
 0001:000359f0       _Menu_Draw                 004369f0 f   qmenu.obj
 0001:00035e10       _Menu_DrawString           00436e10 f   qmenu.obj
 0001:00035e70       _Menu_DrawStringDark       00436e70 f   qmenu.obj
 0001:00035ed0       _Menu_DrawStringR2L        00436ed0 f   qmenu.obj
 0001:00035f40       _Menu_DrawStringR2LDark    00436f40 f   qmenu.obj
 0001:00035fb0       _Menu_ItemAtCursor         00436fb0 f   qmenu.obj
 0001:00035ff0       _Menu_SelectItem           00436ff0 f   qmenu.obj
 0001:000360b0       _Menu_SetStatusBar         004370b0 f   qmenu.obj
 0001:000360d0       _Menu_SlideItem            004370d0 f   qmenu.obj
 0001:00036130       _Menu_TallySlots           00437130 f   qmenu.obj
 0001:00036710       _S_SoundInfo_f             00437710 f   snd_dma.obj
 0001:000367d0       _S_Init                    004377d0 f   snd_dma.obj
 0001:00036980       _S_Shutdown                00437980 f   snd_dma.obj
 0001:00036a50       _S_FindName                00437a50 f   snd_dma.obj
 0001:00036bb0       _S_AliasName               00437bb0 f   snd_dma.obj
 0001:00036c90       _S_BeginRegistration       00437c90 f   snd_dma.obj
 0001:00036cc0       _S_RegisterSound           00437cc0 f   snd_dma.obj
 0001:00036d20       _S_EndRegistration         00437d20 f   snd_dma.obj
 0001:00036e30       _S_PickChannel             00437e30 f   snd_dma.obj
 0001:00036f50       _S_SpatializeOrigin        00437f50 f   snd_dma.obj
 0001:000370b0       _S_Spatialize              004380b0 f   snd_dma.obj
 0001:00037160       _S_AllocPlaysound          00438160 f   snd_dma.obj
 0001:000371b0       _S_FreePlaysound           004381b0 f   snd_dma.obj
 0001:00037210       _S_IssuePlaysound          00438210 f   snd_dma.obj
 0001:00037360       _S_RegisterSexedSound      00438360 f   snd_dma.obj
 0001:000374d0       _S_StartSound              004384d0 f   snd_dma.obj
 0001:00037740       _S_StartLocalSound         00438740 f   snd_dma.obj
 0001:000377b0       _S_ClearBuffer             004387b0 f   snd_dma.obj
 0001:00037830       _S_StopAllSounds           00438830 f   snd_dma.obj
 0001:00037920       _S_AddLoopSounds           00438920 f   snd_dma.obj
 0001:00037c40       _S_RawSamples              00438c40 f   snd_dma.obj
 0001:00037f80       _S_Update                  00438f80 f   snd_dma.obj
 0001:00038190       _GetSoundtime              00439190 f   snd_dma.obj
 0001:00038220       _S_Update_                 00439220 f   snd_dma.obj
 0001:00038310       _S_Play                    00439310 f   snd_dma.obj
 0001:00038410       _S_SoundList               00439410 f   snd_dma.obj
 0001:00038530       _ResampleSfx               00439530 f   snd_mem.obj
 0001:000386e0       _S_LoadSound               004396e0 f   snd_mem.obj
 0001:000388e0       _GetLittleShort            004398e0 f   snd_mem.obj
 0001:00038930       _GetLittleLong             00439930 f   snd_mem.obj
 0001:000389a0       _FindNextChunk             004399a0 f   snd_mem.obj
 0001:00038a60       _FindChunk                 00439a60 f   snd_mem.obj
 0001:00038a90       _DumpChunks                00439a90 f   snd_mem.obj
 0001:00038b40       _GetWavinfo                00439b40 f   snd_mem.obj
 0001:00038e50       _S_WriteLinearBlastStereo16 00439e50 f   snd_mix.obj
 0001:00038ed0       _S_TransferStereo16        00439ed0 f   snd_mix.obj
 0001:00038f80       _S_TransferPaintBuffer     00439f80 f   snd_mix.obj
 0001:00039190       _S_PaintChannels           0043a190 f   snd_mix.obj
 0001:000394a0       _S_InitScaletable          0043a4a0 f   snd_mix.obj
 0001:00039530       _S_PaintChannelFrom8       0043a530 f   snd_mix.obj
 0001:00039640       _S_PaintChannelFrom16      0043a640 f   snd_mix.obj
 0001:00039710       _FreeSound                 0043a710 f   snd_win.obj
 0001:000399c0       _SNDDMA_InitDirect         0043a9c0 f   snd_win.obj
 0001:0003a070       _SNDDMA_InitWav            0043b070 f   snd_win.obj
 0001:0003a450       _SNDDMA_Init               0043b450 f   snd_win.obj
 0001:0003a5c0       _SNDDMA_GetDMAPos          0043b5c0 f   snd_win.obj
 0001:0003a650       _SNDDMA_BeginPainting      0043b650 f   snd_win.obj
 0001:0003a7f0       _SNDDMA_Submit             0043b7f0 f   snd_win.obj
 0001:0003a930       _SNDDMA_Shutdown           0043b930 f   snd_win.obj
 0001:0003a950       _S_Activate                0043b950 f   snd_win.obj
 0001:0003a9b0       _SV_SetMaster_f            0043b9b0 f   sv_ccmds.obj
 0001:0003ab70       _SV_SetPlayer              0043bb70 f   sv_ccmds.obj
 0001:0003acf0       _SV_WipeSavegame           0043bcf0 f   sv_ccmds.obj
 0001:0003ae70       _CopyFile                  0043be70 f   sv_ccmds.obj
 0001:0003af60       _SV_CopySaveGame           0043bf60 f   sv_ccmds.obj
 0001:0003b1f0       _SV_WriteLevelFile         0043c1f0 f   sv_ccmds.obj
 0001:0003b300       _SV_ReadLevelFile          0043c300 f   sv_ccmds.obj
 0001:0003b410       _SV_WriteServerFile        0043c410 f   sv_ccmds.obj
 0001:0003b760       _SV_ReadServerFile         0043c760 f   sv_ccmds.obj
 0001:0003b8f0       _SV_DemoMap_f              0043c8f0 f   sv_ccmds.obj
 0001:0003b920       _SV_GameMap_f              0043c920 f   sv_ccmds.obj
 0001:0003bb20       _SV_Map_f                  0043cb20 f   sv_ccmds.obj
 0001:0003bbd0       _SV_Loadgame_f             0043cbd0 f   sv_ccmds.obj
 0001:0003bd40       _SV_Savegame_f             0043cd40 f   sv_ccmds.obj
 0001:0003bec0       _SV_Kick_f                 0043cec0 f   sv_ccmds.obj
 0001:0003bf60       _SV_Status_f               0043cf60 f   sv_ccmds.obj
 0001:0003c1d0       _SV_ConSay_f               0043d1d0 f   sv_ccmds.obj
 0001:0003c2c0       _SV_Heartbeat_f            0043d2c0 f   sv_ccmds.obj
 0001:0003c2e0       _SV_Serverinfo_f           0043d2e0 f   sv_ccmds.obj
 0001:0003c310       _SV_DumpUser_f             0043d310 f   sv_ccmds.obj
 0001:0003c370       _SV_ServerRecord_f         0043d370 f   sv_ccmds.obj
 0001:0003c610       _SV_ServerStop_f           0043d610 f   sv_ccmds.obj
 0001:0003c660       _SV_KillServer_f           0043d660 f   sv_ccmds.obj
 0001:0003c6a0       _SV_ServerCommand_f        0043d6a0 f   sv_ccmds.obj
 0001:0003c6e0       _SV_InitOperatorCommands   0043d6e0 f   sv_ccmds.obj
 0001:0003c830       _SV_EmitPacketEntities     0043d830 f   sv_ents.obj
 0001:0003ca50       _SV_WritePlayerstateToClient 0043da50 f   sv_ents.obj
 0001:0003d240       _SV_WriteFrameToClient     0043e240 f   sv_ents.obj
 0001:0003d380       _SV_FatPVS                 0043e380 f   sv_ents.obj
 0001:0003d5c0       _SV_BuildClientFrame       0043e5c0 f   sv_ents.obj
 0001:0003d980       _SV_RecordDemoMessage      0043e980 f   sv_ents.obj
 0001:0003db40       _PF_Unicast                0043eb40 f   sv_game.obj
 0001:0003dc00       _PF_dprintf                0043ec00 f   sv_game.obj
 0001:0003dc70       _PF_cprintf                0043ec70 f   sv_game.obj
 0001:0003dd70       _PF_centerprintf           0043ed70 f   sv_game.obj
 0001:0003de40       _PF_error                  0043ee40 f   sv_game.obj
 0001:0003deb0       _PF_setmodel               0043eeb0 f   sv_game.obj
 0001:0003df70       _PF_Configstring           0043ef70 f   sv_game.obj
 0001:0003e020       _PF_WriteChar              0043f020 f   sv_game.obj
 0001:0003e050       _PF_WriteByte              0043f050 f   sv_game.obj
 0001:0003e080       _PF_WriteShort             0043f080 f   sv_game.obj
 0001:0003e0b0       _PF_WriteLong              0043f0b0 f   sv_game.obj
 0001:0003e0e0       _PF_WriteFloat             0043f0e0 f   sv_game.obj
 0001:0003e110       _PF_WriteString            0043f110 f   sv_game.obj
 0001:0003e140       _PF_WritePos               0043f140 f   sv_game.obj
 0001:0003e170       _PF_WriteDir               0043f170 f   sv_game.obj
 0001:0003e1a0       _PF_WriteAngle             0043f1a0 f   sv_game.obj
 0001:0003e1d0       _PF_inPVS                  0043f1d0 f   sv_game.obj
 0001:0003e290       _PF_inPHS                  0043f290 f   sv_game.obj
 0001:0003e350       _PF_StartSound             0043f350 f   sv_game.obj
 0001:0003e3a0       _SV_ShutdownGameProgs      0043f3a0 f   sv_game.obj
 0001:0003e3e0       _SV_InitGameProgs          0043f3e0 f   sv_game.obj
 0001:0003e5c0       _SV_FindIndex              0043f5c0 f   sv_init.obj
 0001:0003e6e0       _SV_ModelIndex             0043f6e0 f   sv_init.obj
 0001:0003e710       _SV_SoundIndex             0043f710 f   sv_init.obj
 0001:0003e740       _SV_ImageIndex             0043f740 f   sv_init.obj
 0001:0003e770       _SV_CreateBaseline         0043f770 f   sv_init.obj
 0001:0003e830       _SV_CheckForSavegame       0043f830 f   sv_init.obj
 0001:0003e950       _SV_SpawnServer            0043f950 f   sv_init.obj
 0001:0003eca0       _SV_InitGame               0043fca0 f   sv_init.obj
 0001:0003efe0       _SV_Map                    0043ffe0 f   sv_init.obj
 0001:0003f280       _SV_DropClient             00440280 f   sv_main.obj
 0001:0003f310       _SV_StatusString           00440310 f   sv_main.obj
 0001:0003f490       _SVC_Status                00440490 f   sv_main.obj
 0001:0003f4f0       _SVC_Ack                   004404f0 f   sv_main.obj
 0001:0003f550       _SVC_Info                  00440550 f   sv_main.obj
 0001:0003f6a0       _SVC_Ping                  004406a0 f   sv_main.obj
 0001:0003f6f0       _SVC_GetChallenge          004406f0 f   sv_main.obj
 0001:0003f880       _SVC_DirectConnect         00440880 f   sv_main.obj
 0001:000401e0       _Rcon_Validate             004411e0 f   sv_main.obj
 0001:00040240       _SVC_RemoteCommand         00441240 f   sv_main.obj
 0001:000403b0       _SV_ConnectionlessPacket   004413b0 f   sv_main.obj
 0001:00040570       _SV_CalcPings              00441570 f   sv_main.obj
 0001:00040660       _SV_GiveMsec               00441660 f   sv_main.obj
 0001:000406d0       _SV_ReadPackets            004416d0 f   sv_main.obj
 0001:000408b0       _SV_CheckTimeouts          004418b0 f   sv_main.obj
 0001:000409d0       _SV_PrepWorldFrame         004419d0 f   sv_main.obj
 0001:00040a30       _SV_RunGameFrame           00441a30 f   sv_main.obj
 0001:00040b10       _SV_Frame                  00441b10 f   sv_main.obj
 0001:00040c00       _Master_Heartbeat          00441c00 f   sv_main.obj
 0001:00040d40       _Master_Shutdown           00441d40 f   sv_main.obj
 0001:00040e40       _SV_UserinfoChanged        00441e40 f   sv_main.obj
 0001:00040fa0       _SV_Init                   00441fa0 f   sv_main.obj
 0001:00041250       _SV_FinalMessage           00442250 f   sv_main.obj
 0001:00041390       _SV_Shutdown               00442390 f   sv_main.obj
 0001:00041460       _SV_FlushRedirect          00442460 f   sv_send.obj
 0001:00041510       _SV_ClientPrintf           00442510 f   sv_send.obj
 0001:000415b0       _SV_BroadcastPrintf        004425b0 f   sv_send.obj
 0001:00041750       _SV_BroadcastCommand       00442750 f   sv_send.obj
 0001:000417e0       _SV_Multicast              004427e0 f   sv_send.obj
 0001:00041a60       _SV_StartSound             00442a60 f   sv_send.obj
 0001:00041db0       _SV_SendClientDatagram     00442db0 f   sv_send.obj
 0001:00041ef0       _SV_DemoCompleted          00442ef0 f   sv_send.obj
 0001:00041f30       _SV_RateDrop               00442f30 f   sv_send.obj
 0001:00041fd0       _SV_SendClientMessages     00442fd0 f   sv_send.obj
 0001:00042220       _SV_BeginDemoserver        00443220 f   sv_user.obj
 0001:000422a0       _SV_New_f                  004432a0 f   sv_user.obj
 0001:00042480       _SV_Configstrings_f        00443480 f   sv_user.obj
 0001:00042630       _SV_Baselines_f            00443630 f   sv_user.obj
 0001:000427f0       _SV_Begin_f                004437f0 f   sv_user.obj
 0001:00042870       _SV_NextDownload_f         00443870 f   sv_user.obj
 0001:000429c0       _SV_BeginDownload_f        004439c0 f   sv_user.obj
 0001:00042cd0       _SV_Disconnect_f           00443cd0 f   sv_user.obj
 0001:00042cf0       _SV_ShowServerinfo_f       00443cf0 f   sv_user.obj
 0001:00042d10       _SV_Nextserver             00443d10 f   sv_user.obj
 0001:00042db0       _SV_Nextserver_f           00443db0 f   sv_user.obj
 0001:00042e20       _SV_ExecuteUserCommand     00443e20 f   sv_user.obj
 0001:00042ec0       _SV_ClientThink            00443ec0 f   sv_user.obj
 0001:00042f40       _SV_ExecuteClientMessage   00443f40 f   sv_user.obj
 0001:000432d0       _ClearLink                 004442d0 f   sv_world.obj
 0001:00043300       _RemoveLink                00444300 f   sv_world.obj
 0001:00043330       _InsertLinkBefore          00444330 f   sv_world.obj
 0001:00043370       _SV_CreateAreaNode         00444370 f   sv_world.obj
 0001:00043520       _SV_ClearWorld             00444520 f   sv_world.obj
 0001:00043570       _SV_UnlinkEdict            00444570 f   sv_world.obj
 0001:000435b0       _SV_LinkEdict              004445b0 f   sv_world.obj
 0001:00043da0       _SV_AreaEdicts_r           00444da0 f   sv_world.obj
 0001:00043f60       _SV_AreaEdicts             00444f60 f   sv_world.obj
 0001:00043fc0       _SV_PointContents          00444fc0 f   sv_world.obj
 0001:000440e0       _SV_HullForEntity          004450e0 f   sv_world.obj
 0001:00044150       _SV_ClipMoveToEntities     00445150 f   sv_world.obj
 0001:000443f0       _SV_TraceBounds            004453f0 f   sv_world.obj
 0001:000444d0       _SV_Trace                  004454d0 f   sv_world.obj
 0001:00044630       _Sys_Error                 00445630 f   sys_win.obj
 0001:000446c0       _Sys_Quit                  004456c0 f   sys_win.obj
 0001:00044720       _WinError                  00445720 f   sys_win.obj
 0001:00044770       _Sys_ScanForCD             00445770 f   sys_win.obj
 0001:00044860       _Sys_CopyProtect           00445860 f   sys_win.obj
 0001:000448a0       _Sys_Init                  004458a0 f   sys_win.obj
 0001:000449a0       _Sys_ConsoleInput          004459a0 f   sys_win.obj
 0001:00044b80       _Sys_ConsoleOutput         00445b80 f   sys_win.obj
 0001:00044c80       _Sys_SendKeyEvents         00445c80 f   sys_win.obj
 0001:00044cf0       _Sys_GetClipboardData      00445cf0 f   sys_win.obj
 0001:00044d80       _Sys_AppActivate           00445d80 f   sys_win.obj
 0001:00044db0       _Sys_UnloadGame            00445db0 f   sys_win.obj
 0001:00044df0       _Sys_GetGameAPI            00445df0 f   sys_win.obj
 0001:00044fe0       _ParseCommandLine          00445fe0 f   sys_win.obj
 0001:000450c0       _WinMain@16                004460c0 f   sys_win.obj
 0001:000452a0       _VID_Printf                004462a0 f   vid_dll.obj
 0001:00045360       _VID_Error                 00446360 f   vid_dll.obj
 0001:000453d0       _MapKey                    004463d0 f   vid_dll.obj
 0001:00045520       _AppActivate               00446520 f   vid_dll.obj
 0001:000456a0       _MainWndProc@16            004466a0 f   vid_dll.obj
 0001:00045be0       _VID_Restart_f             00446be0 f   vid_dll.obj
 0001:00045c00       _VID_Front_f               00446c00 f   vid_dll.obj
 0001:00045c30       _VID_GetModeInfo           00446c30 f   vid_dll.obj
 0001:00045c80       _VID_UpdateWindowPosAndSize 00446c80 f   vid_dll.obj
 0001:00045d20       _VID_NewWindow             00446d20 f   vid_dll.obj
 0001:00045d50       _VID_FreeReflib            00446d50 f   vid_dll.obj
 0001:00045db0       _VID_LoadRefresh           00446db0 f   vid_dll.obj
 0001:00045fb0       _VID_CheckChanges          00446fb0 f   vid_dll.obj
 0001:00046150       _VID_Init                  00447150 f   vid_dll.obj
 0001:00046230       _VID_Shutdown              00447230 f   vid_dll.obj
 0001:00046260       _VID_MenuInit              00447260 f   vid_menu.obj
 0001:00046c10       _VID_MenuDraw              00447c10 f   vid_menu.obj
 0001:00046cb0       _VID_MenuKey               00447cb0 f   vid_menu.obj
 0001:000471e0       _x86_TimerStart            004481e0 f   x86.obj
 0001:000471f0       _x86_TimerStop             004481f0 f   x86.obj
 0001:00047220       _x86_TimerInit             00448220 f   x86.obj
 0001:000472e0       _x86_TimerGetHistogram     004482e0 f   x86.obj
 0001:000472f6       _mciSendCommandA@16        004482f6 f   winmm:WINMM.dll
 0001:000472fc       _joyGetDevCapsA@12         004482fc f   winmm:WINMM.dll
 0001:00047302       _joyGetPosEx@8             00448302 f   winmm:WINMM.dll
 0001:00047308       _joyGetNumDevs@0           00448308 f   winmm:WINMM.dll
 0001:0004730e       _timeGetTime@0             0044830e f   winmm:WINMM.dll
 0001:00047314       _waveOutClose@4            00448314 f   winmm:WINMM.dll
 0001:0004731a       _waveOutUnprepareHeader@12 0044831a f   winmm:WINMM.dll
 0001:00047320       _waveOutReset@4            00448320 f   winmm:WINMM.dll
 0001:00047326       _waveOutPrepareHeader@12   00448326 f   winmm:WINMM.dll
 0001:0004732c       _waveOutOpen@24            0044832c f   winmm:WINMM.dll
 0001:00047332       _waveOutWrite@12           00448332 f   winmm:WINMM.dll
 0001:00047338       _timeEndPeriod@4           00448338 f   winmm:WINMM.dll
 0001:0004733e       _timeBeginPeriod@4         0044833e f   winmm:WINMM.dll
 0001:00047344       _ntohs@4                   00448344 f   wsock32:WSOCK32.dll
 0001:0004734a       _gethostbyname@4           0044834a f   wsock32:WSOCK32.dll
 0001:00047350       _inet_addr@4               00448350 f   wsock32:WSOCK32.dll
 0001:00047356       _htons@4                   00448356 f   wsock32:WSOCK32.dll
 0001:0004735c       _WSAGetLastError@0         0044835c f   wsock32:WSOCK32.dll
 0001:00047362       _recvfrom@24               00448362 f   wsock32:WSOCK32.dll
 0001:00047368       _sendto@24                 00448368 f   wsock32:WSOCK32.dll
 0001:0004736e       _closesocket@4             0044836e f   wsock32:WSOCK32.dll
 0001:00047374       _bind@12                   00448374 f   wsock32:WSOCK32.dll
 0001:0004737a       _setsockopt@20             0044837a f   wsock32:WSOCK32.dll
 0001:00047380       _ioctlsocket@12            00448380 f   wsock32:WSOCK32.dll
 0001:00047386       _socket@12                 00448386 f   wsock32:WSOCK32.dll
 0001:0004738c       _select@20                 0044838c f   wsock32:WSOCK32.dll
 0001:00047392       _WSAStartup@8              00448392 f   wsock32:WSOCK32.dll
 0001:00047398       _WSACleanup@0              00448398 f   wsock32:WSOCK32.dll
 0001:0004739e       _GetStdHandle@4            0044839e f   kernel32:KERNEL32.dll
 0001:000473a4       _CloseHandle@4             004483a4 f   kernel32:KERNEL32.dll
 0001:000473aa       _CreateEventA@16           004483aa f   kernel32:KERNEL32.dll
 0001:000473b0       _SetEvent@4                004483b0 f   kernel32:KERNEL32.dll
 0001:000473b6       _WaitForMultipleObjects@16 004483b6 f   kernel32:KERNEL32.dll
 0001:000473bc       _MapViewOfFile@20          004483bc f   kernel32:KERNEL32.dll
 0001:000473c2       _UnmapViewOfFile@4         004483c2 f   kernel32:KERNEL32.dll
 0001:000473c8       _GetConsoleScreenBufferInfo@8 004483c8 f   kernel32:KERNEL32.dll
 0001:000473ce       _ReadConsoleOutputCharacterA@20 004483ce f   kernel32:KERNEL32.dll
 0001:000473d4       _WriteConsoleInputA@16     004483d4 f   kernel32:KERNEL32.dll
 0001:000473da       _SetConsoleScreenBufferSize@8 004483da f   kernel32:KERNEL32.dll
 0001:000473e0       _SetConsoleWindowInfo@12   004483e0 f   kernel32:KERNEL32.dll
 0001:000473e6       _GetLargestConsoleWindowSize@4 004483e6 f   kernel32:KERNEL32.dll
 0001:000473ec       _VirtualAlloc@16           004483ec f   kernel32:KERNEL32.dll
 0001:000473f2       _FormatMessageA@28         004483f2 f   kernel32:KERNEL32.dll
 0001:000473f8       _GetLastError@0            004483f8 f   kernel32:KERNEL32.dll
 0001:000473fe       _VirtualFree@12            004483fe f   kernel32:KERNEL32.dll
 0001:00047404       _FreeLibrary@4             00448404 f   kernel32:KERNEL32.dll
 0001:0004740a       _GlobalFree@4              0044840a f   kernel32:KERNEL32.dll
 0001:00047410       _GlobalUnlock@4            00448410 f   kernel32:KERNEL32.dll
 0001:00047416       _GetProcAddress@8          00448416 f   kernel32:KERNEL32.dll
 0001:0004741c       _LoadLibraryA@4            0044841c f   kernel32:KERNEL32.dll
 0001:00047422       _GlobalLock@4              00448422 f   kernel32:KERNEL32.dll
 0001:00047428       _GlobalAlloc@8             00448428 f   kernel32:KERNEL32.dll
 0001:0004742e       _FreeConsole@0             0044842e f   kernel32:KERNEL32.dll
 0001:00047434       _LocalFree@4               00448434 f   kernel32:KERNEL32.dll
 0001:0004743a       _GetDriveTypeA@4           0044843a f   kernel32:KERNEL32.dll
 0001:00047440       _SetErrorMode@4            00448440 f   kernel32:KERNEL32.dll
 0001:00047446       _AllocConsole@0            00448446 f   kernel32:KERNEL32.dll
 0001:0004744c       _GetVersionExA@4           0044844c f   kernel32:KERNEL32.dll
 0001:00047452       _WriteFile@20              00448452 f   kernel32:KERNEL32.dll
 0001:00047458       _ReadConsoleInputA@16      00448458 f   kernel32:KERNEL32.dll
 0001:0004745e       _GetNumberOfConsoleInputEvents@8 0044845e f   kernel32:KERNEL32.dll
 0001:00047464       _GlobalSize@4              00448464 f   kernel32:KERNEL32.dll
 0001:0004746a       _Sleep@4                   0044846a f   kernel32:KERNEL32.dll
 0001:00047470       _OutputDebugStringA@4      00448470 f   kernel32:KERNEL32.dll
 0001:00047476       _ShowCursor@4              00448476 f   user32:USER32.dll
 0001:0004747c       _ClipCursor@4              0044847c f   user32:USER32.dll
 0001:00047482       _SetCapture@4              00448482 f   user32:USER32.dll
 0001:00047488       _SetCursorPos@8            00448488 f   user32:USER32.dll
 0001:0004748e       _GetWindowRect@8           0044848e f   user32:USER32.dll
 0001:00047494       _GetSystemMetrics@4        00448494 f   user32:USER32.dll
 0001:0004749a       _SystemParametersInfoA@16  0044849a f   user32:USER32.dll
 0001:000474a0       _ReleaseCapture@0          004484a0 f   user32:USER32.dll
 0001:000474a6       _GetCursorPos@4            004484a6 f   user32:USER32.dll
 0001:000474ac       _MessageBoxA@16            004484ac f   user32:USER32.dll
 0001:000474b2       _DispatchMessageA@4        004484b2 f   user32:USER32.dll
 0001:000474b8       _TranslateMessage@4        004484b8 f   user32:USER32.dll
 0001:000474be       _GetMessageA@16            004484be f   user32:USER32.dll
 0001:000474c4       _PeekMessageA@20           004484c4 f   user32:USER32.dll
 0001:000474ca       _CloseClipboard@0          004484ca f   user32:USER32.dll
 0001:000474d0       _GetClipboardData@4        004484d0 f   user32:USER32.dll
 0001:000474d6       _OpenClipboard@4           004484d6 f   user32:USER32.dll
 0001:000474dc       _SetForegroundWindow@4     004484dc f   user32:USER32.dll
 0001:000474e2       _ShowWindow@8              004484e2 f   user32:USER32.dll
 0001:000474e8       _RegisterHotKey@16         004484e8 f   user32:USER32.dll
 0001:000474ee       _UnregisterHotKey@8        004484ee f   user32:USER32.dll
 0001:000474f4       _AdjustWindowRect@12       004484f4 f   user32:USER32.dll
 0001:000474fa       _GetWindowLongA@8          004484fa f   user32:USER32.dll
 0001:00047500       _RegisterWindowMessageA@4  00448500 f   user32:USER32.dll
 0001:00047506       _DefWindowProcA@16         00448506 f   user32:USER32.dll
 0001:0004750c       _SetWindowLongA@12         0044850c f   user32:USER32.dll
 0001:00047512       _MoveWindow@24             00448512 f   user32:USER32.dll
 0001:00047520       __ftol2_sse                00448520 f   MSVCRTD:ftol2.obj
 0001:00047529       __ftol2_pentium4           00448529 f   MSVCRTD:ftol2.obj
 0001:0004753c       __ftol2_sse_excpt          0044853c f   MSVCRTD:ftol2.obj
 0001:00047556       __ftol2                    00448556 f   MSVCRTD:ftol2.obj
 0001:000475cc       _atoi                      004485cc f   MSVCRTD:MSVCR90D.dll
 0001:000475d2       _memcpy                    004485d2 f   MSVCRTD:MSVCR90D.dll
 0001:000475d8       _fclose                    004485d8 f   MSVCRTD:MSVCR90D.dll
 0001:000475de       _memset                    004485de f   MSVCRTD:MSVCR90D.dll
 0001:000475f0       @__security_check_cookie@4 004485f0 f   MSVCRTD:secchk.obj
 0001:00047600       _fread                     00448600 f   MSVCRTD:MSVCR90D.dll
 0001:00047610       __alloca_probe             00448610     MSVCRTD:chkstk.obj
 0001:00047610       __chkstk                   00448610 f   MSVCRTD:chkstk.obj
 0001:0004763c       _strcmp                    0044863c f   MSVCRTD:MSVCR90D.dll
 0001:00047642       _strstr                    00448642 f   MSVCRTD:MSVCR90D.dll
 0001:00047648       _abs                       00448648 f   MSVCRTD:MSVCR90D.dll
 0001:0004764e       _strcpy                    0044864e f   MSVCRTD:MSVCR90D.dll
 0001:00047654       _strchr                    00448654 f   MSVCRTD:MSVCR90D.dll
 0001:0004765a       _sin                       0044865a f   MSVCRTD:MSVCR90D.dll
 0001:00047660       _strncmp                   00448660 f   MSVCRTD:MSVCR90D.dll
 0001:00047666       _rand                      00448666 f   MSVCRTD:MSVCR90D.dll
 0001:0004766c       _fabs                      0044866c f   MSVCRTD:MSVCR90D.dll
 0001:00047672       _strlen                    00448672 f   MSVCRTD:MSVCR90D.dll
 0001:00047678       _cos                       00448678 f   MSVCRTD:MSVCR90D.dll
 0001:0004767e       _floor                     0044867e f   MSVCRTD:MSVCR90D.dll
 0001:00047684       _fwrite                    00448684 f   MSVCRTD:MSVCR90D.dll
 0001:0004768a       _fopen                     0044868a f   MSVCRTD:MSVCR90D.dll
 0001:00047690       _getenv                    00448690 f   MSVCRTD:MSVCR90D.dll
 0001:00047696       _strcat                    00448696 f   MSVCRTD:MSVCR90D.dll
 0001:0004769c       _strncpy                   0044869c f   MSVCRTD:MSVCR90D.dll
 0001:000476a2       _sprintf                   004486a2 f   MSVCRTD:MSVCR90D.dll
 0001:000476a8       _fprintf                   004486a8 f   MSVCRTD:MSVCR90D.dll
 0001:000476ae       _printf                    004486ae f   MSVCRTD:MSVCR90D.dll
 0001:000476b4       _sqrt                      004486b4 f   MSVCRTD:MSVCR90D.dll
 0001:000476ba       _atan2                     004486ba f   MSVCRTD:MSVCR90D.dll
 0001:000476c0       _fmod                      004486c0 f   MSVCRTD:MSVCR90D.dll
 0001:000476c6       _ftell                     004486c6 f   MSVCRTD:MSVCR90D.dll
 0001:000476cc       _fseek                     004486cc f   MSVCRTD:MSVCR90D.dll
 0001:000476d2       _rename                    004486d2 f   MSVCRTD:MSVCR90D.dll
 0001:000476d8       _atof                      004486d8 f   MSVCRTD:MSVCR90D.dll
[...]
 0003:005de580       _numbrushes                00a32580     <common>
 0003:005de584       _emptyleaf                 00a32584     <common>
 0003:005de588       _numentitychars            00a32588     <common>
 0003:005de58c       _map_noareas               00a3258c     <common>
 0003:005de590       _numbrushsides             00a32590     <common>
 0003:005de594       _box_planes                00a32594     <common>
 0003:005de5a0       _trace_start               00a325a0     <common>
 0003:005de5c0       _map_entitystring          00a325c0     <common>
 0003:0061e5c0       _alias_count               00a725c0     <common>
 0003:0061e5c4       _cmd_wait                  00a725c4     <common>
 0003:0061e5c8       _cmd_alias                 00a725c8     <common>
 0003:0061e5e0       _cmd_text_buf              00a725e0     <common>
 0003:006205e0       _defer_text_buf            00a745e0     <common>
 0003:006225e0       _cmd_text                  00a765e0     <common>
 0003:006225f8       _r_numentities             00a765f8     <common>
 0003:006225fc       _cl_testblend              00a765fc     <common>
 0003:00622600       _r_numparticles            00a76600     <common>
 0003:00622604       _gun_frame                 00a76604     <common>
 0003:00622620       _r_entities                00a76620     <common>
 0003:00624a20       _cl_testentities           00a78a20     <common>
 0003:00624a40       _cl_weaponmodels           00a78a40     <common>
 0003:00624f40       _cl_stats                  00a78f40     <common>
 0003:00624f44       _r_numdlights              00a78f44     <common>
 0003:00624f60       _r_lightstyles             00a78f60     <common>
 0003:00625f60       _gun_model                 00a79f60     <common>
 0003:00625f64       _cl_testlights             00a79f64     <common>
 0003:00625f80       _r_dlights                 00a79f80     <common>
 0003:00626300       _r_particles               00a7a300     <common>
 0003:0063a300       _cl_testparticles          00a8e300     <common>
 0003:0063a304       _num_cl_weaponmodels       00a8e304     <common>
 0003:0063a308       _crosshair                 00a8e308     <common>
 0003:0063a30c       _cl_mod_plasmaexplo        00a8e30c     <common>
 0003:0063a310       _cl_sfx_railg              00a8e310     <common>
 0003:0063a320       _cl_beams                  00a8e320     <common>
 0003:0063a9a0       _cl_sfx_watrexp            00a8e9a0     <common>
 0003:0063a9c0       _cl_lasers                 00a8e9c0     <common>
 0003:0063b340       _cl_sfx_grenexp            00a8f340     <common>
 0003:0063b344       _cl_sfx_plasexp            00a8f344     <common>
 0003:0063b360       _cl_explosions             00a8f360     <common>
 0003:0063c060       _cl_playerbeams            00a90060     <common>
 0003:0063c6e0       _cl_mod_explo4             00a906e0     <common>
 0003:0063c6e4       _cl_mod_lightning          00a906e4     <common>
 0003:0063c6e8       _cl_sfx_lashit             00a906e8     <common>
 0003:0063c6ec       _cl_sfx_disrexp            00a906ec     <common>
 0003:0063c6f0       _cl_sfx_spark6             00a906f0     <common>
 0003:0063c700       _cl_sfx_footsteps          00a90700     <common>
 0003:0063c710       _cl_sfx_spark5             00a90710     <common>
 0003:0063c714       _cl_sfx_ric1               00a90714     <common>
 0003:0063c718       _cl_mod_parasite_segment   00a90718     <common>
 0003:0063c71c       _cl_mod_bfg_explo          00a9071c     <common>
 0003:0063c720       _cl_sfx_lightning          00a90720     <common>
 0003:0063c740       _cl_sustains               00a90740     <common>
 0003:0063cec0       _cl_mod_powerscreen        00a90ec0     <common>
 0003:0063cec4       _cl_mod_smoke              00a90ec4     <common>
 0003:0063cec8       _cl_sfx_ric2               00a90ec8     <common>
 0003:0063cecc       _cl_mod_parasite_tip       00a90ecc     <common>
 0003:0063ced0       _cl_mod_heatbeam           00a90ed0     <common>
 0003:0063ced4       _cl_sfx_spark7             00a90ed4     <common>
 0003:0063ced8       _cl_mod_explo4_big         00a90ed8     <common>
 0003:0063cedc       _cl_sfx_ric3               00a90edc     <common>
 0003:0063cee0       _cl_mod_flash              00a90ee0     <common>
 0003:0063cee4       _cl_mod_explode            00a90ee4     <common>
 0003:0063cee8       _cl_mod_monster_heatbeam   00a90ee8     <common>
 0003:0063ceec       _cl_mod_grapple_cable      00a90eec     <common>
 0003:0063cef0       _cl_sfx_rockexp            00a90ef0     <common>
 0003:0063cf00       _scr_vrect                 00a90f00     <common>
 0003:0063cf10       _scr_graphscale            00a90f10     <common>
 0003:0063cf14       _crosshair_height          00a90f14     <common>
 0003:0063cf20       _scr_centerstring          00a90f20     <common>
 0003:0063d320       _crosshair_pic             00a91320     <common>
 0003:0063d360       _scr_showpause             00a91360     <common>
 0003:0063d364       _scr_draw_loading          00a91364     <common>
 0003:0063d368       _scr_showturtle            00a91368     <common>
 0003:0063d36c       _scr_centertime_off        00a9136c     <common>
 0003:0063d370       _scr_graphshift            00a91370     <common>
 0003:0063d380       _scr_old_dirty             00a91380     <common>
 0003:0063d3a0       _scr_graphheight           00a913a0     <common>
 0003:0063d3a4       _scr_centertime_start      00a913a4     <common>
 0003:0063d3a8       _crosshair_width           00a913a8     <common>
 0003:0063d3ac       _scr_debuggraph            00a913ac     <common>
 0003:0063d3b0       _scr_drawall               00a913b0     <common>
 0003:0063d3b4       _scr_conspeed              00a913b4     <common>
 0003:0063d3b8       _scr_con_current           00a913b8     <common>
 0003:0063d3bc       _scr_timegraph             00a913bc     <common>
 0003:0063d3c0       _scr_conlines              00a913c0     <common>
 0003:0063d3c4       _scr_printspeed            00a913c4     <common>
 0003:0063d3c8       _scr_initialized           00a913c8     <common>
 0003:0063d3cc       _scr_erase_center          00a913cc     <common>
 0003:0063d3d0       _scr_dirty                 00a913d0     <common>
 0003:0063d3e0       _scr_center_lines          00a913e0     <common>
 0003:0063d3e4       _scr_centertime            00a913e4     <common>
 0003:0063d3e8       _scr_viewsize              00a913e8     <common>
 0003:0063d3ec       _scr_netgraph              00a913ec     <common>
 0003:0063d3f0       _fov                       00a913f0     <common>
 0003:0063d3f4       _sensitivity               00a913f4     <common>
 0003:0063d3f8       _cl_maxfps                 00a913f8     <common>
 0003:0063d3fc       _adr4                      00a913fc     <common>
 0003:0063d400       _freelook                  00a91400     <common>
 0003:0063d404       _adr7                      00a91404     <common>
 0003:0063d408       _precache_model            00a91408     <common>
 0003:0063d40c       _precache_model_skin       00a9140c     <common>
 0003:0063d410       _cl_add_blend              00a91410     <common>
 0003:0063d414       _cl_add_lights             00a91414     <common>
 0003:0063d418       _gender                    00a91418     <common>
 0003:0063d420       _cl_parse_entities         00a91420     <common>
 0003:00652420       _cl_gun                    00aa6420     <common>
 0003:00652424       _info_password             00aa6424     <common>
 0003:00652428       _cl_footsteps              00aa6428     <common>
 0003:00652440       _cl                        00aa6440     <common>
 0003:00687c24       _cl_paused                 00adbc24     <common>
 0003:00687c28       _cl_timeout                00adbc28     <common>
 0003:00687c2c       _m_yaw                     00adbc2c     <common>
 0003:00687c30       _lookspring                00adbc30     <common>
 0003:00687c40       _cl_entities               00adbc40     <common>
 0003:006ccc40       _skin                      00b20c40     <common>
 0003:006ccc44       _m_pitch                   00b20c44     <common>
 0003:006ccc48       _cl_autoskins              00b20c48     <common>
 0003:006ccc4c       _cl_shownet                00b20c4c     <common>
 0003:006ccc50       _adr0                      00b20c50     <common>
 0003:006ccc54       _adr3                      00b20c54     <common>
 0003:006ccc58       _precache_spawncount       00b20c58     <common>
 0003:006ccc5c       _cl_vwep                   00b20c5c     <common>
 0003:006ccc60       _cls                       00b20c60     <common>
 0003:006cd95c       _numcheatvars              00b2195c     <common>
 0003:006cd960       _info_spectator            00b21960     <common>
 0003:006cd964       _gender_auto               00b21964     <common>
 0003:006cd968       _adr6                      00b21968     <common>
 0003:006cd96c       _msg                       00b2196c     <common>
 0003:006cd970       _cl_noskins                00b21970     <common>
 0003:006cd974       _m_forward                 00b21974     <common>
 0003:006cd978       _cl_lightlevel             00b21978     <common>
 0003:006cd97c       _precache_check            00b2197c     <common>
 0003:006cd980       _cl_timedemo               00b21980     <common>
 0003:006cd984       _precache_tex              00b21984     <common>
 0003:006cd988       _adr2                      00b21988     <common>
 0003:006cd98c       _adr5                      00b2198c     <common>
 0003:006cd990       _rate                      00b21990     <common>
 0003:006cd994       _rcon_address              00b21994     <common>
 0003:006cd998       _cl_showmiss               00b21998     <common>
 0003:006cd99c       _cl_showclamp              00b2199c     <common>
 0003:006cd9a0       _name                      00b219a0     <common>
 0003:006cd9a4       _lookstrafe                00b219a4     <common>
 0003:006cd9a8       _m_side                    00b219a8     <common>
 0003:006cd9ac       _cl_stereo_separation      00b219ac     <common>
 0003:006cd9b0       _hand                      00b219b0     <common>
 0003:006cd9b4       _cl_add_entities           00b219b4     <common>
 0003:006cd9b8       _adr1                      00b219b8     <common>
 0003:006cd9bc       _cl_stereo                 00b219bc     <common>
 0003:006cd9c0       _cl_add_particles          00b219c0     <common>
 0003:006cd9c4       _adr8                      00b219c4     <common>
 0003:006cd9c8       _cl_predict                00b219c8     <common>
 0003:006cd9cc       _rcon_client_password      00b219cc     <common>
 0003:006cd9e0       _in_up                     00b219e0     <common>
 0003:006cda00       _in_forward                00b21a00     <common>
 0003:006cda20       _in_klook                  00b21a20     <common>
 0003:006cda40       _in_right                  00b21a40     <common>
 0003:006cda54       _cl_nodelta                00b21a54     <common>
 0003:006cda58       _cl_yawspeed               00b21a58     <common>
 0003:006cda60       _in_attack                 00b21a60     <common>
 0003:006cda80       _in_lookdown               00b21a80     <common>
 0003:006cdaa0       _in_left                   00b21aa0     <common>
 0003:006cdac0       _in_moveleft               00b21ac0     <common>
 0003:006cdad4       _cl_upspeed                00b21ad4     <common>
 0003:006cdad8       _cl_sidespeed              00b21ad8     <common>
 0003:006cdae0       _in_down                   00b21ae0     <common>
 0003:006cdb00       _in_strafe                 00b21b00     <common>
 0003:006cdb14       _frame_msec                00b21b14     <common>
 0003:006cdb18       _old_sys_frame_time        00b21b18     <common>
 0003:006cdb20       _in_speed                  00b21b20     <common>
 0003:006cdb34       _cl_pitchspeed             00b21b34     <common>
 0003:006cdb40       _in_lookup                 00b21b40     <common>
 0003:006cdb54       _cl_run                    00b21b54     <common>
 0003:006cdb58       _in_impulse                00b21b58     <common>
 0003:006cdb5c       _cl_forwardspeed           00b21b5c     <common>
 0003:006cdb60       _in_moveright              00b21b60     <common>
 0003:006cdb80       _in_use                    00b21b80     <common>
 0003:006cdb94       _cl_anglespeedkey          00b21b94     <common>
 0003:006cdba0       _in_back                   00b21ba0     <common>
 0003:006cdbb4       _active_particles          00b21bb4     <common>
 0003:006cdbc0       _particles                 00b21bc0     <common>
 0003:00709bc0       _free_particles            00b5dbc0     <common>
 0003:00709be0       _cl_dlights                00b5dbe0     <common>
 0003:0070a160       _lastofs                   00b5e160     <common>
 0003:0070a180       _cl_lightstyle             00b5e180     <common>
 0003:0071b180       _bitcounts                 00b6f180     <common>
 0003:0071b200       _vidref_val                00b6f200     <common>
 0003:0071b220       _cin                       00b6f220     <common>
 0003:0071c644       _cd_nocd                   00b70644     <common>
 0003:0071c648       _cd_loopcount              00b70648     <common>
 0003:0071c64c       _cd_looptrack              00b7064c     <common>
 0003:0071c650       _wDeviceID                 00b70650     <common>
 0003:0071c654       _loopcounter               00b70654     <common>
 0003:0071c658       ___native_startup_state    00b70658     <common>
 0003:0071c65c       ___native_startup_lock     00b7065c     <common>
 0003:0071c660       ___onexitend               00b70660     <common>
 0003:0071c664       ___onexitbegin             00b70664     <common>
 0003:0071c668       __adjust_fdiv              00b70668     <common>
 0003:0071c66c       ___sse2_available          00b7066c     <common>
 0003:0071c670       ___dyn_tls_init_callback   00b70670     <common>

 entry point at        0001:000478b0

 Static symbols

 0001:000001c0       _CDAudio_GetAudioDiskInfo  004011c0 f   cd_win.obj
 0001:00000780       _CD_f                      00401780 f   cd_win.obj
 0001:00000b10       _CDAudio_Eject             00401b10 f   cd_win.obj
 0001:00000b60       _CDAudio_CloseDoor         00401b60 f   cd_win.obj
 0001:00014a00       _SCR_CalcVrect             00415a00 f   cl_scrn.obj
 0001:000219a0       _Cvar_FindVar              004229a0 f   cvar.obj
 0001:00021be0       _Cvar_InfoValidate         00422be0 f   cvar.obj
 0001:000262c0       _MD4Transform              004272c0 f   md4.obj
 0001:00026c10       _Encode                    00427c10 f   md4.obj
 0001:00026cc0       _Decode                    00427cc0 f   md4.obj
 0001:00027a90       _PlayerSetupFunc           00428a90 f   menu.obj
 0001:00027ab0       _JoinNetworkServerFunc     00428ab0 f   menu.obj
 0001:00027ad0       _StartNetworkServerFunc    00428ad0 f   menu.obj
 0001:00027b50       _Multiplayer_MenuDraw      00428b50 f   menu.obj
 0001:00027b90       _M_Banner                  00428b90 f   menu.obj
 0001:00027c20       _Keys_MenuInit             00428c20 f   menu.obj
 0001:00028690       _KeyCursorDrawFunc         00429690 f   menu.obj
 0001:00028700       _DrawKeyBindingFunc        00429700 f   menu.obj
 0001:00028830       _M_FindKeysForCommand      00429830 f   menu.obj
 0001:000288e0       _Keys_MenuDraw             004298e0 f   menu.obj
 0001:00028910       _Keys_MenuKey              00429910 f   menu.obj
 0001:00028af0       _M_UnbindCommand           00429af0 f   menu.obj
 0001:00028b70       _KeyBindingFunc            00429b70 f   menu.obj
 0001:00029160       _CrosshairFunc             0042a160 f   menu.obj
 0001:00029190       _JoystickFunc              0042a190 f   menu.obj
 0001:000291c0       _CustomizeControlsFunc     0042a1c0 f   menu.obj
 0001:000291e0       _AlwaysRunFunc             0042a1e0 f   menu.obj
 0001:00029210       _FreeLookFunc              0042a210 f   menu.obj
 0001:00029240       _MouseSpeedFunc            0042a240 f   menu.obj
 0001:00029280       _ControlsSetMenuItemValues 0042a280 f   menu.obj
 0001:000294f0       _ClampCvar                 0042a4f0 f   menu.obj
 0001:00029530       _ControlsResetDefaultsFunc 0042a530 f   menu.obj
 0001:00029560       _InvertMouseFunc           0042a560 f   menu.obj
 0001:000295e0       _LookspringFunc            0042a5e0 f   menu.obj
 0001:00029610       _LookstrafeFunc            0042a610 f   menu.obj
 0001:00029640       _UpdateVolumeFunc          0042a640 f   menu.obj
 0001:00029680       _UpdateCDVolumeFunc        0042a680 f   menu.obj
 0001:000296c0       _ConsoleFunc               0042a6c0 f   menu.obj
 0001:00029710       _UpdateSoundQualityFunc    0042a710 f   menu.obj
 0001:00029e50       _EasyGameFunc              0042ae50 f   menu.obj
 0001:00029e80       _StartGame                 0042ae80 f   menu.obj
 0001:00029ef0       _MediumGameFunc            0042aef0 f   menu.obj
 0001:00029f20       _HardGameFunc              0042af20 f   menu.obj
 0001:00029f50       _LoadGameFunc              0042af50 f   menu.obj
 0001:00029f70       _SaveGameFunc              0042af70 f   menu.obj
 0001:00029f90       _CreditsFunc               0042af90 f   menu.obj
 0001:0002bf30       _DMFlagCallback            0042cf30 f   menu.obj
 0001:0002c5e0       _DownloadCallback          0042d5e0 f   menu.obj
 0001:0002d070       _HandednessCallback        0042e070 f   menu.obj
 0001:0002d0a0       _RateCallback              0042e0a0 f   menu.obj
 0001:0002d0e0       _ModelCallback             0042e0e0 f   menu.obj
 0001:0002d110       _PlayerConfig_ScanDirectories 0042e110 f   menu.obj
 0001:0002d6c0       _FreeFileList              0042e6c0 f   menu.obj
 0001:0002d730       _IconOfSkinExists          0042e730 f   menu.obj
 0001:0002d7e0       _pmicmpfnc                 0042e7e0 f   menu.obj
 0001:00034ed0       _CompareAttributes         00435ed0 f   q_shwin.obj
 0001:00035c30       _Action_Draw               00436c30 f   qmenu.obj
 0001:00035d50       _Menu_DrawStatusBar        00436d50 f   qmenu.obj
 0001:00036080       _Action_DoEnter            00437080 f   qmenu.obj
 0001:000361c0       _MenuList_Draw             004371c0 f   qmenu.obj
 0001:000362b0       _Separator_Draw            004372b0 f   qmenu.obj
 0001:00036300       _Slider_DoSlide            00437300 f   qmenu.obj
 0001:00036380       _Slider_Draw               00437380 f   qmenu.obj
 0001:00036520       _SpinControl_DoSlide       00437520 f   qmenu.obj
 0001:00036590       _SpinControl_Draw          00437590 f   qmenu.obj
 0001:000398e0       _DS_DestroyBuffers         0043a8e0 f   snd_win.obj
 0001:00039bd0       _DS_CreateBuffers          0043abd0 f   snd_win.obj
 0001:0003a780       _DSoundError               0043b780 f   snd_win.obj
 0001:0003b720       _localtime                 0043c720 f   sv_ccmds.obj
 0001:0003b740       _time                      0043c740 f   sv_ccmds.obj
 0001:000455e0       _WIN_DisableAltTab         004465e0 f   vid_dll.obj
 0001:00045640       _WIN_EnableAltTab          00446640 f   vid_dll.obj
 0001:00046a90       _DriverCallback            00447a90 f   vid_menu.obj
 0001:00046b00       _ScreenSizeCallback        00447b00 f   vid_menu.obj
 0001:00046b40       _BrightnessCallback        00447b40 f   vid_menu.obj
 0001:00046bd0       _ResetDefaults             00447bd0 f   vid_menu.obj
 0001:00046bf0       _CancelChanges             00447bf0 f   vid_menu.obj
 0001:00046e40       _ApplyChanges              00447e40 f   vid_menu.obj
 0001:000472c0       _x86_TimerStopBias         004482c0 f   x86.obj
 0001:000477b0       _pre_c_init                004487b0 f   MSVCRTD:crtexew.obj
 0001:00047850       _pre_cpp_init              00448850 f   MSVCRTD:crtexew.obj
 0001:000478d0       ___tmainCRTStartup         004488d0 f   MSVCRTD:crtexew.obj
 0001:00047c10       _check_managed_app         00448c10 f   MSVCRTD:crtexew.obj
 0001:00047d40       _has_osfxsr_set            00448d40 f   MSVCRTD:cpu_disp.obj
