 ref_gl

 Timestamp is 607ac44c (Sat Apr 17 23:19:40 2021)

 Preferred load address is 10000000

 Start         Length     Name                   Class
 0001:00000000 0002010eH .text                   CODE
 0002:00000000 0000018cH .idata$5                DATA
 0002:0000018c 00000004H .CRT$XCA                DATA
 0002:00000190 00000004H .CRT$XCZ                DATA
 0002:00000194 00000004H .CRT$XIA                DATA
 0002:00000198 00000004H .CRT$XIAA               DATA
 0002:0000019c 00000004H .CRT$XIC                DATA
 0002:000001a0 00000004H .CRT$XIZ                DATA
 0002:000001b0 000046c0H .rdata                  DATA
 0002:00004870 00000048H .rdata$debug            DATA
 0002:000048c0 00000004H .rdata$sxdata           DATA
 0002:000048c4 00000004H .rtc$IAA                DATA
 0002:000048c8 00000004H .rtc$IZZ                DATA
 0002:000048cc 00000004H .rtc$TAA                DATA
 0002:000048d0 00000004H .rtc$TZZ                DATA
 0002:000048d8 00000084H .xdata$x                DATA
 0002:0000495c 00000064H .idata$2                DATA
 0002:000049c0 00000014H .idata$3                DATA
 0002:000049d4 0000018cH .idata$4                DATA
 0002:00004b60 000005c0H .idata$6                DATA
 0002:00005120 00000047H .edata                  DATA
 0003:00000000 00004dd8H .data                   DATA
 0003:00004de0 000b0a48H .bss                    DATA

  Address         Publics by Value              Rva+Base       Lib:Object

 0000:00000000       __except_list              00000000     <absolute>
 0000:00000001       ___safe_se_handler_count   00000001     <absolute>
 0000:00009876       __fltused                  00009876     <absolute>
 0000:00009876       __ldused                   00009876     <absolute>
 0000:00000000       ___ImageBase               10000000     <linker-defined>
 0001:00000000       _Draw_InitLocal            10001000 f   gl_draw.obj
 0001:00000070       _Draw_Char                 10001070 f   gl_draw.obj
 0001:000001e0       _Draw_FindPic              100011e0 f   gl_draw.obj
 0001:00000260       _Draw_GetPicSize           10001260 f   gl_draw.obj
 0001:000002b0       _Draw_StretchPic           100012b0 f   gl_draw.obj
 0001:00000450       _Draw_Pic                  10001450 f   gl_draw.obj
 0001:00000600       _Draw_TileClear            10001600 f   gl_draw.obj
 0001:00000800       _Draw_Fill                 10001800 f   gl_draw.obj
 0001:00000940       _Draw_FadeScreen           10001940 f   gl_draw.obj
 0001:00000a60       _Draw_StretchRaw           10001a60 f   gl_draw.obj
 0001:00000ed0       _GL_SetTexturePalette      10001ed0 f   gl_image.obj
 0001:00000fc0       _GL_EnableMultitexture     10001fc0 f   gl_image.obj
 0001:00001050       _GL_SelectTexture          10002050 f   gl_image.obj
 0001:000010c0       _GL_TexEnv                 100020c0 f   gl_image.obj
 0001:00001120       _GL_Bind                   10002120 f   gl_image.obj
 0001:00001190       _GL_MBind                  10002190 f   gl_image.obj
 0001:000011e0       _GL_TextureMode            100021e0 f   gl_image.obj
 0001:000012f0       _GL_TextureAlphaMode       100022f0 f   gl_image.obj
 0001:00001360       _GL_TextureSolidMode       10002360 f   gl_image.obj
 0001:000013d0       _GL_ImageList_f            100023d0 f   gl_image.obj
 0001:00001520       _Scrap_AllocBlock          10002520 f   gl_image.obj
 0001:00001660       _Scrap_Upload              10002660 f   gl_image.obj
 0001:000016b0       _LoadPCX                   100026b0 f   gl_image.obj
 0001:000019d0       _LoadTGA                   100029d0 f   gl_image.obj
 0001:000020e0       _R_FloodFillSkin           100030e0 f   gl_image.obj
 0001:000024c0       _GL_ResampleTexture        100034c0 f   gl_image.obj
 0001:00002740       _GL_LightScaleTexture      10003740 f   gl_image.obj
 0001:00002850       _GL_MipMap                 10003850 f   gl_image.obj
 0001:000029a0       _GL_BuildPalettedTexture   100039a0 f   gl_image.obj
 0001:00002a30       _GL_Upload32               10003a30 f   gl_image.obj
 0001:000030c0       _GL_Upload8                100040c0 f   gl_image.obj
 0001:00003360       _GL_LoadPic                10004360 f   gl_image.obj
 0001:000036f0       _GL_LoadWal                100046f0 f   gl_image.obj
 0001:000037a0       _GL_FindImage              100047a0 f   gl_image.obj
 0001:00003970       _R_RegisterSkin            10004970 f   gl_image.obj
 0001:00003990       _GL_FreeUnusedImages       10004990 f   gl_image.obj
 0001:00003a30       _Draw_GetPalette           10004a30 f   gl_image.obj
 0001:00003b30       _GL_InitImages             10004b30 f   gl_image.obj
 0001:00003d10       _GL_ShutdownImages         10004d10 f   gl_image.obj
 0001:00003d80       _R_RenderDlight            10004d80 f   gl_light.obj
 0001:00003f40       _R_RenderDlights           10004f40 f   gl_light.obj
 0001:00004030       _R_MarkLights              10005030 f   gl_light.obj
 0001:000041a0       _R_PushDlights             100051a0 f   gl_light.obj
 0001:00004230       _RecursiveLightPoint       10005230 f   gl_light.obj
 0001:000046e0       _R_LightPoint              100056e0 f   gl_light.obj
 0001:000048a0       _R_AddDynamicLights        100058a0 f   gl_light.obj
 0001:00004bb0       _R_SetCacheState           10005bb0 f   gl_light.obj
 0001:00004c10       _R_BuildLightMap           10005c10 f   gl_light.obj
 0001:00005510       _GL_LerpVerts              10006510 f   gl_mesh.obj
 0001:00005730       _GL_DrawAliasFrameLerp     10006730 f   gl_mesh.obj
 0001:00005d40       _GL_DrawAliasShadow        10006d40 f   gl_mesh.obj
 0001:00005e70       _R_DrawAliasModel          10006e70 f   gl_mesh.obj
 0001:00006d60       _Mod_PointInLeaf           10007d60 f   gl_model.obj
 0001:00006e20       _Mod_DecompressVis         10007e20 f   gl_model.obj
 0001:00006ef0       _Mod_ClusterPVS            10007ef0 f   gl_model.obj
 0001:00006f40       _Mod_Modellist_f           10007f40 f   gl_model.obj
 0001:00006ff0       _Mod_Init                  10007ff0 f   gl_model.obj
 0001:00007020       _Mod_ForName               10008020 f   gl_model.obj
 0001:000072d0       _Mod_LoadLighting          100082d0 f   gl_model.obj
 0001:00007340       _Mod_LoadVisibility        10008340 f   gl_model.obj
 0001:00007460       _Mod_LoadVertexes          10008460 f   gl_model.obj
 0001:00007560       _RadiusFromBounds          10008560 f   gl_model.obj
 0001:00007620       _Mod_LoadSubmodels         10008620 f   gl_model.obj
 0001:000077c0       _Mod_LoadEdges             100087c0 f   gl_model.obj
 0001:000078a0       _Mod_LoadTexinfo           100088a0 f   gl_model.obj
 0001:00007ad0       _CalcSurfaceExtents        10008ad0 f   gl_model.obj
 0001:00007cf0       _Mod_LoadFaces             10008cf0 f   gl_model.obj
 0001:00007fc0       _Mod_SetParent             10008fc0 f   gl_model.obj
 0001:00008010       _Mod_LoadNodes             10009010 f   gl_model.obj
 0001:00008220       _Mod_LoadLeafs             10009220 f   gl_model.obj
 0001:000083d0       _Mod_LoadMarksurfaces      100093d0 f   gl_model.obj
 0001:000084d0       _Mod_LoadSurfedges         100094d0 f   gl_model.obj
 0001:000085c0       _Mod_LoadPlanes            100095c0 f   gl_model.obj
 0001:00008720       _Mod_LoadBrushModel        10009720 f   gl_model.obj
 0001:000089c0       _Mod_LoadAliasModel        100099c0 f   gl_model.obj
 0001:00008e30       _Mod_LoadSpriteModel       10009e30 f   gl_model.obj
 0001:00008ff0       _R_BeginRegistration       10009ff0 f   gl_model.obj
 0001:000090b0       _R_RegisterModel           1000a0b0 f   gl_model.obj
 0001:00009200       _R_EndRegistration         1000a200 f   gl_model.obj
 0001:00009270       _Mod_Free                  1000a270 f   gl_model.obj
 0001:000092b0       _Mod_FreeAll               1000a2b0 f   gl_model.obj
 0001:00009310       _R_CullBox                 1000a310 f   gl_rmain.obj
 0001:00009420       _R_RotateForEntity         1000a420 f   gl_rmain.obj
 0001:000094c0       _R_DrawSpriteModel         1000a4c0 f   gl_rmain.obj
 0001:000097e0       _R_DrawNullModel           1000a7e0 f   gl_rmain.obj
 0001:000099d0       _R_DrawEntitiesOnList      1000a9d0 f   gl_rmain.obj
 0001:00009bd0       _GL_DrawParticles          1000abd0 f   gl_rmain.obj
 0001:00009e60       _R_DrawParticles           1000ae60 f   gl_rmain.obj
 0001:00009fb0       _R_PolyBlend               1000afb0 f   gl_rmain.obj
 0001:0000a150       _SignbitsForPlane          1000b150 f   gl_rmain.obj
 0001:0000a1b0       _R_SetFrustum              1000b1b0 f   gl_rmain.obj
 0001:0000a320       _R_SetupFrame              1000b320 f   gl_rmain.obj
 0001:0000a590       _MYgluPerspective          1000b590 f   gl_rmain.obj
 0001:0000a650       _R_SetupGL                 1000b650 f   gl_rmain.obj
 0001:0000a930       _R_Clear                   1000b930 f   gl_rmain.obj
 0001:0000aa40       _R_Flash                   1000ba40 f   gl_rmain.obj
 0001:0000aa60       _R_RenderView              1000ba60 f   gl_rmain.obj
 0001:0000ab80       _R_SetGL2D                 1000bb80 f   gl_rmain.obj
 0001:0000ac80       _R_SetLightLevel           1000bc80 f   gl_rmain.obj
 0001:0000ad30       _R_RenderFrame             1000bd30 f   gl_rmain.obj
 0001:0000ad60       _R_Register                1000bd60 f   gl_rmain.obj
 0001:0000b370       _R_SetMode                 1000c370 f   gl_rmain.obj
 0001:0000b540       _R_Init                    1000c540 f   gl_rmain.obj
 0001:0000bc70       _R_Shutdown                1000cc70 f   gl_rmain.obj
 0001:0000bcd0       _R_BeginFrame              1000ccd0 f   gl_rmain.obj
 0001:0000c030       _R_SetPalette              1000d030 f   gl_rmain.obj
 0001:0000c1a0       _R_DrawBeam                1000d1a0 f   gl_rmain.obj
 0001:0000c510       _GetRefAPI                 1000d510 f   gl_rmain.obj
 0001:0000c5f0       _Sys_Error                 1000d5f0 f   gl_rmain.obj
 0001:0000c660       _Com_Printf                1000d660 f   gl_rmain.obj
 0001:0000c6d0       _R_InitParticleTexture     1000d6d0 f   gl_rmisc.obj
 0001:0000c890       _GL_ScreenShot_f           1000d890 f   gl_rmisc.obj
 0001:0000cb50       _GL_Strings_f              1000db50 f   gl_rmisc.obj
 0001:0000cbc0       _GL_SetDefaultState        1000dbc0 f   gl_rmisc.obj
 0001:0000cdf0       _GL_UpdateSwapInterval     1000ddf0 f   gl_rmisc.obj
 0001:0000ce40       _R_TextureAnimation        1000de40 f   gl_rsurf.obj
 0001:0000cea0       _DrawGLPoly                1000dea0 f   gl_rsurf.obj
 0001:0000cf20       _DrawGLFlowingPoly         1000df20 f   gl_rsurf.obj
 0001:0000cff0       _R_DrawTriangleOutlines    1000dff0 f   gl_rsurf.obj
 0001:0000d140       _DrawGLPolyChain           1000e140 f   gl_rsurf.obj
 0001:0000d280       _R_BlendLightmaps          1000e280 f   gl_rsurf.obj
 0001:0000d6d0       _R_RenderBrushPoly         1000e6d0 f   gl_rsurf.obj
 0001:0000d990       _R_DrawAlphaSurfaces       1000e990 f   gl_rsurf.obj
 0001:0000db10       _DrawTextureChains         1000eb10 f   gl_rsurf.obj
 0001:0000dce0       _R_DrawInlineBModel        1000ece0 f   gl_rsurf.obj
 0001:0000e5a0       _R_DrawBrushModel          1000f5a0 f   gl_rsurf.obj
 0001:0000e8a0       _R_RecursiveWorldNode      1000f8a0 f   gl_rsurf.obj
 0001:0000eb50       _R_DrawWorld               1000fb50 f   gl_rsurf.obj
 0001:0000ece0       _R_MarkLeaves              1000fce0 f   gl_rsurf.obj
 0001:0000f290       _GL_BuildPolygonFromSurface 10010290 f   gl_rsurf.obj
 0001:0000f5e0       _GL_CreateSurfaceLightmap  100105e0 f   gl_rsurf.obj
 0001:0000f6e0       _GL_BeginBuildingLightmaps 100106e0 f   gl_rsurf.obj
 0001:0000f8d0       _GL_EndBuildingLightmaps   100108d0 f   gl_rsurf.obj
 0001:0000f900       _BoundPoly                 10010900 f   gl_warp.obj
 0001:0000f9f0       _SubdividePolygon          100109f0 f   gl_warp.obj
 0001:00010070       _GL_SubdivideSurface       10011070 f   gl_warp.obj
 0001:000101c0       _EmitWaterPolys            100111c0 f   gl_warp.obj
 0001:00010350       _DrawSkyPolygon            10011350 f   gl_warp.obj
 0001:00010630       _ClipSkyPolygon            10011630 f   gl_warp.obj
 0001:00010b20       _R_AddSkySurface           10011b20 f   gl_warp.obj
 0001:00010c10       _R_ClearSkyBox             10011c10 f   gl_warp.obj
 0001:00010c80       _MakeSkyVec                10011c80 f   gl_warp.obj
 0001:00010dd0       _R_DrawSkyBox              10011dd0 f   gl_warp.obj
 0001:00011040       _R_SetSky                  10012040 f   gl_warp.obj
 0001:00011220       _VID_CreateWindow          10012220 f   glw_imp.obj
 0001:00011420       _GLimp_SetMode             10012420 f   glw_imp.obj
 0001:00011830       _GLimp_Shutdown            10012830 f   glw_imp.obj
 0001:00011950       _GLimp_Init                10012950 f   glw_imp.obj
 0001:00011a30       _GLimp_InitGL              10012a30 f   glw_imp.obj
 0001:00011e80       _GLimp_BeginFrame          10012e80 f   glw_imp.obj
 0001:00011f40       _GLimp_EndFrame            10012f40 f   glw_imp.obj
 0001:00011fc0       _GLimp_AppActivate         10012fc0 f   glw_imp.obj
 0001:00012020       _RotatePointAroundVector   10013020 f   q_shared.obj
 0001:00012260       _AngleVectors              10013260 f   q_shared.obj
 0001:00012450       _ProjectPointOnPlane       10013450 f   q_shared.obj
 0001:00012510       _PerpendicularVector       10013510 f   q_shared.obj
 0001:000125d0       _R_ConcatRotations         100135d0 f   q_shared.obj
 0001:00012780       _R_ConcatTransforms        10013780 f   q_shared.obj
 0001:000129d0       _Q_fabs                    100139d0 f   q_shared.obj
 0001:00012a00       _Q_ftol                    10013a00 f   q_shared.obj
 0001:00012a10       _LerpAngle                 10013a10 f   q_shared.obj
 0001:00012a70       _anglemod                  10013a70 f   q_shared.obj
 0001:00012ab0       _BoxOnPlaneSide2           10013ab0 f   q_shared.obj
 0001:00012bc0       _BoxOnPlaneSide            10013bc0 f   q_shared.obj
 0001:00012e40       _ClearBounds               10013e40 f   q_shared.obj
 0001:00012ea0       _AddPointToBounds          10013ea0 f   q_shared.obj
 0001:00012f20       _VectorCompare             10013f20 f   q_shared.obj
 0001:00012f80       _VectorNormalize           10013f80 f   q_shared.obj
 0001:00013020       _VectorNormalize2          10014020 f   q_shared.obj
 0001:000130c0       _VectorMA                  100140c0 f   q_shared.obj
 0001:00013110       __DotProduct               10014110 f   q_shared.obj
 0001:00013150       __VectorSubtract           10014150 f   q_shared.obj
 0001:000131a0       __VectorAdd                100141a0 f   q_shared.obj
 0001:000131f0       __VectorCopy               100141f0 f   q_shared.obj
 0001:00013230       _CrossProduct              10014230 f   q_shared.obj
 0001:000132a0       _VectorLength              100142a0 f   q_shared.obj
 0001:00013300       _VectorInverse             10014300 f   q_shared.obj
 0001:00013340       _VectorScale               10014340 f   q_shared.obj
 0001:00013380       _Q_log2                    10014380 f   q_shared.obj
 0001:000133b0       _COM_SkipPath              100143b0 f   q_shared.obj
 0001:00013400       _COM_StripExtension        10014400 f   q_shared.obj
 0001:00013450       _COM_FileExtension         10014450 f   q_shared.obj
 0001:000134f0       _COM_FileBase              100144f0 f   q_shared.obj
 0001:000135a0       _COM_FilePath              100145a0 f   q_shared.obj
 0001:00013610       _COM_DefaultExtension      10014610 f   q_shared.obj
 0001:00013680       _BigShort                  10014680 f   q_shared.obj
 0001:000136a0       _LittleShort               100146a0 f   q_shared.obj
 0001:000136c0       _BigLong                   100146c0 f   q_shared.obj
 0001:000136e0       _LittleLong                100146e0 f   q_shared.obj
 0001:00013700       _BigFloat                  10014700 f   q_shared.obj
 0001:00013720       _LittleFloat               10014720 f   q_shared.obj
 0001:00013740       _ShortSwap                 10014740 f   q_shared.obj
 0001:00013780       _ShortNoSwap               10014780 f   q_shared.obj
 0001:000137a0       _LongSwap                  100147a0 f   q_shared.obj
 0001:00013810       _LongNoSwap                10014810 f   q_shared.obj
 0001:00013830       _FloatSwap                 10014830 f   q_shared.obj
 0001:00013870       _FloatNoSwap               10014870 f   q_shared.obj
 0001:00013890       _Swap_Init                 10014890 f   q_shared.obj
 0001:00013940       _va                        10014940 f   q_shared.obj
 0001:00013980       _COM_Parse                 10014980 f   q_shared.obj
 0001:00013b00       _Com_PageInMemory          10014b00 f   q_shared.obj
 0001:00013b50       _Q_stricmp                 10014b50 f   q_shared.obj
 0001:00013b80       _Q_strncasecmp             10014b80 f   q_shared.obj
 0001:00013c10       _Q_strcasecmp              10014c10 f   q_shared.obj
 0001:00013c40       _Com_sprintf               10014c40 f   q_shared.obj
 0001:00013cd0       _Info_ValueForKey          10014cd0 f   q_shared.obj
 0001:00013e40       _Info_RemoveKey            10014e40 f   q_shared.obj
 0001:00013fa0       _Info_Validate             10014fa0 f   q_shared.obj
 0001:00013ff0       _Info_SetValueForKey       10014ff0 f   q_shared.obj
 0001:00014210       _Hunk_Begin                10015210 f   q_shwin.obj
 0001:00014270       _Hunk_Alloc                10015270 f   q_shwin.obj
 0001:00014320       _Hunk_End                  10015320 f   q_shwin.obj
 0001:00014350       _Hunk_Free                 10015350 f   q_shwin.obj
 0001:00014390       _Sys_Milliseconds          10015390 f   q_shwin.obj
 0001:000143e0       _Sys_Mkdir                 100153e0 f   q_shwin.obj
 0001:00014400       _Sys_FindFirst             10015400 f   q_shwin.obj
 0001:000145c0       _Sys_FindNext              100155c0 f   q_shwin.obj
 0001:00014660       _Sys_FindClose             10015660 f   q_shwin.obj
 0001:000146a0       _QGL_Shutdown              100156a0 f   qgl_win.obj
 0001:000154f0       _QGL_Init                  100164f0 f   qgl_win.obj
 0001:000184d0       _GLimp_EnableLogging       100194d0 f   qgl_win.obj
 0001:0001f0e0       _GLimp_LogNewFrame         100200e0 f   qgl_win.obj
 0001:0001f104       _timeGetTime@0             10020104 f   winmm:WINMM.dll
 0001:0001f10a       _GetVersionExA@4           1002010a f   kernel32:KERNEL32.dll
 0001:0001f110       _VirtualAlloc@16           10020110 f   kernel32:KERNEL32.dll
 0001:0001f116       _FormatMessageA@28         10020116 f   kernel32:KERNEL32.dll
 0001:0001f11c       _GetLastError@0            1002011c f   kernel32:KERNEL32.dll
 0001:0001f122       _VirtualFree@12            10020122 f   kernel32:KERNEL32.dll
 0001:0001f128       _FreeLibrary@4             10020128 f   kernel32:KERNEL32.dll
 0001:0001f12e       _GetProcAddress@8          1002012e f   kernel32:KERNEL32.dll
 0001:0001f134       _LoadLibraryA@4            10020134 f   kernel32:KERNEL32.dll
 0001:0001f13a       _SetFocus@4                1002013a f   user32:USER32.dll
 0001:0001f140       _SetForegroundWindow@4     10020140 f   user32:USER32.dll
 0001:0001f146       _UpdateWindow@4            10020146 f   user32:USER32.dll
 0001:0001f14c       _ShowWindow@8              1002014c f   user32:USER32.dll
 0001:0001f152       _CreateWindowExA@48        10020152 f   user32:USER32.dll
 0001:0001f158       _AdjustWindowRect@12       10020158 f   user32:USER32.dll
 0001:0001f15e       _RegisterClassA@4          1002015e f   user32:USER32.dll
 0001:0001f164       _LoadCursorA@8             10020164 f   user32:USER32.dll
 0001:0001f16a       _ChangeDisplaySettingsA@8  1002016a f   user32:USER32.dll
 0001:0001f170       _ReleaseDC@8               10020170 f   user32:USER32.dll
 0001:0001f176       _GetDC@4                   10020176 f   user32:USER32.dll
 0001:0001f17c       _UnregisterClassA@8        1002017c f   user32:USER32.dll
 0001:0001f182       _DestroyWindow@4           10020182 f   user32:USER32.dll
 0001:0001f188       _GetDeviceCaps@8           10020188 f   gdi32:GDI32.dll
 0001:0001f18e       _DescribePixelFormat@16    1002018e f   gdi32:GDI32.dll
 0001:0001f194       _SetPixelFormat@12         10020194 f   gdi32:GDI32.dll
 0001:0001f19a       _ChoosePixelFormat@8       1002019a f   gdi32:GDI32.dll
 0001:0001f1a0       @__security_check_cookie@4 100201a0 f   MSVCRTD:secchk.obj
 0001:0001f1b0       __alloca_probe             100201b0     MSVCRTD:chkstk.obj
 0001:0001f1b0       __chkstk                   100201b0 f   MSVCRTD:chkstk.obj
 0001:0001f1e0       __ftol2_sse                100201e0 f   MSVCRTD:ftol2.obj
 0001:0001f1e9       __ftol2_pentium4           100201e9 f   MSVCRTD:ftol2.obj
 0001:0001f1fc       __ftol2_sse_excpt          100201fc f   MSVCRTD:ftol2.obj
 0001:0001f216       __ftol2                    10020216 f   MSVCRTD:ftol2.obj
 0001:0001f28c       _free                      1002028c f   MSVCRTD:MSVCR90D.dll
 0001:0001f292       _memcpy                    10020292 f   MSVCRTD:MSVCR90D.dll
 0001:0001f298       _malloc                    10020298 f   MSVCRTD:MSVCR90D.dll
 0001:0001f29e       _strcpy                    1002029e f   MSVCRTD:MSVCR90D.dll
 0001:0001f2a4       _strlen                    100202a4 f   MSVCRTD:MSVCR90D.dll
 0001:0001f2aa       _strcmp                    100202aa f   MSVCRTD:MSVCR90D.dll
 0001:0001f2b0       _memset                    100202b0 f   MSVCRTD:MSVCR90D.dll
 0001:0001f2b6       _pow                       100202b6 f   MSVCRTD:MSVCR90D.dll
 0001:0001f2bc       _sin                       100202bc f   MSVCRTD:MSVCR90D.dll
 0001:0001f2c2       _cos                       100202c2 f   MSVCRTD:MSVCR90D.dll
 0001:0001f2c8       _fabs                      100202c8 f   MSVCRTD:MSVCR90D.dll
 0001:0001f2ce       _atoi                      100202ce f   MSVCRTD:MSVCR90D.dll
 0001:0001f2d4       _ceil                      100202d4 f   MSVCRTD:MSVCR90D.dll
 0001:0001f2da       _floor                     100202da f   MSVCRTD:MSVCR90D.dll
 0001:0001f2e0       _tan                       100202e0 f   MSVCRTD:MSVCR90D.dll
 0001:0001f2e6       _toupper                   100202e6 f   MSVCRTD:MSVCR90D.dll
 0001:0001f2ec       _strstr                    100202ec f   MSVCRTD:MSVCR90D.dll
 0001:0001f2f2       _vsprintf                  100202f2 f   MSVCRTD:MSVCR90D.dll
 0001:0001f2f8       _fwrite                    100202f8 f   MSVCRTD:MSVCR90D.dll
 0001:0001f2fe       _fclose                    100202fe f   MSVCRTD:MSVCR90D.dll
 0001:0001f304       _fopen                     10020304 f   MSVCRTD:MSVCR90D.dll
 0001:0001f30a       _strncpy                   1002030a f   MSVCRTD:MSVCR90D.dll
 0001:0001f310       __wassert                  10020310 f   MSVCRTD:MSVCR90D.dll
 0001:0001f316       _sqrt                      10020316 f   MSVCRTD:MSVCR90D.dll
 0001:0001f31c       _strcat                    1002031c f   MSVCRTD:MSVCR90D.dll
 0001:0001f322       __stricmp                  10020322 f   MSVCRTD:MSVCR90D.dll
 0001:0001f328       __mkdir                    10020328 f   MSVCRTD:MSVCR90D.dll
 0001:0001f32e       __findfirst64i32           1002032e f   MSVCRTD:MSVCR90D.dll
 0001:0001f334       __findnext64i32            10020334 f   MSVCRTD:MSVCR90D.dll
 0001:0001f33a       __findclose                1002033a f   MSVCRTD:MSVCR90D.dll
 0001:0001f340       _fprintf                   10020340 f   MSVCRTD:MSVCR90D.dll
 0001:0001f346       _asctime                   10020346 f   MSVCRTD:MSVCR90D.dll
 0001:0001f34c       __localtime64              1002034c f   MSVCRTD:MSVCR90D.dll
 0001:0001f352       __time64                   10020352 f   MSVCRTD:MSVCR90D.dll
 0001:0001f3e0       __CRT_INIT@12              100203e0 f   MSVCRTD:crtdll.obj
 0001:0001f6f0       _NtCurrentTeb              100206f0 f i MSVCRTD:crtdll.obj
 0001:0001f700       __DllMainCRTStartup@12     10020700 f   MSVCRTD:crtdll.obj
 0001:0001f900       ___report_gsfailure        10020900 f   MSVCRTD:gs_report.obj
 0001:0001fa10       __get_sse2_info            10020a10 f   MSVCRTD:cpu_disp.obj
 0001:0001fb40       ___sse2_available_init     10020b40 f   MSVCRTD:cpu_disp.obj
 0001:0001fb60       ___clean_type_info_names   10020b60 f   MSVCRTD:tncleanup.obj
 0001:0001fb80       __onexit                   10020b80 f   MSVCRTD:atonexit.obj
 0001:0001fc90       _atexit                    10020c90 f   MSVCRTD:atonexit.obj
 0001:0001fcb0       __RTC_Initialize           10020cb0 f   MSVCRTD:_initsect_.obj
 0001:0001fce0       __RTC_Terminate            10020ce0 f   MSVCRTD:_initsect_.obj
 0001:0001fd06       __encode_pointer           10020d06 f   MSVCRTD:MSVCR90D.dll
 0001:0001fd0c       __malloc_dbg               10020d0c f   MSVCRTD:MSVCR90D.dll
 0001:0001fd12       __free_dbg                 10020d12 f   MSVCRTD:MSVCR90D.dll
 0001:0001fd18       __encoded_null             10020d18 f   MSVCRTD:MSVCR90D.dll
 0001:0001fd1e       __decode_pointer           10020d1e f   MSVCRTD:MSVCR90D.dll
 0001:0001fd24       __CrtSetCheckCount         10020d24 f   MSVCRTD:MSVCR90D.dll
 0001:0001fd30       __ValidateImageBase        10020d30 f   MSVCRTD:pesect.obj
 0001:0001fd90       __FindPESection            10020d90 f   MSVCRTD:pesect.obj
 0001:0001fe10       __IsNonwritableInCurrentImage 10020e10 f   MSVCRTD:pesect.obj
 0001:0001ff22       __initterm                 10020f22 f   MSVCRTD:MSVCR90D.dll
 0001:0001ff28       __initterm_e               10020f28 f   MSVCRTD:MSVCR90D.dll
 0001:0001ff2e       __amsg_exit                10020f2e f   MSVCRTD:MSVCR90D.dll
 0001:0001ff40       ___security_init_cookie    10020f40 f   MSVCRTD:gs_support.obj
 0001:0002001c       ___CppXcptFilter           1002101c f   MSVCRTD:MSVCR90D.dll
 0001:00020030       _DllMain@12                10021030 f   MSVCRTD:dllmain.obj
 0001:00020060       __except_handler4          10021060 f   MSVCRTD:chandler4gs.obj
 0001:0002008a       __crt_debugger_hook        1002108a f   MSVCRTD:MSVCR90D.dll
 0001:00020090       ___clean_type_info_names_internal 10021090 f   MSVCRTD:MSVCR90D.dll
 0001:00020096       __unlock                   10021096 f   MSVCRTD:MSVCR90D.dll
 0001:0002009c       ___dllonexit               1002109c f   MSVCRTD:MSVCR90D.dll
 0001:000200a2       __lock                     100210a2 f   MSVCRTD:MSVCR90D.dll
 0001:000200a8       __except_handler4_common   100210a8 f   MSVCRTD:MSVCR90D.dll
 0001:000200ae       _InterlockedExchange@8     100210ae f   kernel32:KERNEL32.dll
 0001:000200b4       _Sleep@4                   100210b4 f   kernel32:KERNEL32.dll
 0001:000200ba       _InterlockedCompareExchange@12 100210ba f   kernel32:KERNEL32.dll
 0001:000200c0       _TerminateProcess@8        100210c0 f   kernel32:KERNEL32.dll
 0001:000200c6       _GetCurrentProcess@0       100210c6 f   kernel32:KERNEL32.dll
 0001:000200cc       _UnhandledExceptionFilter@4 100210cc f   kernel32:KERNEL32.dll
 0001:000200d2       _SetUnhandledExceptionFilter@4 100210d2 f   kernel32:KERNEL32.dll
 0001:000200d8       _IsDebuggerPresent@0       100210d8 f   kernel32:KERNEL32.dll
 0001:000200de       _QueryPerformanceCounter@4 100210de f   kernel32:KERNEL32.dll
 0001:000200e4       _GetTickCount@0            100210e4 f   kernel32:KERNEL32.dll
 0001:000200ea       _GetCurrentThreadId@0      100210ea f   kernel32:KERNEL32.dll
 0001:000200f0       _GetCurrentProcessId@0     100210f0 f   kernel32:KERNEL32.dll
 0001:000200f6       _GetSystemTimeAsFileTime@4 100210f6 f   kernel32:KERNEL32.dll
 0001:000200fc       _DisableThreadLibraryCalls@4 100210fc f   kernel32:KERNEL32.dll
 0001:00020102       __strlwr                   10021102 f   MSVCRTD:MSVCR90D.dll
 0001:00020108       __putenv                   10021108 f   MSVCRTD:MSVCR90D.dll
 0002:00000000       __imp__ChoosePixelFormat@8 10022000     gdi32:GDI32.dll
 0002:00000004       __imp__DescribePixelFormat@16 10022004     gdi32:GDI32.dll
 0002:00000008       __imp__GetDeviceCaps@8     10022008     gdi32:GDI32.dll
 0002:0000000c       __imp__SetPixelFormat@12   1002200c     gdi32:GDI32.dll
 0002:00000010       \177GDI32_NULL_THUNK_DATA  10022010     gdi32:GDI32.dll
 0002:00000014       __imp__GetLastError@0      10022014     kernel32:KERNEL32.dll
 0002:00000018       __imp__VirtualFree@12      10022018     kernel32:KERNEL32.dll
 0002:0000001c       __imp__FreeLibrary@4       1002201c     kernel32:KERNEL32.dll
 0002:00000020       __imp__GetProcAddress@8    10022020     kernel32:KERNEL32.dll
 0002:00000024       __imp__LoadLibraryA@4      10022024     kernel32:KERNEL32.dll
 0002:00000028       __imp__DisableThreadLibraryCalls@4 10022028     kernel32:KERNEL32.dll
 0002:0000002c       __imp__GetSystemTimeAsFileTime@4 1002202c     kernel32:KERNEL32.dll
 0002:00000030       __imp__GetCurrentProcessId@0 10022030     kernel32:KERNEL32.dll
 0002:00000034       __imp__FormatMessageA@28   10022034     kernel32:KERNEL32.dll
 0002:00000038       __imp__GetTickCount@0      10022038     kernel32:KERNEL32.dll
 0002:0000003c       __imp__QueryPerformanceCounter@4 1002203c     kernel32:KERNEL32.dll
 0002:00000040       __imp__IsDebuggerPresent@0 10022040     kernel32:KERNEL32.dll
 0002:00000044       __imp__SetUnhandledExceptionFilter@4 10022044     kernel32:KERNEL32.dll
 0002:00000048       __imp__UnhandledExceptionFilter@4 10022048     kernel32:KERNEL32.dll
 0002:0000004c       __imp__GetCurrentProcess@0 1002204c     kernel32:KERNEL32.dll
 0002:00000050       __imp__TerminateProcess@8  10022050     kernel32:KERNEL32.dll
 0002:00000054       __imp__InterlockedCompareExchange@12 10022054     kernel32:KERNEL32.dll
 0002:00000058       __imp__Sleep@4             10022058     kernel32:KERNEL32.dll
 0002:0000005c       __imp__InterlockedExchange@8 1002205c     kernel32:KERNEL32.dll
 0002:00000060       __imp__VirtualAlloc@16     10022060     kernel32:KERNEL32.dll
 0002:00000064       __imp__GetVersionExA@4     10022064     kernel32:KERNEL32.dll
 0002:00000068       __imp__GetCurrentThreadId@0 10022068     kernel32:KERNEL32.dll
 0002:0000006c       \177KERNEL32_NULL_THUNK_DATA 1002206c     kernel32:KERNEL32.dll
 0002:00000070       __imp__fclose              10022070     MSVCRTD:MSVCR90D.dll
 0002:00000074       __imp__strlwr              10022074     MSVCRTD:MSVCR90D.dll
 0002:00000074       __imp___strlwr             10022074     MSVCRTD:MSVCR90D.dll
 0002:00000078       __imp__free                10022078     MSVCRTD:MSVCR90D.dll
 0002:0000007c       __imp__memcpy              1002207c     MSVCRTD:MSVCR90D.dll
 0002:00000080       __imp__malloc              10022080     MSVCRTD:MSVCR90D.dll
 0002:00000084       __imp__strcpy              10022084     MSVCRTD:MSVCR90D.dll
 0002:00000088       __imp__strlen              10022088     MSVCRTD:MSVCR90D.dll
 0002:0000008c       __imp__strcmp              1002208c     MSVCRTD:MSVCR90D.dll
 0002:00000090       __imp__memset              10022090     MSVCRTD:MSVCR90D.dll
 0002:00000094       __imp__pow                 10022094     MSVCRTD:MSVCR90D.dll
 0002:00000098       __imp__sin                 10022098     MSVCRTD:MSVCR90D.dll
 0002:0000009c       __imp__cos                 1002209c     MSVCRTD:MSVCR90D.dll
 0002:000000a0       __imp__fabs                100220a0     MSVCRTD:MSVCR90D.dll
 0002:000000a4       __imp__atoi                100220a4     MSVCRTD:MSVCR90D.dll
 0002:000000a8       __imp__ceil                100220a8     MSVCRTD:MSVCR90D.dll
 0002:000000ac       __imp__floor               100220ac     MSVCRTD:MSVCR90D.dll
 0002:000000b0       __imp__tan                 100220b0     MSVCRTD:MSVCR90D.dll
 0002:000000b4       __imp__toupper             100220b4     MSVCRTD:MSVCR90D.dll
 0002:000000b8       __imp__strstr              100220b8     MSVCRTD:MSVCR90D.dll
 0002:000000bc       __imp__vsprintf            100220bc     MSVCRTD:MSVCR90D.dll
 0002:000000c0       __imp__fwrite              100220c0     MSVCRTD:MSVCR90D.dll
 0002:000000c4       __imp___putenv             100220c4     MSVCRTD:MSVCR90D.dll
 0002:000000c4       __imp__putenv              100220c4     MSVCRTD:MSVCR90D.dll
 0002:000000c8       __imp__fopen               100220c8     MSVCRTD:MSVCR90D.dll
 0002:000000cc       __imp__strncpy             100220cc     MSVCRTD:MSVCR90D.dll
 0002:000000d0       __imp___wassert            100220d0     MSVCRTD:MSVCR90D.dll
 0002:000000d4       __imp__sqrt                100220d4     MSVCRTD:MSVCR90D.dll
 0002:000000d8       __imp__strcat              100220d8     MSVCRTD:MSVCR90D.dll
 0002:000000dc       __imp___stricmp            100220dc     MSVCRTD:MSVCR90D.dll
 0002:000000dc       __imp__stricmp             100220dc     MSVCRTD:MSVCR90D.dll
 0002:000000e0       __imp___mkdir              100220e0     MSVCRTD:MSVCR90D.dll
 0002:000000e4       __imp___findfirst64i32     100220e4     MSVCRTD:MSVCR90D.dll
 0002:000000e8       __imp___findnext64i32      100220e8     MSVCRTD:MSVCR90D.dll
 0002:000000ec       __imp___findclose          100220ec     MSVCRTD:MSVCR90D.dll
 0002:000000f0       __imp__fprintf             100220f0     MSVCRTD:MSVCR90D.dll
 0002:000000f4       __imp__asctime             100220f4     MSVCRTD:MSVCR90D.dll
 0002:000000f8       __imp___localtime64        100220f8     MSVCRTD:MSVCR90D.dll
 0002:000000fc       __imp___time64             100220fc     MSVCRTD:MSVCR90D.dll
 0002:00000100       __imp___encode_pointer     10022100     MSVCRTD:MSVCR90D.dll
 0002:00000104       __imp___malloc_dbg         10022104     MSVCRTD:MSVCR90D.dll
 0002:00000108       __imp___free_dbg           10022108     MSVCRTD:MSVCR90D.dll
 0002:0000010c       __imp___encoded_null       1002210c     MSVCRTD:MSVCR90D.dll
 0002:00000110       __imp___decode_pointer     10022110     MSVCRTD:MSVCR90D.dll
 0002:00000114       __imp___CrtSetCheckCount   10022114     MSVCRTD:MSVCR90D.dll
 0002:00000118       __imp___initterm           10022118     MSVCRTD:MSVCR90D.dll
 0002:0000011c       __imp___initterm_e         1002211c     MSVCRTD:MSVCR90D.dll
 0002:00000120       __imp___amsg_exit          10022120     MSVCRTD:MSVCR90D.dll
 0002:00000124       __imp___adjust_fdiv        10022124     MSVCRTD:MSVCR90D.dll
 0002:00000128       __imp____CppXcptFilter     10022128     MSVCRTD:MSVCR90D.dll
 0002:0000012c       __imp___crt_debugger_hook  1002212c     MSVCRTD:MSVCR90D.dll
 0002:00000130       __imp____clean_type_info_names_internal 10022130     MSVCRTD:MSVCR90D.dll
 0002:00000134       __imp___unlock             10022134     MSVCRTD:MSVCR90D.dll
 0002:00000138       __imp____dllonexit         10022138     MSVCRTD:MSVCR90D.dll
 0002:0000013c       __imp___lock               1002213c     MSVCRTD:MSVCR90D.dll
 0002:00000140       __imp___onexit             10022140     MSVCRTD:MSVCR90D.dll
 0002:00000144       __imp___except_handler4_common 10022144     MSVCRTD:MSVCR90D.dll
 0002:00000148       \177MSVCR90D_NULL_THUNK_DATA 10022148     MSVCRTD:MSVCR90D.dll
 0002:0000014c       __imp__DestroyWindow@4     1002214c     user32:USER32.dll
 0002:00000150       __imp__UnregisterClassA@8  10022150     user32:USER32.dll
 0002:00000154       __imp__GetDC@4             10022154     user32:USER32.dll
 0002:00000158       __imp__ReleaseDC@8         10022158     user32:USER32.dll
 0002:0000015c       __imp__ChangeDisplaySettingsA@8 1002215c     user32:USER32.dll
 0002:00000160       __imp__LoadCursorA@8       10022160     user32:USER32.dll
 0002:00000164       __imp__RegisterClassA@4    10022164     user32:USER32.dll
 0002:00000168       __imp__AdjustWindowRect@12 10022168     user32:USER32.dll
 0002:0000016c       __imp__CreateWindowExA@48  1002216c     user32:USER32.dll
 0002:00000170       __imp__ShowWindow@8        10022170     user32:USER32.dll
 0002:00000174       __imp__UpdateWindow@4      10022174     user32:USER32.dll
 0002:00000178       __imp__SetForegroundWindow@4 10022178     user32:USER32.dll
 0002:0000017c       __imp__SetFocus@4          1002217c     user32:USER32.dll
 0002:00000180       \177USER32_NULL_THUNK_DATA 10022180     user32:USER32.dll
 0002:00000184       __imp__timeGetTime@0       10022184     winmm:WINMM.dll
 0002:00000188       \177WINMM_NULL_THUNK_DATA  10022188     winmm:WINMM.dll
 0002:0000018c       ___xc_a                    1002218c     MSVCRTD:cinitexe.obj
 0002:00000190       ___xc_z                    10022190     MSVCRTD:cinitexe.obj
 0002:00000194       ___xi_a                    10022194     MSVCRTD:cinitexe.obj
 0002:000001a0       ___xi_z                    100221a0     MSVCRTD:cinitexe.obj
 0002:000001cc       __real@46180000            100221cc     gl_draw.obj
 0002:000001d0       ??_C@_0BC@LLAIPPIJ@pics?1conchars?4pcx?$AA@ 100221d0     gl_draw.obj
 0002:000001e4       __real@3d800000            100221e4     gl_draw.obj
 0002:000001e8       __real@3fb0000000000000    100221e8     gl_draw.obj
 0002:000001f0       ??_C@_0M@PANLPOGK@pics?1?$CFs?4pcx?$AA@ 100221f0     gl_draw.obj
 0002:000001fc       ??_C@_0BE@OMNHMPIK@Can?8t?5find?5pic?3?5?$CFs?6?$AA@ 100221fc     gl_draw.obj
 0002:00000210       __real@4050000000000000    10022210     gl_draw.obj
 0002:00000218       __real@3f800000            10022218     gl_draw.obj
 0002:00000220       __real@406fe00000000000    10022220     gl_draw.obj
 0002:00000228       ??_C@_0BF@PJHEGANC@Draw_Fill?3?5bad?5color?$AA@ 10022228     gl_draw.obj
 0002:00000240       __real@00000000            10022240     gl_draw.obj
 0002:00000244       __real@3f4ccccd            10022244     gl_draw.obj
 0002:00000248       __real@46180400            10022248     gl_draw.obj
 0002:00000250       __real@4070000000000000    10022250     gl_draw.obj
 0002:00000258       ??_C@_0M@CPDLHPJL@GL_R3_G3_B2?$AA@ 10022258     gl_image.obj
 0002:00000264       ??_C@_07ELNCBIDL@GL_RGB4?$AA@ 10022264     gl_image.obj
 0002:0000026c       ??_C@_07FCMJCJHK@GL_RGB5?$AA@ 1002226c     gl_image.obj
 0002:00000274       ??_C@_07OHGHFHDH@GL_RGB8?$AA@ 10022274     gl_image.obj
 0002:0000027c       ??_C@_06PHHIIIJA@GL_RGB?$AA@ 1002227c     gl_image.obj
 0002:00000284       ??_C@_08OAKMFPG@GL_RGBA2?$AA@ 10022284     gl_image.obj
 0002:00000290       ??_C@_08FIFAGCHA@GL_RGBA4?$AA@ 10022290     gl_image.obj
 0002:0000029c       ??_C@_0L@NLPDPHJK@GL_RGB5_A1?$AA@ 1002229c     gl_image.obj
 0002:000002a8       ??_C@_08PEOFCNHM@GL_RGBA8?$AA@ 100222a8     gl_image.obj
 0002:000002b4       ??_C@_07BJJKJFII@GL_RGBA?$AA@ 100222b4     gl_image.obj
 0002:000002bc       ??_C@_07DLHCIBDH@default?$AA@ 100222bc     gl_image.obj
 0002:000002c4       ??_C@_0BI@EMKCPMIG@GL_LINEAR_MIPMAP_LINEAR?$AA@ 100222c4     gl_image.obj
 0002:000002dc       ??_C@_0BJ@HEAOEMHH@GL_NEAREST_MIPMAP_LINEAR?$AA@ 100222dc     gl_image.obj
 0002:000002f8       ??_C@_0BJ@PCPDHFJH@GL_LINEAR_MIPMAP_NEAREST?$AA@ 100222f8     gl_image.obj
 0002:00000314       ??_C@_0BK@DIHBBLKN@GL_NEAREST_MIPMAP_NEAREST?$AA@ 10022314     gl_image.obj
 0002:00000330       ??_C@_09MNJDEIIG@GL_LINEAR?$AA@ 10022330     gl_image.obj
 0002:0000033c       ??_C@_0L@PCHCEECD@GL_NEAREST?$AA@ 1002233c     gl_image.obj
 0002:00000348       __real@0000000000000000    10022348     gl_image.obj
 0002:00000350       ??_C@_0BB@GBGIGKBA@bad?5filter?5name?6?$AA@ 10022350     gl_image.obj
 0002:00000364       ??_C@_0BN@MGMCCOOJ@bad?5alpha?5texture?5mode?5name?6?$AA@ 10022364     gl_image.obj
 0002:00000384       ??_C@_0BN@MNDBABOO@bad?5solid?5texture?5mode?5name?6?$AA@ 10022384     gl_image.obj
 0002:000003a4       ??_C@_0CO@CFLNFBIH@Total?5texel?5count?5?$CInot?5counting?5@ 100223a4     gl_image.obj
 0002:000003d4       ??_C@_0BB@JEGBIKMP@?5?$CF3i?5?$CF3i?5?$CFs?3?5?$CFs?6?$AA@ 100223d4     gl_image.obj
 0002:000003e8       ??_C@_01CLKCMJKC@?5?$AA@   100223e8     gl_image.obj
 0002:000003ec       ??_C@_01EJNLAFE@P?$AA@     100223ec     gl_image.obj
 0002:000003f0       ??_C@_01ELNMCGJD@W?$AA@    100223f0     gl_image.obj
 0002:000003f4       ??_C@_01CPLAODJH@S?$AA@    100223f4     gl_image.obj
 0002:000003f8       ??_C@_01PLPBNMEI@M?$AA@    100223f8     gl_image.obj
 0002:000003fc       ??_C@_0BE@OPHJAJHM@?9?9?9?9?9?9?9?9?9?9?9?9?9?9?9?9?9?9?6?$AA@ 100223fc     gl_image.obj
 0002:00000410       ??_C@_03DICCMILP@PAL?$AA@  10022410     gl_image.obj
 0002:00000414       ??_C@_03ICFFBAI@RGB?$AA@   10022414     gl_image.obj
 0002:00000418       ??_C@_0BK@PFOMPPID@PCX?5file?5?$CFs?5was?5malformed?$AA@ 10022418     gl_image.obj
 0002:00000434       ??_C@_0BB@MNGGHIGI@Bad?5pcx?5file?5?$CFs?6?$AA@ 10022434     gl_image.obj
 0002:00000448       ??_C@_0DM@DMKLIHNL@LoadTGA?3?5Only?532?5or?524?5bit?5image@ 10022448     gl_image.obj
 0002:00000484       ??_C@_0DI@MGBHFPOC@LoadTGA?3?5Only?5type?52?5and?510?5targ@ 10022484     gl_image.obj
 0002:000004bc       ??_C@_0BB@NLGCNDMP@Bad?5tga?5file?5?$CFs?6?$AA@ 100224bc     gl_image.obj
 0002:000004d0       __real@3fe8000000000000    100224d0     gl_image.obj
 0002:000004d8       __real@3fd0000000000000    100224d8     gl_image.obj
 0002:000004e0       ??_C@_0CJ@PCCHIJPN@Unknown?5number?5of?5texture?5compon@ 100224e0     gl_image.obj
 0002:0000050c       ??_C@_0BF@OEEICNFH@GL_Upload32?3?5too?5big?$AA@ 1002250c     gl_image.obj
 0002:00000524       ??_C@_0BG@NEPGNJNN@GL_Upload8?3?5too?5large?$AA@ 10022524     gl_image.obj
 0002:00000540       __real@3f847ae147ae147b    10022540     gl_image.obj
 0002:00000548       ??_C@_0BP@BAIICHHM@Draw_LoadPic?3?5?$CC?$CFs?$CC?5is?5too?5long?$AA@ 10022548     gl_image.obj
 0002:00000568       ??_C@_0P@BLCKNOCB@MAX_GLTEXTURES?$AA@ 10022568     gl_image.obj
 0002:00000578       ??_C@_0BN@MJCPIMLO@GL_FindImage?3?5can?8t?5load?5?$CFs?6?$AA@ 10022578     gl_image.obj
 0002:00000598       ??_C@_04JCAPCJAP@?4tga?$AA@ 10022598     gl_image.obj
 0002:000005a0       ??_C@_04DBJJIEBO@?4wal?$AA@ 100225a0     gl_image.obj
 0002:000005a8       ??_C@_04IBGELPJM@?4pcx?$AA@ 100225a8     gl_image.obj
 0002:000005b0       ??_C@_0CA@NBMJDFHB@Couldn?8t?5load?5pics?1colormap?4pcx?$AA@ 100225b0     gl_image.obj
 0002:000005d0       ??_C@_0BC@EHLLIPJL@pics?1colormap?4pcx?$AA@ 100225d0     gl_image.obj
 0002:000005e4       __real@437f0000            100225e4     gl_image.obj
 0002:000005e8       __real@406ff00000000000    100225e8     gl_image.obj
 0002:000005f0       __real@3fe0000000000000    100225f0     gl_image.obj
 0002:000005f8       ??_C@_0BN@NFPILHLM@Couldn?8t?5load?5pics?116to8?4pcx?$AA@ 100225f8     gl_image.obj
 0002:00000618       ??_C@_0P@FGFGFCHE@pics?116to8?4dat?$AA@ 10022618     gl_image.obj
 0002:00000628       ??_C@_01HIHLOKLC@1?$AA@    10022628     gl_image.obj
 0002:00000630       __real@3ff0000000000000    10022630     gl_image.obj
 0002:00000638       ??_C@_09DDBFFAKC@intensity?$AA@ 10022638     gl_image.obj
 0002:00000644       ??_C@_01FDFGLJHB@2?$AA@    10022644     gl_image.obj
 0002:00000648       __real@400921fb54442d18    10022648     gl_light.obj
 0002:00000650       __real@4030000000000000    10022650     gl_light.obj
 0002:00000658       __real@3fc999999999999a    10022658     gl_light.obj
 0002:00000660       __real@3fd6666666666666    10022660     gl_light.obj
 0002:00000668       __real@3f70101010101010    10022668     gl_light.obj
 0002:00000670       __real@3f70000000000000    10022670     gl_light.obj
 0002:00000678       __real@bff0000000000000    10022678     gl_light.obj
 0002:00000680       __real@40a0000000000000    10022680     gl_light.obj
 0002:00000688       __real@42800000            10022688     gl_light.obj
 0002:0000068c       ??_C@_0BH@ENFCDCNO@Bad?5s_blocklights?5size?$AA@ 1002268c     gl_light.obj
 0002:000006a4       ??_C@_0CL@LPICNNFL@R_BuildLightMap?5called?5for?5non?9l@ 100226a4     gl_light.obj
 0002:000006d0       __real@4010000000000000    100226d0     gl_mesh.obj
 0002:000006d8       __real@3f000000            100226d8     gl_mesh.obj
 0002:000006dc       ??_C@_0CK@MNOKKBOB@R_DrawAliasModel?5?$CFs?3?5no?5such?5old@ 100226dc     gl_mesh.obj
 0002:00000708       ??_C@_0CH@FPJCHNMP@R_DrawAliasModel?5?$CFs?3?5no?5such?5fra@ 10022708     gl_mesh.obj
 0002:00000730       __real@40b0000000000000    10022730     gl_mesh.obj
 0002:00000738       __real@bf800000            10022738     gl_mesh.obj
 0002:00000740       __real@3fd3333333333333    10022740     gl_mesh.obj
 0002:00000748       __real@4066800000000000    10022748     gl_mesh.obj
 0002:00000750       __real@3fa6c16c16c16c17    10022750     gl_mesh.obj
 0002:00000758       __real@3fe999999999999a    10022758     gl_mesh.obj
 0002:00000760       __real@401c000000000000    10022760     gl_mesh.obj
 0002:00000768       __real@3dcccccd            10022768     gl_mesh.obj
 0002:00000770       __real@3fb999999999999a    10022770     gl_mesh.obj
 0002:00000778       __real@4062c00000000000    10022778     gl_mesh.obj
 0002:00000780       __real@3ee66666            10022780     gl_mesh.obj
 0002:00000784       __real@3f170a3d            10022784     gl_mesh.obj
 0002:00000788       __real@3f0f5c29            10022788     gl_mesh.obj
 0002:0000078c       __real@3f333333            1002278c     gl_mesh.obj
 0002:00000790       __real@3f666666            10022790     gl_mesh.obj
 0002:00000798       __real@4000000000000000    10022798     gl_mesh.obj
 0002:000007a0       ??_C@_0CK@IALLFCDE@R_CullAliasModel?5?$CFs?3?5no?5such?5old@ 100227a0     gl_mesh.obj
 0002:000007cc       ??_C@_0CH@NACLHBO@R_CullAliasModel?5?$CFs?3?5no?5such?5fra@ 100227cc     gl_mesh.obj
 0002:000007f4       ??_C@_0BL@DENKLHGN@Mod_PointInLeaf?3?5bad?5model?$AA@ 100227f4     gl_model.obj
 0002:00000810       ??_C@_0BE@FOMELIJC@Total?5resident?3?5?$CFi?6?$AA@ 10022810     gl_model.obj
 0002:00000824       ??_C@_09HPGFNFJL@?$CF8i?5?3?5?$CFs?6?$AA@ 10022824     gl_model.obj
 0002:00000830       ??_C@_0BA@DJOLALAK@Loaded?5models?3?6?$AA@ 10022830     gl_model.obj
 0002:00000840       ??_C@_0CG@BNPACAKH@Mod_NumForName?3?5unknown?5fileid?5f@ 10022840     gl_model.obj
 0002:00000868       ??_C@_0BN@PEPGFLHC@Mod_NumForName?3?5?$CFs?5not?5found?$AA@ 10022868     gl_model.obj
 0002:00000888       ??_C@_0BO@GDFNPAKE@mod_numknown?5?$DN?$DN?5MAX_MOD_KNOWN?$AA@ 10022888     gl_model.obj
 0002:000008a8       ??_C@_0BI@IINIEINJ@bad?5inline?5model?5number?$AA@ 100228a8     gl_model.obj
 0002:000008c0       ??_C@_0BH@DOAPJICG@Mod_ForName?3?5NULL?5name?$AA@ 100228c0     gl_model.obj
 0002:000008d8       ??_C@_0CG@HDLMKPIA@MOD_LoadBmodel?3?5funny?5lump?5size?5@ 100228d8     gl_model.obj
 0002:00000900       ??_C@_0BC@CEFKDJFI@Couldn?8t?5load?5?$CFs?6?$AA@ 10022900     gl_model.obj
 0002:00000914       ??_C@_0BA@BGLHLDJN@textures?1?$CFs?4wal?$AA@ 10022914     gl_model.obj
 0002:00000924       __real@c7c34f80            10022924     gl_model.obj
 0002:00000928       __real@497423f0            10022928     gl_model.obj
 0002:0000092c       ??_C@_0CD@HFKGFPM@MOD_LoadBmodel?3?5bad?5texinfo?5numb@ 1002292c     gl_model.obj
 0002:00000950       ??_C@_0CK@LEMFNKHC@Mod_ParseMarksurfaces?3?5bad?5surfa@ 10022950     gl_model.obj
 0002:0000097c       ??_C@_0CO@OJAEIGDA@MOD_LoadBmodel?3?5bad?5surfedges?5co@ 1002297c     gl_model.obj
 0002:000009ac       ??_C@_0CC@JDMOCOHD@Inline?5model?5?$CFi?5has?5bad?5firstnod@ 100229ac     gl_model.obj
 0002:000009d0       ??_C@_0EC@OOLDCOMK@Mod_LoadBrushModel?3?5?$CFs?5has?5wrong@ 100229d0     gl_model.obj
 0002:00000a14       ??_C@_0CF@NKMNMIAA@Loaded?5a?5brush?5model?5after?5the?5w@ 10022a14     gl_model.obj
 0002:00000a3c       __real@42000000            10022a3c     gl_model.obj
 0002:00000a40       __real@c2000000            10022a40     gl_model.obj
 0002:00000a44       ??_C@_0BH@NCBCHPB@model?5?$CFs?5has?5no?5frames?$AA@ 10022a44     gl_model.obj
 0002:00000a5c       ??_C@_0BK@NBONDBAB@model?5?$CFs?5has?5no?5triangles?$AA@ 10022a5c     gl_model.obj
 0002:00000a78       ??_C@_0BM@CGAIHGCB@model?5?$CFs?5has?5no?5st?5vertices?$AA@ 10022a78     gl_model.obj
 0002:00000a94       ??_C@_0BP@MPDGGDGL@model?5?$CFs?5has?5too?5many?5vertices?$AA@ 10022a94     gl_model.obj
 0002:00000ab4       ??_C@_0BJ@NPBLFOJF@model?5?$CFs?5has?5no?5vertices?$AA@ 10022ab4     gl_model.obj
 0002:00000ad0       ??_C@_0CD@ECBJANFE@model?5?$CFs?5has?5a?5skin?5taller?5than?5@ 10022ad0     gl_model.obj
 0002:00000af4       ??_C@_0CO@NCACHBLI@?$CFs?5has?5wrong?5version?5number?5?$CI?$CFi?5@ 10022af4     gl_model.obj
 0002:00000b24       ??_C@_0CB@IPONMOOM@?$CFs?5has?5too?5many?5frames?5?$CI?$CFi?5?$DO?5?$CFi?$CJ@ 10022b24     gl_model.obj
 0002:00000b48       ??_C@_08IEAJONNL@flushmap?$AA@ 10022b48     gl_model.obj
 0002:00000b54       ??_C@_01GBGANLPD@0?$AA@    10022b54     gl_model.obj
 0002:00000b58       ??_C@_0M@DKNJHPLK@maps?1?$CFs?4bsp?$AA@ 10022b58     gl_model.obj
 0002:00000b64       __real@41800000            10022b64     gl_rmain.obj
 0002:00000b68       __real@c1800000            10022b68     gl_rmain.obj
 0002:00000b6c       ??_C@_0O@PDPKPDCD@Bad?5modeltype?$AA@ 10022b6c     gl_rmain.obj
 0002:00000b7c       __real@3f880000            10022b7c     gl_rmain.obj
 0002:00000b80       __real@3f70624dd2f1a9fc    10022b80     gl_rmain.obj
 0002:00000b88       __real@4034000000000000    10022b88     gl_rmain.obj
 0002:00000b90       __real@3fc00000            10022b90     gl_rmain.obj
 0002:00000b94       __real@c2c80000            10022b94     gl_rmain.obj
 0002:00000b98       __real@41200000            10022b98     gl_rmain.obj
 0002:00000b9c       __real@42c80000            10022b9c     gl_rmain.obj
 0002:00000ba0       __real@42b40000            10022ba0     gl_rmain.obj
 0002:00000ba4       __real@c2b40000            10022ba4     gl_rmain.obj
 0002:00000ba8       __real@4056800000000000    10022ba8     gl_rmain.obj
 0002:00000bb0       __real@3e99999a            10022bb0     gl_rmain.obj
 0002:00000bb8       __real@4076800000000000    10022bb8     gl_rmain.obj
 0002:00000bc0       __real@3efffeb0            10022bc0     gl_rmain.obj
 0002:00000bc4       ??_C@_0CF@FKENMFDN@?$CF4i?5wpoly?5?$CF4i?5epoly?5?$CFi?5tex?5?$CFi?5lm@ 10022bc4     gl_rmain.obj
 0002:00000bec       ??_C@_0BO@DGOFMMLP@R_RenderView?3?5NULL?5worldmodel?$AA@ 10022bec     gl_rmain.obj
 0002:00000c10       __real@c0f869f000000000    10022c10     gl_rmain.obj
 0002:00000c18       __real@40f869f000000000    10022c18     gl_rmain.obj
 0002:00000c20       ??_C@_0L@PBOEALOM@gl_strings?$AA@ 10022c20     gl_rmain.obj
 0002:00000c2c       ??_C@_09EOKHBMCA@modellist?$AA@ 10022c2c     gl_rmain.obj
 0002:00000c38       ??_C@_0L@CMHOPIGK@screenshot?$AA@ 10022c38     gl_rmain.obj
 0002:00000c44       ??_C@_09JBMKNKFJ@imagelist?$AA@ 10022c44     gl_rmain.obj
 0002:00000c50       ??_C@_07HLGHAJBM@vid_ref?$AA@ 10022c50     gl_rmain.obj
 0002:00000c58       ??_C@_04ODODHOMI@soft?$AA@ 10022c58     gl_rmain.obj
 0002:00000c60       ??_C@_09NCNICOOC@vid_gamma?$AA@ 10022c60     gl_rmain.obj
 0002:00000c6c       ??_C@_03HLLJOCDO@1?40?$AA@ 10022c6c     gl_rmain.obj
 0002:00000c70       ??_C@_0P@FCNOGOEH@vid_fullscreen?$AA@ 10022c70     gl_rmain.obj
 0002:00000c80       ??_C@_0BB@MDEABHM@gl_3dlabs_broken?$AA@ 10022c80     gl_rmain.obj
 0002:00000c94       ??_C@_0BE@HIDDAPOM@gl_saturatelighting?$AA@ 10022c94     gl_rmain.obj
 0002:00000ca8       ??_C@_0BA@KJPDMAJB@gl_swapinterval?$AA@ 10022ca8     gl_rmain.obj
 0002:00000cb8       ??_C@_0O@POCCEBEL@gl_drawbuffer?$AA@ 10022cb8     gl_rmain.obj
 0002:00000cc8       ??_C@_07KHDMNPGL@GL_BACK?$AA@ 10022cc8     gl_rmain.obj
 0002:00000cd0       ??_C@_0BN@JAKINHAF@gl_ext_compiled_vertex_array?$AA@ 10022cd0     gl_rmain.obj
 0002:00000cf0       ??_C@_0BH@EINKKJHA@gl_ext_pointparameters?$AA@ 10022cf0     gl_rmain.obj
 0002:00000d08       ??_C@_0BE@KIMMHLBI@gl_ext_multitexture?$AA@ 10022d08     gl_rmain.obj
 0002:00000d1c       ??_C@_0BH@FEFGAKON@gl_ext_palettedtexture?$AA@ 10022d1c     gl_rmain.obj
 0002:00000d34       ??_C@_0BE@JKEPFGC@gl_ext_swapinterval?$AA@ 10022d34     gl_rmain.obj
 0002:00000d48       ??_C@_0BB@GCMMANGI@gl_vertex_arrays?$AA@ 10022d48     gl_rmain.obj
 0002:00000d5c       ??_C@_0L@COMOILOK@gl_lockpvs?$AA@ 10022d5c     gl_rmain.obj
 0002:00000d68       ??_C@_0BE@DGPNGALO@gl_texturesolidmode?$AA@ 10022d68     gl_rmain.obj
 0002:00000d7c       ??_C@_0BE@PBIFLDMN@gl_texturealphamode?$AA@ 10022d7c     gl_rmain.obj
 0002:00000d90       ??_C@_0P@KFBCPFEN@gl_texturemode?$AA@ 10022d90     gl_rmain.obj
 0002:00000da0       ??_C@_09KJGPCHKF@gl_driver?$AA@ 10022da0     gl_rmain.obj
 0002:00000dac       ??_C@_08EMLDNFIC@opengl32?$AA@ 10022dac     gl_rmain.obj
 0002:00000db8       ??_C@_0BA@OMIOHOOC@gl_monolightmap?$AA@ 10022db8     gl_rmain.obj
 0002:00000dc8       ??_C@_0N@BGOECECE@gl_playermip?$AA@ 10022dc8     gl_rmain.obj
 0002:00000dd8       ??_C@_0O@OJAIMHDP@gl_flashblend?$AA@ 10022dd8     gl_rmain.obj
 0002:00000de8       ??_C@_0N@JIOMPNFE@gl_polyblend?$AA@ 10022de8     gl_rmain.obj
 0002:00000df8       ??_C@_07PLMLFOFL@gl_cull?$AA@ 10022df8     gl_rmain.obj
 0002:00000e00       ??_C@_08PJGLHBHM@gl_clear?$AA@ 10022e00     gl_rmain.obj
 0002:00000e0c       ??_C@_09EFDNHKBE@gl_finish?$AA@ 10022e0c     gl_rmain.obj
 0002:00000e18       ??_C@_09MIBABHNL@gl_ztrick?$AA@ 10022e18     gl_rmain.obj
 0002:00000e24       ??_C@_0M@OFLINEME@gl_showtris?$AA@ 10022e24     gl_rmain.obj
 0002:00000e30       ??_C@_09PDBLAKEM@gl_skymip?$AA@ 10022e30     gl_rmain.obj
 0002:00000e3c       ??_C@_09KFGLDOPJ@gl_picmip?$AA@ 10022e3c     gl_rmain.obj
 0002:00000e48       ??_C@_0O@MDBDFJCF@gl_round_down?$AA@ 10022e48     gl_rmain.obj
 0002:00000e58       ??_C@_09NNDAEFEA@gl_nobind?$AA@ 10022e58     gl_rmain.obj
 0002:00000e64       ??_C@_0L@PAMAELIK@gl_dynamic?$AA@ 10022e64     gl_rmain.obj
 0002:00000e70       ??_C@_0L@IINCINMH@gl_shadows?$AA@ 10022e70     gl_rmain.obj
 0002:00000e7c       ??_C@_0M@LGEAOCGB@gl_lightmap?$AA@ 10022e7c     gl_rmain.obj
 0002:00000e88       ??_C@_07KEIOLNDA@gl_mode?$AA@ 10022e88     gl_rmain.obj
 0002:00000e90       ??_C@_01EKENIIDA@3?$AA@    10022e90     gl_rmain.obj
 0002:00000e94       ??_C@_0M@DIHDLHGJ@gl_bitdepth?$AA@ 10022e94     gl_rmain.obj
 0002:00000ea0       ??_C@_06PBDAPMBH@gl_log?$AA@ 10022ea0     gl_rmain.obj
 0002:00000ea8       ??_C@_0M@NOOKBAAJ@gl_modulate?$AA@ 10022ea8     gl_rmain.obj
 0002:00000eb4       ??_C@_0BC@DADKALBN@gl_particle_att_c?$AA@ 10022eb4     gl_rmain.obj
 0002:00000ec8       ??_C@_0BC@CJCBDKFM@gl_particle_att_b?$AA@ 10022ec8     gl_rmain.obj
 0002:00000edc       ??_C@_03MDAFIFFL@0?40?$AA@ 10022edc     gl_rmain.obj
 0002:00000ee0       ??_C@_0BC@CAMGJJP@gl_particle_att_a?$AA@ 10022ee0     gl_rmain.obj
 0002:00000ef4       ??_C@_04DKCHIKEL@0?401?$AA@ 10022ef4     gl_rmain.obj
 0002:00000efc       ??_C@_0BB@MMCLHMNO@gl_particle_size?$AA@ 10022efc     gl_rmain.obj
 0002:00000f10       ??_C@_0BF@EDOLMLCK@gl_particle_max_size?$AA@ 10022f10     gl_rmain.obj
 0002:00000f28       ??_C@_02PMJKFNFC@40?$AA@   10022f28     gl_rmain.obj
 0002:00000f2c       ??_C@_0BF@JEAAHJGL@gl_particle_min_size?$AA@ 10022f2c     gl_rmain.obj
 0002:00000f44       ??_C@_0BC@NIMBMIL@gl_allow_software?$AA@ 10022f44     gl_rmain.obj
 0002:00000f58       ??_C@_0O@JGNKOFKN@gl_nosubimage?$AA@ 10022f58     gl_rmain.obj
 0002:00000f68       ??_C@_0N@NHDPNION@r_lightlevel?$AA@ 10022f68     gl_rmain.obj
 0002:00000f78       ??_C@_08ILOBJANK@r_speeds?$AA@ 10022f78     gl_rmain.obj
 0002:00000f84       ??_C@_0N@ENJPFKKA@r_lerpmodels?$AA@ 10022f84     gl_rmain.obj
 0002:00000f94       ??_C@_08GDHICAID@r_nocull?$AA@ 10022f94     gl_rmain.obj
 0002:00000fa0       ??_C@_07IFOJIEEJ@r_novis?$AA@ 10022fa0     gl_rmain.obj
 0002:00000fa8       ??_C@_0M@BIOFCHNF@r_drawworld?$AA@ 10022fa8     gl_rmain.obj
 0002:00000fb4       ??_C@_0P@JAKGJBEE@r_drawentities?$AA@ 10022fb4     gl_rmain.obj
 0002:00000fc4       ??_C@_0N@JEFJGNMG@r_fullbright?$AA@ 10022fc4     gl_rmain.obj
 0002:00000fd4       ??_C@_0M@HGMGOPHP@r_norefresh?$AA@ 10022fd4     gl_rmain.obj
 0002:00000fe0       ??_C@_04FANNOMIB@hand?$AA@ 10022fe0     gl_rmain.obj
 0002:00000fe8       ??_C@_0DF@HHLJABLH@ref_gl?3?3R_SetMode?$CI?$CJ?5?9?5could?5not?5@ 10022fe8     gl_rmain.obj
 0002:00001020       ??_C@_0CE@HBBJCNDF@ref_gl?3?3R_SetMode?$CI?$CJ?5?9?5invalid?5mo@ 10023020     gl_rmain.obj
 0002:00001044       ??_C@_0DL@KIBIDMJP@ref_gl?3?3R_SetMode?$CI?$CJ?5?9?5fullscreen@ 10023044     gl_rmain.obj
 0002:00001080       ??_C@_0DA@EHBPPOPJ@R_SetMode?$CI?$CJ?5?9?5CDS?5not?5allowed?5wi@ 10023080     gl_rmain.obj
 0002:000010b0       ??_C@_0BF@GNBIIAHE@glGetError?$CI?$CJ?5?$DN?50x?$CFx?6?$AA@ 100230b0     gl_rmain.obj
 0002:000010c8       ??_C@_0CD@FFJIFGFO@?4?4?4GL_SGIS_multitexture?5not?5foun@ 100230c8     gl_rmain.obj
 0002:000010ec       ??_C@_0CC@EILFDKOK@?4?4?4ignoring?5GL_SGIS_multitexture@ 100230ec     gl_rmain.obj
 0002:00001110       ??_C@_0BE@CPBLEKBM@glSelectTextureSGIS?$AA@ 10023110     gl_rmain.obj
 0002:00001124       ??_C@_0BC@OLJBJOOM@glMTexCoord2fSGIS?$AA@ 10023124     gl_rmain.obj
 0002:00001138       ??_C@_0BP@BLNFPDDN@?4?4?4using?5GL_SGIS_multitexture?6?$AA@ 10023138     gl_rmain.obj
 0002:00001158       ??_C@_0BF@GPNHNALC@GL_SGIS_multitexture?$AA@ 10023158     gl_rmain.obj
 0002:00001170       ??_C@_0CM@PODCIIAK@?4?4?4GL_EXT_shared_texture_palette@ 10023170     gl_rmain.obj
 0002:0000119c       ??_C@_0CL@LDNCFMHF@?4?4?4ignoring?5GL_EXT_shared_textur@ 1002319c     gl_rmain.obj
 0002:000011c8       ??_C@_0BA@MJCEHDBE@glColorTableEXT?$AA@ 100231c8     gl_rmain.obj
 0002:000011d8       ??_C@_0CI@KHPBBKCF@?4?4?4using?5GL_EXT_shared_texture_p@ 100231d8     gl_rmain.obj
 0002:00001200       ??_C@_0BO@IIBPGOJH@GL_EXT_shared_texture_palette?$AA@ 10023200     gl_rmain.obj
 0002:00001220       ??_C@_0BI@OJEGBCEK@GL_EXT_paletted_texture?$AA@ 10023220     gl_rmain.obj
 0002:00001238       ??_C@_0CG@HFPDEFDG@?4?4?4GL_EXT_point_parameters?5not?5f@ 10023238     gl_rmain.obj
 0002:00001260       ??_C@_0CF@JAGPCOOA@?4?4?4ignoring?5GL_EXT_point_paramet@ 10023260     gl_rmain.obj
 0002:00001288       ??_C@_0CC@EPCDAAFJ@?4?4?4using?5GL_EXT_point_parameters@ 10023288     gl_rmain.obj
 0002:000012ac       ??_C@_0BG@FDCLBPHA@glPointParameterfvEXT?$AA@ 100232ac     gl_rmain.obj
 0002:000012c4       ??_C@_0BF@KOFPPNHP@glPointParameterfEXT?$AA@ 100232c4     gl_rmain.obj
 0002:000012dc       ??_C@_0BI@GCJDFKGN@GL_EXT_point_parameters?$AA@ 100232dc     gl_rmain.obj
 0002:000012f4       ??_C@_0CD@FCNOKLOJ@?4?4?4WGL_EXT_swap_control?5not?5foun@ 100232f4     gl_rmain.obj
 0002:00001318       ??_C@_0CC@ICLPHHNA@?4?4?4enabling?5WGL_EXT_swap_control@ 10023318     gl_rmain.obj
 0002:0000133c       ??_C@_0BD@IINOPBDD@wglSwapIntervalEXT?$AA@ 1002333c     gl_rmain.obj
 0002:00001350       ??_C@_0BF@NPDKPIKE@WGL_EXT_swap_control?$AA@ 10023350     gl_rmain.obj
 0002:00001368       ??_C@_0CL@NDHIPFLH@?4?4?4GL_EXT_compiled_vertex_array?5@ 10023368     gl_rmain.obj
 0002:00001394       ??_C@_0BC@CIFHOEOG@glUnlockArraysEXT?$AA@ 10023394     gl_rmain.obj
 0002:000013a8       ??_C@_0BA@FALFDEFM@glLockArraysEXT?$AA@ 100233a8     gl_rmain.obj
 0002:000013b8       ??_C@_0CK@FMMILKIB@?4?4?4enabling?5GL_EXT_compiled_vert@ 100233b8     gl_rmain.obj
 0002:000013e4       ??_C@_0BN@NLFPBOLK@GL_SGI_compiled_vertex_array?$AA@ 100233e4     gl_rmain.obj
 0002:00001404       ??_C@_0BN@LBNKGIPJ@GL_EXT_compiled_vertex_array?$AA@ 10023404     gl_rmain.obj
 0002:00001424       ??_C@_0BC@PKPKBBMJ@?4?4?4disabling?5CDS?6?$AA@ 10023424     gl_rmain.obj
 0002:00001438       ??_C@_0BB@JHMKNIME@?4?4?4allowing?5CDS?6?$AA@ 10023438     gl_rmain.obj
 0002:0000144c       ??_C@_0M@ONIMEIEF@scr_drawall?$AA@ 1002344c     gl_rmain.obj
 0002:00001458       ??_C@_0BO@KLPKGICI@?4?4?4using?5gl_monolightmap?5?8a?8?6?$AA@ 10023458     gl_rmain.obj
 0002:00001478       ??_C@_01FHEEJDEE@A?$AA@    10023478     gl_rmain.obj
 0002:0000147c       ??_C@_06DLFMAPDB@verite?$AA@ 1002347c     gl_rmain.obj
 0002:00001484       ??_C@_04FOAONNFJ@pcx2?$AA@ 10023484     gl_rmain.obj
 0002:0000148c       ??_C@_03IDKLFMEL@gdi?$AA@  1002348c     gl_rmain.obj
 0002:00001490       ??_C@_06ONPIAGPG@glzicd?$AA@ 10023490     gl_rmain.obj
 0002:00001498       ??_C@_05EIDKBJKD@glint?$AA@ 10023498     gl_rmain.obj
 0002:000014a0       ??_C@_08GALFGJPN@permedia?$AA@ 100234a0     gl_rmain.obj
 0002:000014ac       ??_C@_03FOJGCCNK@sgi?$AA@  100234ac     gl_rmain.obj
 0002:000014b0       ??_C@_04BNLNNMEF@rush?$AA@ 100234b0     gl_rmain.obj
 0002:000014b8       ??_C@_06BKEBADKC@voodoo?$AA@ 100234b8     gl_rmain.obj
 0002:000014c0       ??_C@_0BD@KJCGIEGA@GL_EXTENSIONS?3?5?$CFs?6?$AA@ 100234c0     gl_rmain.obj
 0002:000014d4       ??_C@_0BA@IECAGHEM@GL_VERSION?3?5?$CFs?6?$AA@ 100234d4     gl_rmain.obj
 0002:000014e4       ??_C@_0BB@GPBJMNCI@GL_RENDERER?3?5?$CFs?6?$AA@ 100234e4     gl_rmain.obj
 0002:000014f8       ??_C@_0P@FAFHGBCB@GL_VENDOR?3?5?$CFs?6?$AA@ 100234f8     gl_rmain.obj
 0002:00001508       ??_C@_0CK@KLLIGMLD@ref_gl?3?3R_Init?$CI?$CJ?5?9?5could?5not?5R_S@ 10023508     gl_rmain.obj
 0002:00001534       ??_C@_0CI@OIMKMBJN@ref_gl?3?3R_Init?$CI?$CJ?5?9?5could?5not?5loa@ 10023534     gl_rmain.obj
 0002:0000155c       ??_C@_0BJ@HOAEHFFO@ref_gl?5version?3?5GL?50?401?6?$AA@ 1002355c     gl_rmain.obj
 0002:00001578       ??_C@_08PENMMOEI@GL_FRONT?$AA@ 10023578     gl_rmain.obj
 0002:00001584       ??_C@_0N@CMHLKBEE@SST_GAMMA?$DN?$CFf?$AA@ 10023584     gl_rmain.obj
 0002:00001594       ??_C@_0P@GNODKJBP@SSTV2_GAMMA?$DN?$CFf?$AA@ 10023594     gl_rmain.obj
 0002:000015a4       ??_C@_02IEGONPOD@gl?$AA@   100235a4     gl_rmain.obj
 0002:000015a8       __real@3f70101020000000    100235a8     gl_rmain.obj
 0002:000015b0       __real@404e000000000000    100235b0     gl_rmain.obj
 0002:000015b8       ??_C@_02DKCKIIND@?$CFs?$AA@ 100235b8     gl_rmain.obj
 0002:000015bc       ??_C@_0BC@HPLAKLOD@?$CK?$CK?$CKr_notexture?$CK?$CK?$CK?$AA@ 100235bc     gl_rmisc.obj
 0002:000015d0       ??_C@_0P@HFFHKFMA@?$CK?$CK?$CKparticle?$CK?$CK?$CK?$AA@ 100235d0     gl_rmisc.obj
 0002:000015e0       ??_C@_09CKEIHHKG@Wrote?5?$CFs?6?$AA@ 100235e0     gl_rmisc.obj
 0002:000015ec       ??_C@_02GMLFBBN@wb?$AA@    100235ec     gl_rmisc.obj
 0002:000015f0       ??_C@_0CK@DIGJPGCE@SCR_ScreenShot_f?3?5Couldn?8t?5creat@ 100235f0     gl_rmisc.obj
 0002:0000161c       ??_C@_02JDPG@rb?$AA@       1002361c     gl_rmisc.obj
 0002:00001620       ??_C@_0P@MACCKGNK@?$CFs?1scrnshot?1?$CFs?$AA@ 10023620     gl_rmisc.obj
 0002:00001630       ??_C@_0M@MLGDFHEA@quake00?4tga?$AA@ 10023630     gl_rmisc.obj
 0002:0000163c       ??_C@_0M@ELFFHLKL@?$CFs?1scrnshot?$AA@ 1002363c     gl_rmisc.obj
 0002:00001648       __real@46240400            10023648     gl_rmisc.obj
 0002:0000164c       __real@3f2a7efa            1002364c     gl_rmisc.obj
 0002:00001650       __real@c2800000            10023650     gl_rsurf.obj
 0002:00001658       __real@c050000000000000    10023658     gl_rsurf.obj
 0002:00001660       __real@4044000000000000    10023660     gl_rsurf.obj
 0002:00001668       ??_C@_0DM@HHFBHLGE@Consecutive?5calls?5to?5LM_AllocBlo@ 10023668     gl_rsurf.obj
 0002:000016a8       __real@3f80000000000000    100236a8     gl_rsurf.obj
 0002:000016b0       __real@3f28f5c3            100236b0     gl_rsurf.obj
 0002:000016b4       __real@3ea8f5c3            100236b4     gl_rsurf.obj
 0002:000016b8       __real@bf847ae147ae147b    100236b8     gl_rsurf.obj
 0002:000016c0       __real@3e800000            100236c0     gl_rsurf.obj
 0002:000016c4       ??_C@_0CL@LHIKFDGC@LM_UploadBlock?$CI?$CJ?5?9?5MAX_LIGHTMAPS@ 100236c4     gl_rsurf.obj
 0002:000016f0       __real@4020000000000000    100236f0     gl_rsurf.obj
 0002:000016f8       ??_C@_0DC@HGLGAPCO@Consecutive?5calls?5to?5LM_AllocBlo@ 100236f8     gl_rsurf.obj
 0002:0000172c       __real@40400000            1002372c     gl_rsurf.obj
 0002:00001730       ??_C@_02LEBOADDI@dn?$AA@   10023730     gl_warp.obj
 0002:00001734       ??_C@_02HNLLPFKA@up?$AA@   10023734     gl_warp.obj
 0002:00001738       ??_C@_02HLHCNIN@ft?$AA@    10023738     gl_warp.obj
 0002:0000173c       ??_C@_02HCNENIII@lf?$AA@   1002373c     gl_warp.obj
 0002:00001740       ??_C@_02MNOEILMP@bk?$AA@   10023740     gl_warp.obj
 0002:00001744       ??_C@_02BMJICGCB@rt?$AA@   10023744     gl_warp.obj
 0002:00001748       __real@c61c3c00            10023748     gl_warp.obj
 0002:0000174c       __real@461c3c00            1002374c     gl_warp.obj
 0002:00001750       ??_C@_0O@GCEJFDB@numverts?5?$DN?5?$CFi?$AA@ 10023750     gl_warp.obj
 0002:00001760       __real@3f90000000000000    10023760     gl_warp.obj
 0002:00001768       __real@40445f306dc9c883    10023768     gl_warp.obj
 0002:00001770       __real@3fc0000000000000    10023770     gl_warp.obj
 0002:00001778       __real@3f50624dd2f1a9fc    10023778     gl_warp.obj
 0002:00001780       __real@bfb999999999999a    10023780     gl_warp.obj
 0002:00001788       ??_C@_0BP@OIODLEAK@ClipSkyPolygon?3?5MAX_CLIP_VERTS?$AA@ 10023788     gl_warp.obj
 0002:000017a8       __real@450fc000            100237a8     gl_warp.obj
 0002:000017b0       __real@40a1f80000000000    100237b0     gl_warp.obj
 0002:000017b8       __real@3f7f8000            100237b8     gl_warp.obj
 0002:000017bc       __real@3b000000            100237bc     gl_warp.obj
 0002:000017c0       __real@3f7f0000            100237c0     gl_warp.obj
 0002:000017c4       __real@3b800000            100237c4     gl_warp.obj
 0002:000017c8       ??_C@_0N@NLKNLGON@env?1?$CFs?$CFs?4tga?$AA@ 100237c8     gl_warp.obj
 0002:000017d8       ??_C@_0N@MIMGCAHO@env?1?$CFs?$CFs?4pcx?$AA@ 100237d8     gl_warp.obj
 0002:000017e8       ??_C@_0CK@IBELJGLM@VID_CreateWindow?$CI?$CJ?5?9?5GLimp_InitG@ 100237e8     glw_imp.obj
 0002:00001814       ??_C@_0BH@GEFOGILD@Couldn?8t?5create?5window?$AA@ 10023814     glw_imp.obj
 0002:0000182c       ??_C@_08PKOLMEA@vid_ypos?$AA@ 1002382c     glw_imp.obj
 0002:00001838       ??_C@_08DCMOJFPA@vid_xpos?$AA@ 10023838     glw_imp.obj
 0002:00001844       ??_C@_0BP@FFHGFDAJ@Couldn?8t?5register?5window?5class?$AA@ 10023844     glw_imp.obj
 0002:00001864       ??_C@_07EJIOKDEB@Quake?52?$AA@ 10023864     glw_imp.obj
 0002:0000186c       ??_C@_04CFDEAMPI@?5ok?6?$AA@ 1002386c     glw_imp.obj
 0002:00001874       ??_C@_0BK@IGMKHJEI@?4?4?4setting?5windowed?5mode?6?$AA@ 10023874     glw_imp.obj
 0002:00001890       ??_C@_08GKLCMPAG@?5failed?6?$AA@ 10023890     glw_imp.obj
 0002:0000189c       ??_C@_0CH@EEFJDLML@?4?4?4calling?5CDS?5assuming?5dual?5mon@ 1002389c     glw_imp.obj
 0002:000018c4       ??_C@_07GLGIIGGC@failed?6?$AA@ 100238c4     glw_imp.obj
 0002:000018cc       ??_C@_03DJDALPN@ok?6?$AA@  100238cc     glw_imp.obj
 0002:000018d0       ??_C@_0BB@LCGMGEBN@?4?4?4calling?5CDS?3?5?$AA@ 100238d0     glw_imp.obj
 0002:000018e4       ??_C@_0CG@CGPOLEAL@?4?4?4using?5desktop?5display?5depth?5o@ 100238e4     glw_imp.obj
 0002:0000190c       ??_C@_0BM@JPBIHKNC@?4?4?4using?5gl_bitdepth?5of?5?$CFd?6?$AA@ 1002390c     glw_imp.obj
 0002:00001928       ??_C@_0BK@FKFDBCDD@?4?4?4attempting?5fullscreen?6?$AA@ 10023928     glw_imp.obj
 0002:00001944       ??_C@_0L@LHPMKOFC@?5?$CFd?5?$CFd?5?$CFs?6?$AA@ 10023944     glw_imp.obj
 0002:00001950       ??_C@_0P@CDOCDADM@?5invalid?5mode?6?$AA@ 10023950     glw_imp.obj
 0002:00001960       ??_C@_0BE@MPKDPDGP@?4?4?4setting?5mode?5?$CFd?3?$AA@ 10023960     glw_imp.obj
 0002:00001974       ??_C@_0BN@FHPOCHBB@Initializing?5OpenGL?5display?6?$AA@ 10023974     glw_imp.obj
 0002:00001994       ??_C@_02OFDPNJAI@FS?$AA@   10023994     glw_imp.obj
 0002:00001998       ??_C@_0CJ@HJALLPMK@ref_gl?3?3R_Shutdown?$CI?$CJ?5?9?5ReleaseDC@ 10023998     glw_imp.obj
 0002:000019c4       ??_C@_0DA@MEBLGPBG@ref_gl?3?3R_Shutdown?$CI?$CJ?5?9?5wglDelete@ 100239c4     glw_imp.obj
 0002:000019f4       ??_C@_0CO@DHAJMJGD@ref_gl?3?3R_Shutdown?$CI?$CJ?5?9?5wglMakeCu@ 100239f4     glw_imp.obj
 0002:00001a24       ??_C@_0CE@NGBACDFF@GLimp_Init?$CI?$CJ?5?9?5GetVersionEx?5fail@ 10023a24     glw_imp.obj
 0002:00001a48       ??_C@_0CC@BEHBLDMF@GL?5PFD?3?5color?$CI?$CFd?9bits?$CJ?5Z?$CI?$CFd?9bit?$CJ@ 10023a48     glw_imp.obj
 0002:00001a6c       ??_C@_0DC@NHJGLNO@GLimp_Init?$CI?$CJ?5?9?5no?5hardware?5accel@ 10023a6c     glw_imp.obj
 0002:00001aa0       ??_C@_0CH@LJBJGPH@GLimp_Init?$CI?$CJ?5?9?5qwglMakeCurrent?5f@ 10023aa0     glw_imp.obj
 0002:00001ac8       ??_C@_0CJ@HMOMBKBH@GLimp_Init?$CI?$CJ?5?9?5qwglCreateContext@ 10023ac8     glw_imp.obj
 0002:00001af4       ??_C@_0CJ@LGOKIJGB@?4?4?4failed?5to?5select?5stereo?5pixel@ 10023af4     glw_imp.obj
 0002:00001b20       ??_C@_0CG@IBJKDPKF@GLimp_Init?$CI?$CJ?5?9?5SetPixelFormat?5fa@ 10023b20     glw_imp.obj
 0002:00001b48       ??_C@_0CJ@BMDJHDGG@GLimp_Init?$CI?$CJ?5?9?5ChoosePixelFormat@ 10023b48     glw_imp.obj
 0002:00001b74       ??_C@_0CK@MJJMOFPF@GLimp_Init?$CI?$CJ?5?9?5qwglSetPixelForma@ 10023b74     glw_imp.obj
 0002:00001ba0       ??_C@_0CN@OCDBNFDO@GLimp_Init?$CI?$CJ?5?9?5qwglChoosePixelFo@ 10023ba0     glw_imp.obj
 0002:00001bd0       ??_C@_0BN@JDKEHNPC@GLimp_Init?$CI?$CJ?5?9?5GetDC?5failed?6?$AA@ 10023bd0     glw_imp.obj
 0002:00001bf0       ??_C@_0CD@FNJMHEBP@GLimp_Init?$CI?$CJ?5?9?5non?9NULL?5DC?5exist@ 10023bf0     glw_imp.obj
 0002:00001c14       ??_C@_0BN@HOGCJCBA@?4?4?4attempting?5to?5use?5stereo?6?$AA@ 10023c14     glw_imp.obj
 0002:00001c34       ??_C@_09GBFKNAMI@cl_stereo?$AA@ 10023c34     glw_imp.obj
 0002:00001c40       ??_C@_0M@DPICAIJP@gdi?5generic?$AA@ 10023c40     glw_imp.obj
 0002:00001c4c       ??_C@_0DA@NGENDKGL@gl_bitdepth?5requires?5Win95?5OSR2?4@ 10023c4c     glw_imp.obj
 0002:00001c7c       ??_C@_0CK@JALFOIED@GLimp_EndFrame?$CI?$CJ?5?9?5SwapBuffers?$CI?$CJ@ 10023c7c     glw_imp.obj
 0002:00001ca8       ??_C@_1CG@LJBAFNGG@?$AAe?$AAr?$AAr?$AA?5?$AA?$DN?$AA?$DN?$AA?5?$AAG?$AAL?$AA_?$AAN?$AAO?$AA_?$AAE?$AAR?$AAR?$AAO?$AAR?$AA?$AA@ 10023ca8     glw_imp.obj
 0002:00001cd0       ??_C@_1FO@KMGHFDBF@?$AAc?$AA?3?$AA?2?$AAd?$AAe?$AAv?$AA?2?$AAq?$AAu?$AAa?$AAk?$AAe?$AA2?$AA?2?$AAq?$AAu?$AAa?$AAk?$AAe?$AA?9?$AA2?$AA?9?$AAo?$AAr?$AAi?$AAg?$AAi?$AAn?$AAa?$AAl?$AA?2?$AAw@ 10023cd0     glw_imp.obj
 0002:00001d30       __real@3f91df46a2529d39    10023d30     q_shared.obj
 0002:00001d38       __real@c066800000000000    10023d38     q_shared.obj
 0002:00001d40       __real@3f76800000000000    10023d40     q_shared.obj
 0002:00001d48       __real@4066c16c16c16c17    10023d48     q_shared.obj
 0002:00001d50       __real@47c34f80            10023d50     q_shared.obj
 0002:00001d54       ??_C@_00CNPNBAHC@?$AA@     10023d54     q_shared.obj
 0002:00001d58       ??_C@_0CD@GIPJKOOD@Com_sprintf?3?5overflow?5of?5?$CFi?5in?5?$CF@ 10023d58     q_shared.obj
 0002:00001d7c       ??_C@_01KICIPPFI@?2?$AA@   10023d7c     q_shared.obj
 0002:00001d80       ??_C@_01ICJEACDI@?$DL?$AA@ 10023d80     q_shared.obj
 0002:00001d84       ??_C@_01BJJEKLCA@?$CC?$AA@ 10023d84     q_shared.obj
 0002:00001d88       ??_C@_0BN@CAOBGKLE@Info?5string?5length?5exceeded?6?$AA@ 10023d88     q_shared.obj
 0002:00001da8       ??_C@_06NELKLDPM@?2?$CFs?2?$CFs?$AA@ 10023da8     q_shared.obj
 0002:00001db0       ??_C@_0CK@NHFLKFAE@Keys?5and?5values?5must?5be?5?$DM?564?5cha@ 10023db0     q_shared.obj
 0002:00001ddc       ??_C@_0CD@MGFMEBLE@Can?8t?5use?5keys?5or?5values?5with?5a?5@ 10023ddc     q_shared.obj
 0002:00001e00       ??_C@_0CL@JCFAGLFD@Can?8t?5use?5keys?5or?5values?5with?5a?5@ 10023e00     q_shared.obj
 0002:00001e2c       ??_C@_0CD@JIDDAEOO@Can?8t?5use?5keys?5or?5values?5with?5a?5@ 10023e2c     q_shared.obj
 0002:00001e50       ??_C@_0BM@IOBNNAMC@VirtualAlloc?5reserve?5failed?$AA@ 10023e50     q_shwin.obj
 0002:00001e6c       ??_C@_0BE@MPENGFPN@Hunk_Alloc?5overflow?$AA@ 10023e6c     q_shwin.obj
 0002:00001e80       ??_C@_0BP@FNEFFEDD@VirtualAlloc?5commit?5failed?4?6?$CFs?$AA@ 10023e80     q_shwin.obj
 0002:00001ea0       ??_C@_05GFOLEBJA@?$CFs?1?$CFs?$AA@ 10023ea0     q_shwin.obj
 0002:00001ea8       ??_C@_0BM@IPGKNLGC@Sys_BeginFind?5without?5close?$AA@ 10023ea8     q_shwin.obj
 0002:00001ec4       ??_C@_0P@NIPKMJHJ@wglSwapBuffers?$AA@ 10023ec4     qgl_win.obj
 0002:00001ed4       ??_C@_0BC@GFMMJIBD@wglSetPixelFormat?$AA@ 10023ed4     qgl_win.obj
 0002:00001ee8       ??_C@_0BC@KLNCGCDP@wglGetPixelFormat?$AA@ 10023ee8     qgl_win.obj
 0002:00001efc       ??_C@_0BH@EEFLPPJN@wglDescribePixelFormat?$AA@ 10023efc     qgl_win.obj
 0002:00001f14       ??_C@_0BF@KOEIAGCE@wglChoosePixelFormat?$AA@ 10023f14     qgl_win.obj
 0002:00001f2c       ??_C@_0BE@CJLPKDLH@wglUseFontOutlinesA?$AA@ 10023f2c     qgl_win.obj
 0002:00001f40       ??_C@_0BD@DNLKODH@wglUseFontBitmapsA?$AA@ 10023f40     qgl_win.obj
 0002:00001f54       ??_C@_0BE@JEAIHNHB@wglSwapLayerBuffers?$AA@ 10023f54     qgl_win.obj
 0002:00001f68       ??_C@_0O@GCGJMHDL@wglShareLists?$AA@ 10023f68     qgl_win.obj
 0002:00001f78       ??_C@_0BK@IDIDCPAL@wglSetLayerPaletteEntries?$AA@ 10023f78     qgl_win.obj
 0002:00001f94       ??_C@_0BH@KGAMHPCJ@wglRealizeLayerPalette?$AA@ 10023f94     qgl_win.obj
 0002:00001fac       ??_C@_0P@BBBFNDGG@wglMakeCurrent?$AA@ 10023fac     qgl_win.obj
 0002:00001fbc       ??_C@_0BC@FFKMKEGM@wglGetProcAddress?$AA@ 10023fbc     qgl_win.obj
 0002:00001fd0       ??_C@_0BK@ICKNAINE@wglGetLayerPaletteEntries?$AA@ 10023fd0     qgl_win.obj
 0002:00001fec       ??_C@_0BA@BMKCDCKD@wglGetCurrentDC?$AA@ 10023fec     qgl_win.obj
 0002:00001ffc       ??_C@_0BF@HABDPBMA@wglGetCurrentContext?$AA@ 10023ffc     qgl_win.obj
 0002:00002014       ??_C@_0BG@CJLCKGBL@wglDescribeLayerPlane?$AA@ 10024014     qgl_win.obj
 0002:0000202c       ??_C@_0BB@OGAIJNNO@wglDeleteContext?$AA@ 1002402c     qgl_win.obj
 0002:00002040       ??_C@_0BG@JIDGNHOC@wglCreateLayerContext?$AA@ 10024040     qgl_win.obj
 0002:00002058       ??_C@_0BB@GHMBNOIP@wglCreateContext?$AA@ 10024058     qgl_win.obj
 0002:0000206c       ??_C@_0P@BPLJMLAG@wglCopyContext?$AA@ 1002406c     qgl_win.obj
 0002:0000207c       ??_C@_0L@KBLIPDFH@glViewport?$AA@ 1002407c     qgl_win.obj
 0002:00002088       ??_C@_0BA@HAHECJNK@glVertexPointer?$AA@ 10024088     qgl_win.obj
 0002:00002098       ??_C@_0M@BHICLKLB@glVertex4sv?$AA@ 10024098     qgl_win.obj
 0002:000020a4       ??_C@_0L@IMGCCGJH@glVertex4s?$AA@ 100240a4     qgl_win.obj
 0002:000020b0       ??_C@_0M@GDDJMBH@glVertex4iv?$AA@ 100240b0     qgl_win.obj
 0002:000020bc       ??_C@_0L@DMEPNMEM@glVertex4i?$AA@ 100240bc     qgl_win.obj
 0002:000020c8       ??_C@_0M@NGPNLCK@glVertex4fv?$AA@ 100240c8     qgl_win.obj
 0002:000020d4       ??_C@_0L@LLNHMAID@glVertex4f?$AA@ 100240d4     qgl_win.obj
 0002:000020e0       ??_C@_0M@OOLAPEE@glVertex4dv?$AA@ 100240e0     qgl_win.obj
 0002:000020ec       ??_C@_0L@IJOBKCAB@glVertex4d?$AA@ 100240ec     qgl_win.obj
 0002:000020f8       ??_C@_0M@IKFFICAI@glVertex3sv?$AA@ 100240f8     qgl_win.obj
 0002:00002104       ??_C@_0L@IJCNDABC@glVertex3s?$AA@ 10024104     qgl_win.obj
 0002:00002110       ??_C@_0M@JLOEKEKO@glVertex3iv?$AA@ 10024110     qgl_win.obj
 0002:0000211c       ??_C@_0L@DJAAMKMJ@glVertex3i?$AA@ 1002411c     qgl_win.obj
 0002:00002128       ??_C@_0M@JALIODJD@glVertex3fv?$AA@ 10024128     qgl_win.obj
 0002:00002134       ??_C@_0L@LOJINGAG@glVertex3f?$AA@ 10024134     qgl_win.obj
 0002:00002140       ??_C@_0M@JDDMDHPN@glVertex3dv?$AA@ 10024140     qgl_win.obj
 0002:0000214c       ??_C@_0L@IMKOLEIE@glVertex3d?$AA@ 1002414c     qgl_win.obj
 0002:00002158       ??_C@_0M@DCOJOFGN@glVertex2sv?$AA@ 10024158     qgl_win.obj
 0002:00002164       ??_C@_0L@IIOPFKCF@glVertex2s?$AA@ 10024164     qgl_win.obj
 0002:00002170       ??_C@_0M@CDFIMDML@glVertex2iv?$AA@ 10024170     qgl_win.obj
 0002:0000217c       ??_C@_0L@DIMCKAPO@glVertex2i?$AA@ 1002417c     qgl_win.obj
 0002:00002188       ??_C@_0M@CIAEIEPG@glVertex2fv?$AA@ 10024188     qgl_win.obj
 0002:00002194       ??_C@_0L@LPFKLMDB@glVertex2f?$AA@ 10024194     qgl_win.obj
 0002:000021a0       ??_C@_0M@CLIAFAJI@glVertex2dv?$AA@ 100241a0     qgl_win.obj
 0002:000021ac       ??_C@_0L@INGMNOLD@glVertex2d?$AA@ 100241ac     qgl_win.obj
 0002:000021b8       ??_C@_0N@IFPDDBNE@glTranslatef?$AA@ 100241b8     qgl_win.obj
 0002:000021c8       ??_C@_0N@LHMFFDFG@glTranslated?$AA@ 100241c8     qgl_win.obj
 0002:000021d8       ??_C@_0BA@NHKIJEMK@glTexSubImage2D?$AA@ 100241d8     qgl_win.obj
 0002:000021e8       ??_C@_0BA@NFOOCKJD@glTexSubImage1D?$AA@ 100241e8     qgl_win.obj
 0002:000021f8       ??_C@_0BB@KPLJEAAI@glTexParameteriv?$AA@ 100241f8     qgl_win.obj
 0002:0000220c       ??_C@_0BA@KDNJAKA@glTexParameteri?$AA@ 1002420c     qgl_win.obj
 0002:0000221c       ??_C@_0BB@KEOFAHDF@glTexParameterfv?$AA@ 1002421c     qgl_win.obj
 0002:00002230       ??_C@_0BA@INKFIMGP@glTexParameterf?$AA@ 10024230     qgl_win.obj
 0002:00002240       ??_C@_0N@JBIKHLCC@glTexImage2D?$AA@ 10024240     qgl_win.obj
 0002:00002250       ??_C@_0N@JDMMMFHL@glTexImage1D?$AA@ 10024250     qgl_win.obj
 0002:00002260       ??_C@_0L@OIGLGFLJ@glTexGeniv?$AA@ 10024260     qgl_win.obj
 0002:0000226c       ??_C@_09GKNHFOEO@glTexGeni?$AA@ 1002426c     qgl_win.obj
 0002:00002278       ??_C@_0L@ODDHCCIE@glTexGenfv?$AA@ 10024278     qgl_win.obj
 0002:00002284       ??_C@_09ONEPECIB@glTexGenf?$AA@ 10024284     qgl_win.obj
 0002:00002290       ??_C@_0L@OALDPGOK@glTexGendv?$AA@ 10024290     qgl_win.obj
 0002:0000229c       ??_C@_09NPHJCAAD@glTexGend?$AA@ 1002429c     qgl_win.obj
 0002:000022a8       ??_C@_0L@EHNOIKND@glTexEnviv?$AA@ 100242a8     qgl_win.obj
 0002:000022b4       ??_C@_09NFCDHIOH@glTexEnvi?$AA@ 100242b4     qgl_win.obj
 0002:000022c0       ??_C@_0L@EMICMNOO@glTexEnvfv?$AA@ 100242c0     qgl_win.obj
 0002:000022cc       ??_C@_09FCLLGECI@glTexEnvf?$AA@ 100242cc     qgl_win.obj
 0002:000022d8       ??_C@_0BC@DAOMILMO@glTexCoordPointer?$AA@ 100242d8     qgl_win.obj
 0002:000022ec       ??_C@_0O@EBJEPFAA@glTexCoord4sv?$AA@ 100242ec     qgl_win.obj
 0002:000022fc       ??_C@_0N@CJOJLEKC@glTexCoord4s?$AA@ 100242fc     qgl_win.obj
 0002:0000230c       ??_C@_0O@FACFNDKG@glTexCoord4iv?$AA@ 1002430c     qgl_win.obj
 0002:0000231c       ??_C@_0N@JJMEEOHJ@glTexCoord4i?$AA@ 1002431c     qgl_win.obj
 0002:0000232c       ??_C@_0O@FLHJJEJL@glTexCoord4fv?$AA@ 1002432c     qgl_win.obj
 0002:0000233c       ??_C@_0N@BOFMFCLG@glTexCoord4f?$AA@ 1002433c     qgl_win.obj
 0002:0000234c       ??_C@_0O@FIPNEAPF@glTexCoord4dv?$AA@ 1002434c     qgl_win.obj
 0002:0000235c       ??_C@_0N@CMGKDADE@glTexCoord4d?$AA@ 1002435c     qgl_win.obj
 0002:0000236c       ??_C@_0O@NMEDMNLJ@glTexCoord3sv?$AA@ 1002436c     qgl_win.obj
 0002:0000237c       ??_C@_0N@CMKGKCCH@glTexCoord3s?$AA@ 1002437c     qgl_win.obj
 0002:0000238c       ??_C@_0O@MNPCOLBP@glTexCoord3iv?$AA@ 1002438c     qgl_win.obj
 0002:0000239c       ??_C@_0N@JMILFIPM@glTexCoord3i?$AA@ 1002439c     qgl_win.obj
 0002:000023ac       ??_C@_0O@MGKOKMCC@glTexCoord3fv?$AA@ 100243ac     qgl_win.obj
 0002:000023bc       ??_C@_0N@BLBDEEDD@glTexCoord3f?$AA@ 100243bc     qgl_win.obj
 0002:000023cc       ??_C@_0O@MFCKHIEM@glTexCoord3dv?$AA@ 100243cc     qgl_win.obj
 0002:000023dc       ??_C@_0N@CJCFCGLB@glTexCoord3d?$AA@ 100243dc     qgl_win.obj
 0002:000023ec       ??_C@_0O@GEPPKKNM@glTexCoord2sv?$AA@ 100243ec     qgl_win.obj
 0002:000023fc       ??_C@_0N@CNGEMIBA@glTexCoord2s?$AA@ 100243fc     qgl_win.obj
 0002:0000240c       ??_C@_0O@HFEOIMHK@glTexCoord2iv?$AA@ 1002440c     qgl_win.obj
 0002:0000241c       ??_C@_0N@JNEJDCML@glTexCoord2i?$AA@ 1002441c     qgl_win.obj
 0002:0000242c       ??_C@_0O@HOBCMLEH@glTexCoord2fv?$AA@ 1002442c     qgl_win.obj
 0002:0000243c       ??_C@_0N@BKNBCOAE@glTexCoord2f?$AA@ 1002443c     qgl_win.obj
 0002:0000244c       ??_C@_0O@HNJGBPCJ@glTexCoord2dv?$AA@ 1002444c     qgl_win.obj
 0002:0000245c       ??_C@_0N@CIOHEMIG@glTexCoord2d?$AA@ 1002445c     qgl_win.obj
 0002:0000246c       ??_C@_0O@HGEKAFDC@glTexCoord1sv?$AA@ 1002446c     qgl_win.obj
 0002:0000247c       ??_C@_0N@CPCCHGEJ@glTexCoord1s?$AA@ 1002447c     qgl_win.obj
 0002:0000248c       ??_C@_0O@GHPLCDJE@glTexCoord1iv?$AA@ 1002448c     qgl_win.obj
 0002:0000249c       ??_C@_0N@JPAPIMJC@glTexCoord1i?$AA@ 1002449c     qgl_win.obj
 0002:000024ac       ??_C@_0O@GMKHGEKJ@glTexCoord1fv?$AA@ 100244ac     qgl_win.obj
 0002:000024bc       ??_C@_0N@BIJHJAFN@glTexCoord1f?$AA@ 100244bc     qgl_win.obj
 0002:000024cc       ??_C@_0O@GPCDLAMH@glTexCoord1dv?$AA@ 100244cc     qgl_win.obj
 0002:000024dc       ??_C@_0N@CKKBPCNP@glTexCoord1d?$AA@ 100244dc     qgl_win.obj
 0002:000024ec       ??_C@_0M@BILBNGF@glStencilOp?$AA@ 100244ec     qgl_win.obj
 0002:000024f8       ??_C@_0O@DJFHPFEP@glStencilMask?$AA@ 100244f8     qgl_win.obj
 0002:00002508       ??_C@_0O@ENNLLOLN@glStencilFunc?$AA@ 10024508     qgl_win.obj
[...]
 0001:0001b060       _logDrawBuffer@4           1001c060 f   qgl_win.obj
 0001:0001b090       _logDrawElements@16        1001c090 f   qgl_win.obj
 0001:0001b0d0       _logDrawPixels@20          1001c0d0 f   qgl_win.obj
 0001:0001b110       _logEdgeFlag@4             1001c110 f   qgl_win.obj
 0001:0001b150       _logEdgeFlagPointer@8      1001c150 f   qgl_win.obj
 0001:0001b190       _logEdgeFlagv@4            1001c190 f   qgl_win.obj
 0001:0001b1c0       _logEnable@4               1001c1c0 f   qgl_win.obj
 0001:0001b200       _logEnableClientState@4    1001c200 f   qgl_win.obj
 0001:0001b230       _logEnd@0                  1001c230 f   qgl_win.obj
 0001:0001b260       _logEndList@0              1001c260 f   qgl_win.obj
 0001:0001b290       _logEvalCoord1d@8          1001c290 f   qgl_win.obj
 0001:0001b2d0       _logEvalCoord1dv@4         1001c2d0 f   qgl_win.obj
 0001:0001b300       _logEvalCoord1f@4          1001c300 f   qgl_win.obj
 0001:0001b340       _logEvalCoord1fv@4         1001c340 f   qgl_win.obj
 0001:0001b370       _logEvalCoord2d@16         1001c370 f   qgl_win.obj
 0001:0001b3b0       _logEvalCoord2dv@4         1001c3b0 f   qgl_win.obj
 0001:0001b3e0       _logEvalCoord2f@8          1001c3e0 f   qgl_win.obj
 0001:0001b420       _logEvalCoord2fv@4         1001c420 f   qgl_win.obj
 0001:0001b450       _logEvalMesh1@12           1001c450 f   qgl_win.obj
 0001:0001b490       _logEvalMesh2@20           1001c490 f   qgl_win.obj
 0001:0001b4d0       _logEvalPoint1@4           1001c4d0 f   qgl_win.obj
 0001:0001b500       _logEvalPoint2@8           1001c500 f   qgl_win.obj
 0001:0001b540       _logFeedbackBuffer@12      1001c540 f   qgl_win.obj
 0001:0001b580       _logFinish@0               1001c580 f   qgl_win.obj
 0001:0001b5b0       _logFlush@0                1001c5b0 f   qgl_win.obj
 0001:0001b5e0       _logFogf@8                 1001c5e0 f   qgl_win.obj
 0001:0001b620       _logFogfv@8                1001c620 f   qgl_win.obj
 0001:0001b660       _logFogi@8                 1001c660 f   qgl_win.obj
 0001:0001b6a0       _logFogiv@8                1001c6a0 f   qgl_win.obj
 0001:0001b6e0       _logFrontFace@4            1001c6e0 f   qgl_win.obj
 0001:0001b710       _logFrustum@48             1001c710 f   qgl_win.obj
 0001:0001b780       _logGenLists@4             1001c780 f   qgl_win.obj
 0001:0001b7b0       _logGenTextures@8          1001c7b0 f   qgl_win.obj
 0001:0001b7f0       _logGetBooleanv@8          1001c7f0 f   qgl_win.obj
 0001:0001b830       _logGetClipPlane@8         1001c830 f   qgl_win.obj
 0001:0001b870       _logGetDoublev@8           1001c870 f   qgl_win.obj
 0001:0001b8b0       _logGetError@0             1001c8b0 f   qgl_win.obj
 0001:0001b8e0       _logGetFloatv@8            1001c8e0 f   qgl_win.obj
 0001:0001b920       _logGetIntegerv@8          1001c920 f   qgl_win.obj
 0001:0001b960       _logGetLightfv@12          1001c960 f   qgl_win.obj
 0001:0001b9a0       _logGetLightiv@12          1001c9a0 f   qgl_win.obj
 0001:0001b9e0       _logGetMapdv@12            1001c9e0 f   qgl_win.obj
 0001:0001ba20       _logGetMapfv@12            1001ca20 f   qgl_win.obj
 0001:0001ba60       _logGetMapiv@12            1001ca60 f   qgl_win.obj
 0001:0001baa0       _logGetMaterialfv@12       1001caa0 f   qgl_win.obj
 0001:0001bae0       _logGetMaterialiv@12       1001cae0 f   qgl_win.obj
 0001:0001bb20       _logGetPixelMapfv@8        1001cb20 f   qgl_win.obj
 0001:0001bb60       _logGetPixelMapuiv@8       1001cb60 f   qgl_win.obj
 0001:0001bba0       _logGetPixelMapusv@8       1001cba0 f   qgl_win.obj
 0001:0001bbe0       _logGetPointerv@8          1001cbe0 f   qgl_win.obj
 0001:0001bc20       _logGetPolygonStipple@4    1001cc20 f   qgl_win.obj
 0001:0001bc50       _logGetString@4            1001cc50 f   qgl_win.obj
 0001:0001bc80       _logGetTexEnvfv@12         1001cc80 f   qgl_win.obj
 0001:0001bcc0       _logGetTexEnviv@12         1001ccc0 f   qgl_win.obj
 0001:0001bd00       _logGetTexGendv@12         1001cd00 f   qgl_win.obj
 0001:0001bd40       _logGetTexGenfv@12         1001cd40 f   qgl_win.obj
 0001:0001bd80       _logGetTexGeniv@12         1001cd80 f   qgl_win.obj
 0001:0001bdc0       _logGetTexImage@20         1001cdc0 f   qgl_win.obj
 0001:0001be00       _logGetTexLevelParameterfv@16 1001ce00 f   qgl_win.obj
 0001:0001be40       _logGetTexLevelParameteriv@16 1001ce40 f   qgl_win.obj
 0001:0001be80       _logGetTexParameterfv@12   1001ce80 f   qgl_win.obj
 0001:0001bec0       _logGetTexParameteriv@12   1001cec0 f   qgl_win.obj
 0001:0001bf00       _logHint@8                 1001cf00 f   qgl_win.obj
 0001:0001bf40       _logIndexMask@4            1001cf40 f   qgl_win.obj
 0001:0001bf70       _logIndexPointer@12        1001cf70 f   qgl_win.obj
 0001:0001bfb0       _logIndexd@8               1001cfb0 f   qgl_win.obj
 0001:0001bff0       _logIndexdv@4              1001cff0 f   qgl_win.obj
 0001:0001c020       _logIndexf@4               1001d020 f   qgl_win.obj
 0001:0001c060       _logIndexfv@4              1001d060 f   qgl_win.obj
 0001:0001c090       _logIndexi@4               1001d090 f   qgl_win.obj
 0001:0001c0c0       _logIndexiv@4              1001d0c0 f   qgl_win.obj
 0001:0001c0f0       _logIndexs@4               1001d0f0 f   qgl_win.obj
 0001:0001c130       _logIndexsv@4              1001d130 f   qgl_win.obj
 0001:0001c160       _logIndexub@4              1001d160 f   qgl_win.obj
 0001:0001c1a0       _logIndexubv@4             1001d1a0 f   qgl_win.obj
 0001:0001c1d0       _logInitNames@0            1001d1d0 f   qgl_win.obj
 0001:0001c200       _logInterleavedArrays@12   1001d200 f   qgl_win.obj
 0001:0001c240       _logIsEnabled@4            1001d240 f   qgl_win.obj
 0001:0001c270       _logIsList@4               1001d270 f   qgl_win.obj
 0001:0001c2a0       _logIsTexture@4            1001d2a0 f   qgl_win.obj
 0001:0001c2d0       _logLightModelf@8          1001d2d0 f   qgl_win.obj
 0001:0001c310       _logLightModelfv@8         1001d310 f   qgl_win.obj
 0001:0001c350       _logLightModeli@8          1001d350 f   qgl_win.obj
 0001:0001c390       _logLightModeliv@8         1001d390 f   qgl_win.obj
 0001:0001c3d0       _logLightf@12              1001d3d0 f   qgl_win.obj
 0001:0001c410       _logLightfv@12             1001d410 f   qgl_win.obj
 0001:0001c450       _logLighti@12              1001d450 f   qgl_win.obj
 0001:0001c490       _logLightiv@12             1001d490 f   qgl_win.obj
 0001:0001c4d0       _logLineStipple@8          1001d4d0 f   qgl_win.obj
 0001:0001c510       _logLineWidth@4            1001d510 f   qgl_win.obj
 0001:0001c550       _logListBase@4             1001d550 f   qgl_win.obj
 0001:0001c580       _logLoadIdentity@0         1001d580 f   qgl_win.obj
 0001:0001c5b0       _logLoadMatrixd@4          1001d5b0 f   qgl_win.obj
 0001:0001c5e0       _logLoadMatrixf@4          1001d5e0 f   qgl_win.obj
 0001:0001c610       _logLoadName@4             1001d610 f   qgl_win.obj
 0001:0001c640       _logLogicOp@4              1001d640 f   qgl_win.obj
 0001:0001c670       _logMap1d@32               1001d670 f   qgl_win.obj
 0001:0001c6c0       _logMap1f@24               1001d6c0 f   qgl_win.obj
 0001:0001c710       _logMap2d@56               1001d710 f   qgl_win.obj
 0001:0001c780       _logMap2f@40               1001d780 f   qgl_win.obj
 0001:0001c7e0       _logMapGrid1d@20           1001d7e0 f   qgl_win.obj
 0001:0001c830       _logMapGrid1f@12           1001d830 f   qgl_win.obj
 0001:0001c870       _logMapGrid2d@40           1001d870 f   qgl_win.obj
 0001:0001c8d0       _logMapGrid2f@24           1001d8d0 f   qgl_win.obj
 0001:0001c920       _logMaterialf@12           1001d920 f   qgl_win.obj
 0001:0001c960       _logMaterialfv@12          1001d960 f   qgl_win.obj
 0001:0001c9a0       _logMateriali@12           1001d9a0 f   qgl_win.obj
 0001:0001c9e0       _logMaterialiv@12          1001d9e0 f   qgl_win.obj
 0001:0001ca20       _logMatrixMode@4           1001da20 f   qgl_win.obj
 0001:0001ca50       _logMultMatrixd@4          1001da50 f   qgl_win.obj
 0001:0001ca80       _logMultMatrixf@4          1001da80 f   qgl_win.obj
 0001:0001cab0       _logNewList@8              1001dab0 f   qgl_win.obj
 0001:0001caf0       _logNormal3b@12            1001daf0 f   qgl_win.obj
 0001:0001cb30       _logNormal3bv@4            1001db30 f   qgl_win.obj
 0001:0001cb60       _logNormal3d@24            1001db60 f   qgl_win.obj
 0001:0001cbb0       _logNormal3dv@4            1001dbb0 f   qgl_win.obj
 0001:0001cbe0       _logNormal3f@12            1001dbe0 f   qgl_win.obj
 0001:0001cc30       _logNormal3fv@4            1001dc30 f   qgl_win.obj
 0001:0001cc60       _logNormal3i@12            1001dc60 f   qgl_win.obj
 0001:0001cca0       _logNormal3iv@4            1001dca0 f   qgl_win.obj
 0001:0001ccd0       _logNormal3s@12            1001dcd0 f   qgl_win.obj
 0001:0001cd10       _logNormal3sv@4            1001dd10 f   qgl_win.obj
 0001:0001cd40       _logNormalPointer@12       1001dd40 f   qgl_win.obj
 0001:0001cd80       _logOrtho@48               1001dd80 f   qgl_win.obj
 0001:0001cdf0       _logPassThrough@4          1001ddf0 f   qgl_win.obj
 0001:0001ce30       _logPixelMapfv@12          1001de30 f   qgl_win.obj
 0001:0001ce70       _logPixelMapuiv@12         1001de70 f   qgl_win.obj
 0001:0001ceb0       _logPixelMapusv@12         1001deb0 f   qgl_win.obj
 0001:0001cef0       _logPixelStoref@8          1001def0 f   qgl_win.obj
 0001:0001cf30       _logPixelStorei@8          1001df30 f   qgl_win.obj
 0001:0001cf70       _logPixelTransferf@8       1001df70 f   qgl_win.obj
 0001:0001cfb0       _logPixelTransferi@8       1001dfb0 f   qgl_win.obj
 0001:0001cff0       _logPixelZoom@8            1001dff0 f   qgl_win.obj
 0001:0001d030       _logPointSize@4            1001e030 f   qgl_win.obj
 0001:0001d070       _logPolygonMode@8          1001e070 f   qgl_win.obj
 0001:0001d0b0       _logPolygonOffset@8        1001e0b0 f   qgl_win.obj
 0001:0001d0f0       _logPolygonStipple@4       1001e0f0 f   qgl_win.obj
 0001:0001d120       _logPopAttrib@0            1001e120 f   qgl_win.obj
 0001:0001d150       _logPopClientAttrib@0      1001e150 f   qgl_win.obj
 0001:0001d180       _logPopMatrix@0            1001e180 f   qgl_win.obj
 0001:0001d1b0       _logPopName@0              1001e1b0 f   qgl_win.obj
 0001:0001d1e0       _logPrioritizeTextures@12  1001e1e0 f   qgl_win.obj
 0001:0001d220       _logPushAttrib@4           1001e220 f   qgl_win.obj
 0001:0001d250       _logPushClientAttrib@4     1001e250 f   qgl_win.obj
 0001:0001d280       _logPushMatrix@0           1001e280 f   qgl_win.obj
 0001:0001d2b0       _logPushName@4             1001e2b0 f   qgl_win.obj
 0001:0001d2e0       _logRasterPos2d@16         1001e2e0 f   qgl_win.obj
 0001:0001d320       _logRasterPos2dv@4         1001e320 f   qgl_win.obj
 0001:0001d350       _logRasterPos2f@8          1001e350 f   qgl_win.obj
 0001:0001d390       _logRasterPos2fv@4         1001e390 f   qgl_win.obj
 0001:0001d3c0       _logRasterPos2i@8          1001e3c0 f   qgl_win.obj
 0001:0001d400       _logRasterPos2iv@4         1001e400 f   qgl_win.obj
 0001:0001d430       _logRasterPos2s@8          1001e430 f   qgl_win.obj
 0001:0001d470       _logRasterPos2sv@4         1001e470 f   qgl_win.obj
 0001:0001d4a0       _logRasterPos3d@24         1001e4a0 f   qgl_win.obj
 0001:0001d4f0       _logRasterPos3dv@4         1001e4f0 f   qgl_win.obj
 0001:0001d520       _logRasterPos3f@12         1001e520 f   qgl_win.obj
 0001:0001d570       _logRasterPos3fv@4         1001e570 f   qgl_win.obj
 0001:0001d5a0       _logRasterPos3i@12         1001e5a0 f   qgl_win.obj
 0001:0001d5e0       _logRasterPos3iv@4         1001e5e0 f   qgl_win.obj
 0001:0001d610       _logRasterPos3s@12         1001e610 f   qgl_win.obj
 0001:0001d650       _logRasterPos3sv@4         1001e650 f   qgl_win.obj
 0001:0001d680       _logRasterPos4d@32         1001e680 f   qgl_win.obj
 0001:0001d6d0       _logRasterPos4dv@4         1001e6d0 f   qgl_win.obj
 0001:0001d700       _logRasterPos4f@16         1001e700 f   qgl_win.obj
 0001:0001d750       _logRasterPos4fv@4         1001e750 f   qgl_win.obj
 0001:0001d780       _logRasterPos4i@16         1001e780 f   qgl_win.obj
 0001:0001d7c0       _logRasterPos4iv@4         1001e7c0 f   qgl_win.obj
 0001:0001d7f0       _logRasterPos4s@16         1001e7f0 f   qgl_win.obj
 0001:0001d830       _logRasterPos4sv@4         1001e830 f   qgl_win.obj
 0001:0001d860       _logReadBuffer@4           1001e860 f   qgl_win.obj
 0001:0001d890       _logReadPixels@28          1001e890 f   qgl_win.obj
 0001:0001d8e0       _logRectd@32               1001e8e0 f   qgl_win.obj
 0001:0001d930       _logRectdv@8               1001e930 f   qgl_win.obj
 0001:0001d970       _logRectf@16               1001e970 f   qgl_win.obj
 0001:0001d9c0       _logRectfv@8               1001e9c0 f   qgl_win.obj
 0001:0001da00       _logRecti@16               1001ea00 f   qgl_win.obj
 0001:0001da40       _logRectiv@8               1001ea40 f   qgl_win.obj
 0001:0001da80       _logRects@16               1001ea80 f   qgl_win.obj
 0001:0001dac0       _logRectsv@8               1001eac0 f   qgl_win.obj
 0001:0001db00       _logRenderMode@4           1001eb00 f   qgl_win.obj
 0001:0001db30       _logRotated@32             1001eb30 f   qgl_win.obj
 0001:0001db80       _logRotatef@16             1001eb80 f   qgl_win.obj
 0001:0001dbd0       _logScaled@24              1001ebd0 f   qgl_win.obj
 0001:0001dc20       _logScalef@12              1001ec20 f   qgl_win.obj
 0001:0001dc70       _logScissor@16             1001ec70 f   qgl_win.obj
 0001:0001dcb0       _logSelectBuffer@8         1001ecb0 f   qgl_win.obj
 0001:0001dcf0       _logShadeModel@4           1001ecf0 f   qgl_win.obj
 0001:0001dd20       _logStencilFunc@12         1001ed20 f   qgl_win.obj
 0001:0001dd60       _logStencilMask@4          1001ed60 f   qgl_win.obj
 0001:0001dd90       _logStencilOp@12           1001ed90 f   qgl_win.obj
 0001:0001ddd0       _logTexCoord1d@8           1001edd0 f   qgl_win.obj
 0001:0001de10       _logTexCoord1dv@4          1001ee10 f   qgl_win.obj
 0001:0001de40       _logTexCoord1f@4           1001ee40 f   qgl_win.obj
 0001:0001de80       _logTexCoord1fv@4          1001ee80 f   qgl_win.obj
 0001:0001deb0       _logTexCoord1i@4           1001eeb0 f   qgl_win.obj
 0001:0001dee0       _logTexCoord1iv@4          1001eee0 f   qgl_win.obj
 0001:0001df10       _logTexCoord1s@4           1001ef10 f   qgl_win.obj
 0001:0001df50       _logTexCoord1sv@4          1001ef50 f   qgl_win.obj
 0001:0001df80       _logTexCoord2d@16          1001ef80 f   qgl_win.obj
 0001:0001dfc0       _logTexCoord2dv@4          1001efc0 f   qgl_win.obj
 0001:0001dff0       _logTexCoord2f@8           1001eff0 f   qgl_win.obj
 0001:0001e030       _logTexCoord2fv@4          1001f030 f   qgl_win.obj
 0001:0001e060       _logTexCoord2i@8           1001f060 f   qgl_win.obj
 0001:0001e0a0       _logTexCoord2iv@4          1001f0a0 f   qgl_win.obj
 0001:0001e0d0       _logTexCoord2s@8           1001f0d0 f   qgl_win.obj
 0001:0001e110       _logTexCoord2sv@4          1001f110 f   qgl_win.obj
 0001:0001e140       _logTexCoord3d@24          1001f140 f   qgl_win.obj
 0001:0001e190       _logTexCoord3dv@4          1001f190 f   qgl_win.obj
 0001:0001e1c0       _logTexCoord3f@12          1001f1c0 f   qgl_win.obj
 0001:0001e210       _logTexCoord3fv@4          1001f210 f   qgl_win.obj
 0001:0001e240       _logTexCoord3i@12          1001f240 f   qgl_win.obj
 0001:0001e280       _logTexCoord3iv@4          1001f280 f   qgl_win.obj
 0001:0001e2b0       _logTexCoord3s@12          1001f2b0 f   qgl_win.obj
 0001:0001e2f0       _logTexCoord3sv@4          1001f2f0 f   qgl_win.obj
 0001:0001e320       _logTexCoord4d@32          1001f320 f   qgl_win.obj
 0001:0001e370       _logTexCoord4dv@4          1001f370 f   qgl_win.obj
 0001:0001e3a0       _logTexCoord4f@16          1001f3a0 f   qgl_win.obj
 0001:0001e3f0       _logTexCoord4fv@4          1001f3f0 f   qgl_win.obj
 0001:0001e420       _logTexCoord4i@16          1001f420 f   qgl_win.obj
 0001:0001e460       _logTexCoord4iv@4          1001f460 f   qgl_win.obj
 0001:0001e490       _logTexCoord4s@16          1001f490 f   qgl_win.obj
 0001:0001e4d0       _logTexCoord4sv@4          1001f4d0 f   qgl_win.obj
 0001:0001e500       _logTexCoordPointer@16     1001f500 f   qgl_win.obj
 0001:0001e540       _logTexEnvf@12             1001f540 f   qgl_win.obj
 0001:0001e590       _logTexEnvfv@12            1001f590 f   qgl_win.obj
 0001:0001e5d0       _logTexEnvi@12             1001f5d0 f   qgl_win.obj
 0001:0001e620       _logTexEnviv@12            1001f620 f   qgl_win.obj
 0001:0001e660       _logTexGend@16             1001f660 f   qgl_win.obj
 0001:0001e6a0       _logTexGendv@12            1001f6a0 f   qgl_win.obj
 0001:0001e6e0       _logTexGenf@12             1001f6e0 f   qgl_win.obj
 0001:0001e720       _logTexGenfv@12            1001f720 f   qgl_win.obj
 0001:0001e760       _logTexGeni@12             1001f760 f   qgl_win.obj
 0001:0001e7a0       _logTexGeniv@12            1001f7a0 f   qgl_win.obj
 0001:0001e7e0       _logTexImage1D@32          1001f7e0 f   qgl_win.obj
 0001:0001e830       _logTexImage2D@36          1001f830 f   qgl_win.obj
 0001:0001e880       _logTexParameterf@12       1001f880 f   qgl_win.obj
 0001:0001e8d0       _logTexParameterfv@12      1001f8d0 f   qgl_win.obj
 0001:0001e910       _logTexParameteri@12       1001f910 f   qgl_win.obj
 0001:0001e960       _logTexParameteriv@12      1001f960 f   qgl_win.obj
 0001:0001e9a0       _logTexSubImage1D@28       1001f9a0 f   qgl_win.obj
 0001:0001e9f0       _logTexSubImage2D@36       1001f9f0 f   qgl_win.obj
 0001:0001ea40       _logTranslated@24          1001fa40 f   qgl_win.obj
 0001:0001ea90       _logTranslatef@12          1001fa90 f   qgl_win.obj
 0001:0001eae0       _logVertex2d@16            1001fae0 f   qgl_win.obj
 0001:0001eb20       _logVertex2dv@4            1001fb20 f   qgl_win.obj
 0001:0001eb50       _logVertex2f@8             1001fb50 f   qgl_win.obj
 0001:0001eb90       _logVertex2fv@4            1001fb90 f   qgl_win.obj
 0001:0001ebc0       _logVertex2i@8             1001fbc0 f   qgl_win.obj
 0001:0001ec00       _logVertex2iv@4            1001fc00 f   qgl_win.obj
 0001:0001ec30       _logVertex2s@8             1001fc30 f   qgl_win.obj
 0001:0001ec70       _logVertex2sv@4            1001fc70 f   qgl_win.obj
 0001:0001eca0       _logVertex3d@24            1001fca0 f   qgl_win.obj
 0001:0001ecf0       _logVertex3dv@4            1001fcf0 f   qgl_win.obj
 0001:0001ed20       _logVertex3f@12            1001fd20 f   qgl_win.obj
 0001:0001ed70       _logVertex3fv@4            1001fd70 f   qgl_win.obj
 0001:0001eda0       _logVertex3i@12            1001fda0 f   qgl_win.obj
 0001:0001ede0       _logVertex3iv@4            1001fde0 f   qgl_win.obj
 0001:0001ee10       _logVertex3s@12            1001fe10 f   qgl_win.obj
 0001:0001ee50       _logVertex3sv@4            1001fe50 f   qgl_win.obj
 0001:0001ee80       _logVertex4d@32            1001fe80 f   qgl_win.obj
 0001:0001eed0       _logVertex4dv@4            1001fed0 f   qgl_win.obj
 0001:0001ef00       _logVertex4f@16            1001ff00 f   qgl_win.obj
 0001:0001ef50       _logVertex4fv@4            1001ff50 f   qgl_win.obj
 0001:0001ef80       _logVertex4i@16            1001ff80 f   qgl_win.obj
 0001:0001efc0       _logVertex4iv@4            1001ffc0 f   qgl_win.obj
 0001:0001eff0       _logVertex4s@16            1001fff0 f   qgl_win.obj
 0001:0001f030       _logVertex4sv@4            10020030 f   qgl_win.obj
 0001:0001f060       _logVertexPointer@16       10020060 f   qgl_win.obj
 0001:0001f0a0       _logViewport@16            100200a0 f   qgl_win.obj
 0001:0001f360       _pre_c_init                10020360 f   MSVCRTD:crtdll.obj
 0001:0001f730       ___DllMainCRTStartup       10020730 f   MSVCRTD:crtdll.obj
 0001:0001fa90       _has_osfxsr_set            10020a90 f   MSVCRTD:cpu_disp.obj
