 gamex86

 Timestamp is 607ac44d (Sat Apr 17 23:19:41 2021)

 Preferred load address is 20000000

 Start         Length     Name                   Class
 0001:00000000 00041258H .text                   CODE
 0002:00000000 00000120H .idata$5                DATA
 0002:00000120 00000004H .CRT$XCA                DATA
 0002:00000124 00000004H .CRT$XCZ                DATA
 0002:00000128 00000004H .CRT$XIA                DATA
 0002:0000012c 00000004H .CRT$XIAA               DATA
 0002:00000130 00000004H .CRT$XIC                DATA
 0002:00000134 00000004H .CRT$XIZ                DATA
 0002:00000140 00006518H .rdata                  DATA
 0002:00006658 00000049H .rdata$debug            DATA
 0002:000066b0 00000004H .rdata$sxdata           DATA
 0002:000066b4 00000004H .rtc$IAA                DATA
 0002:000066b8 00000004H .rtc$IZZ                DATA
 0002:000066bc 00000004H .rtc$TAA                DATA
 0002:000066c0 00000004H .rtc$TZZ                DATA
 0002:000066c8 00000084H .xdata$x                DATA
 0002:0000674c 00000028H .idata$2                DATA
 0002:00006774 00000014H .idata$3                DATA
 0002:00006788 00000120H .idata$4                DATA
 0002:000068a8 000003e2H .idata$6                DATA
 0002:00006c90 00000049H .edata                  DATA
 0003:00000000 00010f38H .data                   DATA
 0003:00010f40 0000bd60H .bss                    DATA

  Address         Publics by Value              Rva+Base       Lib:Object

 0000:00000000       __except_list              00000000     <absolute>
 0000:00000001       ___safe_se_handler_count   00000001     <absolute>
 0000:00009876       __ldused                   00009876     <absolute>
 0000:00009876       __fltused                  00009876     <absolute>
 0000:00000000       ___ImageBase               20000000     <linker-defined>
 0001:00000000       _AI_SetSightClient         20001000 f   g_ai.obj
 0001:000000c0       _ai_move                   200010c0 f   g_ai.obj
 0001:000000f0       _ai_stand                  200010f0 f   g_ai.obj
 0001:00000340       _ai_walk                   20001340 f   g_ai.obj
 0001:00000440       _ai_charge                 20001440 f   g_ai.obj
 0001:000004e0       _ai_turn                   200014e0 f   g_ai.obj
 0001:00000540       _range                     20001540 f   g_ai.obj
 0001:000005e0       _visible                   200015e0 f   g_ai.obj
 0001:000006b0       _infront                   200016b0 f   g_ai.obj
 0001:00000750       _HuntTarget                20001750 f   g_ai.obj
 0001:00000820       _FoundTarget               20001820 f   g_ai.obj
 0001:000009e0       _FindTarget                200019e0 f   g_ai.obj
 0001:00000e90       _FacingIdeal               20001e90 f   g_ai.obj
 0001:00000ef0       _M_CheckAttack             20001ef0 f   g_ai.obj
 0001:000011f0       _ai_run_melee              200021f0 f   g_ai.obj
 0001:00001250       _ai_run_missile            20002250 f   g_ai.obj
 0001:000012b0       _ai_run_slide              200022b0 f   g_ai.obj
 0001:00001370       _ai_checkattack            20002370 f   g_ai.obj
 0001:00001780       _ai_run                    20002780 f   g_ai.obj
 0001:000021b0       _UpdateChaseCam            200031b0 f   g_chase.obj
 0001:000026a0       _ChaseNext                 200036a0 f   g_chase.obj
 0001:00002770       _ChasePrev                 20003770 f   g_chase.obj
 0001:00002830       _GetChaseTarget            20003830 f   g_chase.obj
 0001:000028e0       _ClientTeam                200038e0 f   g_cmds.obj
 0001:00002980       _OnSameTeam                20003980 f   g_cmds.obj
 0001:00002a20       _SelectNextItem            20003a20 f   g_cmds.obj
 0001:00002af0       _SelectPrevItem            20003af0 f   g_cmds.obj
 0001:00002bc0       _ValidateSelectedItem      20003bc0 f   g_cmds.obj
 0001:00002c00       _Cmd_Give_f                20003c00 f   g_cmds.obj
 0001:000030f0       _Cmd_God_f                 200040f0 f   g_cmds.obj
 0001:00003190       _Cmd_Notarget_f            20004190 f   g_cmds.obj
 0001:00003230       _Cmd_Noclip_f              20004230 f   g_cmds.obj
 0001:000032d0       _Cmd_Use_f                 200042d0 f   g_cmds.obj
 0001:00003390       _Cmd_Drop_f                20004390 f   g_cmds.obj
 0001:00003450       _Cmd_Inven_f               20004450 f   g_cmds.obj
 0001:00003500       _Cmd_InvUse_f              20004500 f   g_cmds.obj
 0001:00003590       _Cmd_WeapPrev_f            20004590 f   g_cmds.obj
 0001:00003670       _Cmd_WeapNext_f            20004670 f   g_cmds.obj
 0001:00003750       _Cmd_WeapLast_f            20004750 f   g_cmds.obj
 0001:000037f0       _Cmd_InvDrop_f             200047f0 f   g_cmds.obj
 0001:00003880       _Cmd_Kill_f                20004880 f   g_cmds.obj
 0001:00003900       _Cmd_PutAway_f             20004900 f   g_cmds.obj
 0001:00003940       _PlayerSort                20004940 f   g_cmds.obj
 0001:000039c0       _Cmd_Players_f             200049c0 f   g_cmds.obj
 0001:00003b50       _Cmd_Wave_f                20004b50 f   g_cmds.obj
 0001:00003cd0       _Cmd_Say_f                 20004cd0 f   g_cmds.obj
 0001:00004060       _Cmd_PlayerList_f          20005060 f   g_cmds.obj
 0001:00004240       _ClientCommand             20005240 f   g_cmds.obj
 0001:000046a0       _CanDamage                 200056a0 f   g_combat.obj
 0001:00004a00       _Killed                    20005a00 f   g_combat.obj
 0001:00004b80       _SpawnDamage               20005b80 f   g_combat.obj
 0001:00004bf0       _M_ReactToDamage           20005bf0 f   g_combat.obj
 0001:00004f00       _CheckTeamDamage           20005f00 f   g_combat.obj
 0001:00004f20       _T_Damage                  20005f20 f   g_combat.obj
 0001:000058b0       _T_RadiusDamage            200068b0 f   g_combat.obj
 0001:00005a50       _Move_Done                 20006a50 f   g_func.obj
 0001:00005aa0       _Move_Final                20006aa0 f   g_func.obj
 0001:00005b30       _Move_Begin                20006b30 f   g_func.obj
 0001:00005c10       _Move_Calc                 20006c10 f   g_func.obj
 0001:00005d70       _AngleMove_Done            20006d70 f   g_func.obj
 0001:00005dc0       _AngleMove_Final           20006dc0 f   g_func.obj
 0001:00005eb0       _AngleMove_Begin           20006eb0 f   g_func.obj
 0001:00005fe0       _AngleMove_Calc            20006fe0 f   g_func.obj
 0001:00006080       _plat_CalcAcceleratedMove  20007080 f   g_func.obj
 0001:000061b0       _plat_Accelerate           200071b0 f   g_func.obj
 0001:000063c0       _Think_AccelMove           200073c0 f   g_func.obj
 0001:000064b0       _plat_hit_top              200074b0 f   g_func.obj
 0001:00006550       _plat_hit_bottom           20007550 f   g_func.obj
 0001:000065d0       _plat_go_down              200075d0 f   g_func.obj
 0001:00006670       _plat_go_up                20007670 f   g_func.obj
 0001:00006710       _plat_blocked              20007710 f   g_func.obj
 0001:000067f0       _Use_Plat                  200077f0 f   g_func.obj
 0001:00006820       _Touch_Plat_Center         20007820 f   g_func.obj
 0001:00006890       _plat_spawn_inside_trigger 20007890 f   g_func.obj
 0001:00006a50       _SP_func_plat              20007a50 f   g_func.obj
 0001:00006e20       _rotating_blocked          20007e20 f   g_func.obj
 0001:00006e70       _rotating_touch            20007e70 f   g_func.obj
 0001:00006f00       _rotating_use              20007f00 f   g_func.obj
 0001:00006fc0       _SP_func_rotating          20007fc0 f   g_func.obj
 0001:000071b0       _button_done               200081b0 f   g_func.obj
 0001:00007200       _button_return             20008200 f   g_func.obj
 0001:00007260       _button_wait               20008260 f   g_func.obj
 0001:00007300       _button_fire               20008300 f   g_func.obj
 0001:000073a0       _button_use                200083a0 f   g_func.obj
 0001:000073d0       _button_touch              200083d0 f   g_func.obj
 0001:00007420       _button_killed             20008420 f   g_func.obj
 0001:00007470       _SP_func_button            20008470 f   g_func.obj
 0001:00007810       _door_use_areaportals      20008810 f   g_func.obj
 0001:00007890       _door_hit_top              20008890 f   g_func.obj
 0001:00007950       _door_hit_bottom           20008950 f   g_func.obj
 0001:000079e0       _door_go_down              200089e0 f   g_func.obj
 0001:00007af0       _door_go_up                20008af0 f   g_func.obj
 0001:00007c40       _door_use                  20008c40 f   g_func.obj
 0001:00007d20       _Touch_DoorTrigger         20008d20 f   g_func.obj
 0001:00007dd0       _Think_CalcMoveSpeed       20008dd0 f   g_func.obj
 0001:00007f50       _Think_SpawnDoorTrigger    20008f50 f   g_func.obj
 0001:00008100       _door_blocked              20009100 f   g_func.obj
 0001:00008240       _door_killed               20009240 f   g_func.obj
 0001:000082b0       _door_touch                200092b0 f   g_func.obj
 0001:00008350       _SP_func_door              20009350 f   g_func.obj
 0001:000088c0       _SP_func_door_rotating     200098c0 f   g_func.obj
 0001:00008e80       _SP_func_water             20009e80 f   g_func.obj
 0001:00009290       _train_blocked             2000a290 f   g_func.obj
 0001:00009370       _train_wait                2000a370 f   g_func.obj
 0001:00009510       _train_next                2000a510 f   g_func.obj
 0001:00009790       _train_resume              2000a790 f   g_func.obj
 0001:00009870       _func_train_find           2000a870 f   g_func.obj
 0001:000099a0       _train_use                 2000a9a0 f   g_func.obj
 0001:00009a50       _SP_func_train             2000aa50 f   g_func.obj
 0001:00009be0       _trigger_elevator_use      2000abe0 f   g_func.obj
 0001:00009c90       _trigger_elevator_init     2000ac90 f   g_func.obj
 0001:00009d60       _SP_trigger_elevator       2000ad60 f   g_func.obj
 0001:00009da0       _func_timer_think          2000ada0 f   g_func.obj
 0001:00009e10       _func_timer_use            2000ae10 f   g_func.obj
 0001:00009e90       _SP_func_timer             2000ae90 f   g_func.obj
 0001:00009fc0       _func_conveyor_use         2000afc0 f   g_func.obj
 0001:0000a050       _SP_func_conveyor          2000b050 f   g_func.obj
 0001:0000a100       _door_secret_use           2000b100 f   g_func.obj
 0001:0000a160       _door_secret_move1         2000b160 f   g_func.obj
 0001:0000a1a0       _door_secret_move2         2000b1a0 f   g_func.obj
 0001:0000a1d0       _door_secret_move3         2000b1d0 f   g_func.obj
 0001:0000a220       _door_secret_move4         2000b220 f   g_func.obj
 0001:0000a250       _door_secret_move5         2000b250 f   g_func.obj
 0001:0000a290       _door_secret_move6         2000b290 f   g_func.obj
 0001:0000a2c0       _door_secret_done          2000b2c0 f   g_func.obj
 0001:0000a320       _door_secret_blocked       2000b320 f   g_func.obj
 0001:0000a3f0       _door_secret_die           2000b3f0 f   g_func.obj
 0001:0000a430       _SP_func_door_secret       2000b430 f   g_func.obj
 0001:0000a7a0       _use_killbox               2000b7a0 f   g_func.obj
 0001:0000a7c0       _SP_func_killbox           2000b7c0 f   g_func.obj
 0001:0000a810       _GetItemByIndex            2000b810 f   g_items.obj
 0001:0000a840       _FindItemByClassname       2000b840 f   g_items.obj
 0001:0000a8b0       _FindItem                  2000b8b0 f   g_items.obj
 0001:0000a920       _DoRespawn                 2000b920 f   g_items.obj
 0001:0000a9f0       _SetRespawn                2000b9f0 f   g_items.obj
 0001:0000aa70       _Pickup_Powerup            2000ba70 f   g_items.obj
 0001:0000ac40       _Drop_General              2000bc40 f   g_items.obj
 0001:0000acb0       _Pickup_Adrenaline         2000bcb0 f   g_items.obj
 0001:0000ad60       _Pickup_AncientHead        2000bd60 f   g_items.obj
 0001:0000add0       _Pickup_Bandolier          2000bdd0 f   g_items.obj
 0001:0000afc0       _Pickup_Pack               2000bfc0 f   g_items.obj
 0001:0000b410       _Use_Quad                  2000c410 f   g_items.obj
 0001:0000b510       _Use_Breather              2000c510 f   g_items.obj
 0001:0000b5c0       _Use_Envirosuit            2000c5c0 f   g_items.obj
 0001:0000b670       _Use_Invulnerability       2000c670 f   g_items.obj
 0001:0000b750       _Use_Silencer              2000c750 f   g_items.obj
 0001:0000b7d0       _Pickup_Key                2000c7d0 f   g_items.obj
 0001:0000b960       _Add_Ammo                  2000c960 f   g_items.obj
 0001:0000baa0       _Pickup_Ammo               2000caa0 f   g_items.obj
 0001:0000bc00       _Drop_Ammo                 2000cc00 f   g_items.obj
 0001:0000bd20       _MegaHealth_think          2000cd20 f   g_items.obj
 0001:0000bde0       _Pickup_Health             2000cde0 f   g_items.obj
 0001:0000bf30       _ArmorIndex                2000cf30 f   g_items.obj
 0001:0000bfb0       _Pickup_Armor              2000cfb0 f   g_items.obj
 0001:0000c1f0       _PowerArmorType            2000d1f0 f   g_items.obj
 0001:0000c260       _Use_PowerArmor            2000d260 f   g_items.obj
 0001:0000c360       _Pickup_PowerArmor         2000d360 f   g_items.obj
 0001:0000c450       _Drop_PowerArmor           2000d450 f   g_items.obj
 0001:0000c4c0       _Touch_Item                2000d4c0 f   g_items.obj
 0001:0000c7f0       _Drop_Item                 2000d7f0 f   g_items.obj
 0001:0000cb10       _Use_Item                  2000db10 f   g_items.obj
 0001:0000cba0       _droptofloor               2000dba0 f   g_items.obj
 0001:0000cef0       _PrecacheItem              2000def0 f   g_items.obj
 0001:0000d110       _SpawnItem                 2000e110 f   g_items.obj
 0001:0000d390       _SP_item_health            2000e390 f   g_items.obj
 0001:0000d420       _SP_item_health_small      2000e420 f   g_items.obj
 0001:0000d4c0       _SP_item_health_large      2000e4c0 f   g_items.obj
 0001:0000d550       _SP_item_health_mega       2000e550 f   g_items.obj
 0001:0000d5f0       _InitItems                 2000e5f0 f   g_items.obj
 0001:0000d610       _SetItemNames              2000e610 f   g_items.obj
 0001:0000d710       _ShutdownGame              2000e710 f   g_main.obj
 0001:0000d750       _GetGameAPI                2000e750 f   g_main.obj
 0001:0000d820       _Sys_Error                 2000e820 f   g_main.obj
 0001:0000d890       _Com_Printf                2000e890 f   g_main.obj
 0001:0000d900       _ClientEndServerFrames     2000e900 f   g_main.obj
 0001:0000d980       _CreateTargetChangeLevel   2000e980 f   g_main.obj
 0001:0000d9d0       _EndDMLevel                2000e9d0 f   g_main.obj
 0001:0000db80       _CheckDMRules              2000eb80 f   g_main.obj
 0001:0000dcb0       _ExitLevel                 2000ecb0 f   g_main.obj
 0001:0000dda0       _G_RunFrame                2000eda0 f   g_main.obj
 0001:0000df00       _Use_Areaportal            2000ef00 f   g_misc.obj
 0001:0000df50       _SP_func_areaportal        2000ef50 f   g_misc.obj
 0001:0000df80       _VelocityForDamage         2000ef80 f   g_misc.obj
 0001:0000e060       _ClipGibVelocity           2000f060 f   g_misc.obj
 0001:0000e160       _gib_think                 2000f160 f   g_misc.obj
 0001:0000e1f0       _gib_touch                 2000f1f0 f   g_misc.obj
 0001:0000e2d0       _gib_die                   2000f2d0 f   g_misc.obj
 0001:0000e2f0       _ThrowGib                  2000f2f0 f   g_misc.obj
 0001:0000e5a0       _ThrowHead                 2000f5a0 f   g_misc.obj
 0001:0000e7b0       _ThrowClientHead           2000f7b0 f   g_misc.obj
 0001:0000e970       _debris_die                2000f970 f   g_misc.obj
 0001:0000e990       _ThrowDebris               2000f990 f   g_misc.obj
 0001:0000ebb0       _BecomeExplosion1          2000fbb0 f   g_misc.obj
 0001:0000ec10       _BecomeExplosion2          2000fc10 f   g_misc.obj
 0001:0000ec70       _path_corner_touch         2000fc70 f   g_misc.obj
 0001:0000ee90       _SP_path_corner            2000fe90 f   g_misc.obj
 0001:0000ef80       _point_combat_touch        2000ff80 f   g_misc.obj
 0001:0000f1c0       _SP_point_combat           200101c0 f   g_misc.obj
 0001:0000f290       _TH_viewthing              20010290 f   g_misc.obj
 0001:0000f2d0       _SP_viewthing              200102d0 f   g_misc.obj
 0001:0000f3b0       _SP_info_null              200103b0 f   g_misc.obj
 0001:0000f3d0       _SP_info_notnull           200103d0 f   g_misc.obj
 0001:0000f440       _SP_light                  20010440 f   g_misc.obj
 0001:0000f580       _func_wall_use             20010580 f   g_misc.obj
 0001:0000f620       _SP_func_wall              20010620 f   g_misc.obj
 0001:0000f780       _func_object_touch         20010780 f   g_misc.obj
 0001:0000f7f0       _func_object_release       200107f0 f   g_misc.obj
 0001:0000f820       _func_object_use           20010820 f   g_misc.obj
 0001:0000f880       _SP_func_object            20010880 f   g_misc.obj
 0001:0000fa30       _func_explosive_explode    20010a30 f   g_misc.obj
 0001:0000fdb0       _func_explosive_use        20010db0 f   g_misc.obj
 0001:0000fdf0       _func_explosive_spawn      20010df0 f   g_misc.obj
 0001:0000fe50       _SP_func_explosive         20010e50 f   g_misc.obj
 0001:0000ffc0       _barrel_touch              20010fc0 f   g_misc.obj
 0001:00010060       _barrel_explode            20011060 f   g_misc.obj
 0001:00010ac0       _barrel_delay              20011ac0 f   g_misc.obj
 0001:00010b10       _SP_misc_explobox          20011b10 f   g_misc.obj
 0001:00010cc0       _misc_blackhole_use        20011cc0 f   g_misc.obj
 0001:00010ce0       _misc_blackhole_think      20011ce0 f   g_misc.obj
 0001:00010d40       _SP_misc_blackhole         20011d40 f   g_misc.obj
 0001:00010e20       _misc_eastertank_think     20011e20 f   g_misc.obj
 0001:00010e90       _SP_misc_eastertank        20011e90 f   g_misc.obj
 0001:00010f70       _misc_easterchick_think    20011f70 f   g_misc.obj
 0001:00010fe0       _SP_misc_easterchick       20011fe0 f   g_misc.obj
 0001:000110b0       _misc_easterchick2_think   200120b0 f   g_misc.obj
 0001:00011120       _SP_misc_easterchick2      20012120 f   g_misc.obj
 0001:000111f0       _commander_body_think      200121f0 f   g_misc.obj
 0001:00011280       _commander_body_use        20012280 f   g_misc.obj
 0001:000112f0       _commander_body_drop       200122f0 f   g_misc.obj
 0001:00011320       _SP_monster_commander_body 20012320 f   g_misc.obj
 0001:00011450       _misc_banner_think         20012450 f   g_misc.obj
 0001:000114a0       _SP_misc_banner            200124a0 f   g_misc.obj
 0001:00011530       _misc_deadsoldier_die      20012530 f   g_misc.obj
 0001:000115d0       _SP_misc_deadsoldier       200125d0 f   g_misc.obj
 0001:00011780       _misc_viper_use            20012780 f   g_misc.obj
 0001:000117d0       _SP_misc_viper             200127d0 f   g_misc.obj
 0001:00011950       _SP_misc_bigviper          20012950 f   g_misc.obj
 0001:00011a00       _misc_viper_bomb_touch     20012a00 f   g_misc.obj
 0001:00011a80       _misc_viper_bomb_prethink  20012a80 f   g_misc.obj
 0001:00011b20       _misc_viper_bomb_use       20012b20 f   g_misc.obj
 0001:00011c30       _SP_misc_viper_bomb        20012c30 f   g_misc.obj
 0001:00011d10       _misc_strogg_ship_use      20012d10 f   g_misc.obj
 0001:00011d60       _SP_misc_strogg_ship       20012d60 f   g_misc.obj
 0001:00011ef0       _misc_satellite_dish_think 20012ef0 f   g_misc.obj
 0001:00011f30       _misc_satellite_dish_use   20012f30 f   g_misc.obj
 0001:00011f70       _SP_misc_satellite_dish    20012f70 f   g_misc.obj
 0001:00012020       _SP_light_mine1            20013020 f   g_misc.obj
 0001:00012070       _SP_light_mine2            20013070 f   g_misc.obj
 0001:000120c0       _SP_misc_gib_arm           200130c0 f   g_misc.obj
 0001:000121f0       _SP_misc_gib_leg           200131f0 f   g_misc.obj
 0001:00012320       _SP_misc_gib_head          20013320 f   g_misc.obj
 0001:00012450       _SP_target_character       20013450 f   g_misc.obj
 0001:000124b0       _target_string_use         200134b0 f   g_misc.obj
 0001:000125a0       _SP_target_string          200135a0 f   g_misc.obj
 0001:000125e0       _func_clock_think          200135e0 f   g_misc.obj
 0001:00012aa0       _func_clock_use            20013aa0 f   g_misc.obj
 0001:00012b00       _SP_func_clock             20013b00 f   g_misc.obj
 0001:00012c40       _teleporter_touch          20013c40 f   g_misc.obj
 0001:00012e30       _SP_misc_teleporter        20013e30 f   g_misc.obj
 0001:00012ff0       _SP_misc_teleporter_dest   20013ff0 f   g_misc.obj
 0001:00013090       _monster_fire_bullet       20014090 f   g_monster.obj
 0001:00013110       _monster_fire_shotgun      20014110 f   g_monster.obj
 0001:00013190       _monster_fire_blaster      20014190 f   g_monster.obj
 0001:00013210       _monster_fire_grenade      20014210 f   g_monster.obj
 0001:000132a0       _monster_fire_rocket       200142a0 f   g_monster.obj
 0001:00013330       _monster_fire_railgun      20014330 f   g_monster.obj
 0001:000133a0       _monster_fire_bfg          200143a0 f   g_monster.obj
 0001:00013420       _M_FlyCheck                20014420 f   g_monster.obj
 0001:00013550       _AttackFinished            20014550 f   g_monster.obj
 0001:00013580       _M_CheckGround             20014580 f   g_monster.obj
 0001:000136c0       _M_CatagorizePosition      200146c0 f   g_monster.obj
 0001:000137b0       _M_WorldEffects            200147b0 f   g_monster.obj
 0001:00013c90       _M_droptofloor             20014c90 f   g_monster.obj
 0001:00013d90       _M_SetEffects              20014d90 f   g_monster.obj
 0001:00013e70       _M_MoveFrame               20014e70 f   g_monster.obj
 0001:00014070       _monster_think             20015070 f   g_monster.obj
 0001:000140e0       _monster_use               200150e0 f   g_monster.obj
 0001:00014150       _monster_triggered_spawn   20015150 f   g_monster.obj
 0001:00014230       _monster_triggered_spawn_use 20015230 f   g_monster.obj
 0001:00014290       _monster_triggered_start   20015290 f   g_monster.obj
 0001:000142f0       _monster_death_use         200152f0 f   g_monster.obj
 0001:000143a0       _monster_start             200153a0 f   g_monster.obj
 0001:000145d0       _monster_start_go          200155d0 f   g_monster.obj
 0001:00014970       _walkmonster_start_go      20015970 f   g_monster.obj
 0001:00014a60       _walkmonster_start         20015a60 f   g_monster.obj
 0001:00014a90       _flymonster_start_go       20015a90 f   g_monster.obj
 0001:00014b40       _flymonster_start          20015b40 f   g_monster.obj
 0001:00014b80       _swimmonster_start_go      20015b80 f   g_monster.obj
 0001:00014bf0       _swimmonster_start         20015bf0 f   g_monster.obj
 0001:00014c30       _SV_TestEntityPosition     20015c30 f   g_phys.obj
 0001:00014cd0       _SV_CheckVelocity          20015cd0 f   g_phys.obj
 0001:00014d70       _SV_RunThink               20015d70 f   g_phys.obj
 0001:00014e00       _SV_Impact                 20015e00 f   g_phys.obj
 0001:00014e90       _ClipVelocity              20015e90 f   g_phys.obj
 0001:00014f90       _SV_FlyMove                20015f90 f   g_phys.obj
 0001:00015520       _SV_AddGravity             20016520 f   g_phys.obj
 0001:00015560       _SV_PushEntity             20016560 f   g_phys.obj
 0001:000156e0       _SV_Push                   200166e0 f   g_phys.obj
 0001:00015d90       _SV_Physics_Pusher         20016d90 f   g_phys.obj
 0001:00015f80       _SV_Physics_None           20016f80 f   g_phys.obj
 0001:00015fa0       _SV_Physics_Noclip         20016fa0 f   g_phys.obj
 0001:00016030       _SV_Physics_Toss           20017030 f   g_phys.obj
 0001:000163d0       _SV_AddRotationalFriction  200173d0 f   g_phys.obj
 0001:000164e0       _SV_Physics_Step           200174e0 f   g_phys.obj
 0001:00016970       _G_RunEntity               20017970 f   g_phys.obj
 0001:00016a40       _InitGame                  20017a40 f   g_save.obj
 0001:00016e70       _WriteField1               20017e70 f   g_save.obj
 0001:00017020       _WriteField2               20018020 f   g_save.obj
 0001:00017090       _ReadField                 20018090 f   g_save.obj
 0001:00017250       _WriteClient               20018250 f   g_save.obj
 0001:00017310       _ReadClient                20018310 f   g_save.obj
 0001:00017370       _WriteGame                 20018370 f   g_save.obj
 0001:00017480       _ReadGame                  20018480 f   g_save.obj
 0001:000175d0       _WriteEdict                200185d0 f   g_save.obj
 0001:00017680       _WriteLevelLocals          20018680 f   g_save.obj
 0001:00017740       _ReadEdict                 20018740 f   g_save.obj
 0001:000177a0       _ReadLevelLocals           200187a0 f   g_save.obj
 0001:00017800       _WriteLevel                20018800 f   g_save.obj
 0001:00017910       _ReadLevel                 20018910 f   g_save.obj
 0001:00017ba0       _ED_CallSpawn              20018ba0 f   g_spawn.obj
 0001:00017ca0       _ED_NewString              20018ca0 f   g_spawn.obj
 0001:00017d70       _ED_ParseField             20018d70 f   g_spawn.obj
 0001:00017f10       _ED_ParseEdict             20018f10 f   g_spawn.obj
 0001:00018050       _G_FindTeams               20019050 f   g_spawn.obj
 0001:000181f0       _SpawnEntities             200191f0 f   g_spawn.obj
 0001:00018550       _SP_worldspawn             20019550 f   g_spawn.obj
 0001:00018be0       _Svcmd_Test_f              20019be0 f   g_svcmds.obj
 0001:00018c10       _SV_FilterPacket           20019c10 f   g_svcmds.obj
 0001:00018d30       _SVCmd_AddIP_f             20019d30 f   g_svcmds.obj
 0001:00018fa0       _SVCmd_RemoveIP_f          20019fa0 f   g_svcmds.obj
 0001:000190c0       _SVCmd_ListIP_f            2001a0c0 f   g_svcmds.obj
 0001:00019140       _SVCmd_WriteIP_f           2001a140 f   g_svcmds.obj
 0001:000192c0       _ServerCommand             2001a2c0 f   g_svcmds.obj
 0001:00019390       _Use_Target_Tent           2001a390 f   g_target.obj
 0001:000193e0       _SP_target_temp_entity     2001a3e0 f   g_target.obj
 0001:00019400       _Use_Target_Speaker        2001a400 f   g_target.obj
 0001:000194b0       _SP_target_speaker         2001a4b0 f   g_target.obj
 0001:00019600       _Use_Target_Help           2001a600 f   g_target.obj
 0001:00019670       _SP_target_help            2001a670 f   g_target.obj
 0001:00019700       _use_target_secret         2001a700 f   g_target.obj
 0001:00019770       _SP_target_secret          2001a770 f   g_target.obj
 0001:00019860       _use_target_goal           2001a860 f   g_target.obj
 0001:000198f0       _SP_target_goal            2001a8f0 f   g_target.obj
 0001:00019980       _target_explosion_explode  2001a980 f   g_target.obj
 0001:00019a40       _use_target_explosion      2001aa40 f   g_target.obj
 0001:00019ab0       _SP_target_explosion       2001aab0 f   g_target.obj
 0001:00019ae0       _use_target_changelevel    2001aae0 f   g_target.obj
 0001:00019c30       _SP_target_changelevel     2001ac30 f   g_target.obj
 0001:00019cd0       _use_target_splash         2001acd0 f   g_target.obj
 0001:00019da0       _SP_target_splash          2001ada0 f   g_target.obj
 0001:00019e00       _use_target_spawner        2001ae00 f   g_target.obj
 0001:00019ef0       _SP_target_spawner         2001aef0 f   g_target.obj
 0001:00019f70       _use_target_blaster        2001af70 f   g_target.obj
 0001:0001a020       _SP_target_blaster         2001b020 f   g_target.obj
 0001:0001a0c0       _trigger_crosslevel_trigger_use 2001b0c0 f   g_target.obj
 0001:0001a100       _SP_target_crosslevel_trigger 2001b100 f   g_target.obj
 0001:0001a130       _target_crosslevel_target_think 2001b130 f   g_target.obj
 0001:0001a180       _SP_target_crosslevel_target 2001b180 f   g_target.obj
 0001:0001a1f0       _target_laser_think        2001b1f0 f   g_target.obj
 0001:0001a500       _target_laser_on           2001b500 f   g_target.obj
 0001:0001a570       _target_laser_off          2001b570 f   g_target.obj
 0001:0001a5c0       _target_laser_use          2001b5c0 f   g_target.obj
 0001:0001a610       _target_laser_start        2001b610 f   g_target.obj
 0001:0001a860       _SP_target_laser           2001b860 f   g_target.obj
 0001:0001a8a0       _target_lightramp_think    2001b8a0 f   g_target.obj
 0001:0001a9b0       _target_lightramp_use      2001b9b0 f   g_target.obj
 0001:0001ab00       _SP_target_lightramp       2001bb00 f   g_target.obj
 0001:0001ace0       _target_earthquake_think   2001bce0 f   g_target.obj
 0001:0001ae90       _target_earthquake_use     2001be90 f   g_target.obj
 0001:0001aef0       _SP_target_earthquake      2001bef0 f   g_target.obj
 0001:0001afc0       _InitTrigger               2001bfc0 f   g_trigger.obj
 0001:0001b040       _multi_wait                2001c040 f   g_trigger.obj
 0001:0001b060       _multi_trigger             2001c060 f   g_trigger.obj
 0001:0001b110       _Use_Multi                 2001c110 f   g_trigger.obj
 0001:0001b140       _Touch_Multi               2001c140 f   g_trigger.obj
 0001:0001b200       _trigger_enable            2001c200 f   g_trigger.obj
 0001:0001b240       _SP_trigger_multiple       2001c240 f   g_trigger.obj
 0001:0001b3b0       _SP_trigger_once           2001c3b0 f   g_trigger.obj
 0001:0001b470       _trigger_relay_use         2001c470 f   g_trigger.obj
 0001:0001b490       _SP_trigger_relay          2001c490 f   g_trigger.obj
 0001:0001b4b0       _trigger_key_use           2001c4b0 f   g_trigger.obj
 0001:0001b780       _SP_trigger_key            2001c780 f   g_trigger.obj
 0001:0001b870       _trigger_counter_use       2001c870 f   g_trigger.obj
 0001:0001b980       _SP_trigger_counter        2001c980 f   g_trigger.obj
 0001:0001b9d0       _SP_trigger_always         2001c9d0 f   g_trigger.obj
 0001:0001ba20       _trigger_push_touch        2001ca20 f   g_trigger.obj
 0001:0001bb90       _SP_trigger_push           2001cb90 f   g_trigger.obj
 0001:0001bc00       _hurt_use                  2001cc00 f   g_trigger.obj
 0001:0001bc60       _hurt_touch                2001cc60 f   g_trigger.obj
 0001:0001bd80       _SP_trigger_hurt           2001cd80 f   g_trigger.obj
 0001:0001be30       _trigger_gravity_touch     2001ce30 f   g_trigger.obj
 0001:0001be60       _SP_trigger_gravity        2001ce60 f   g_trigger.obj
 0001:0001bee0       _trigger_monsterjump_touch 2001cee0 f   g_trigger.obj
 0001:0001bf90       _SP_trigger_monsterjump    2001cf90 f   g_trigger.obj
 0001:0001c020       _AnglesNormalize           2001d020 f   g_turret.obj
 0001:0001c0d0       _SnapToEights              2001d0d0 f   g_turret.obj
 0001:0001c130       _turret_blocked            2001d130 f   g_turret.obj
 0001:0001c1c0       _turret_breach_fire        2001d1c0 f   g_turret.obj
 0001:0001c310       _turret_breach_think       2001d310 f   g_turret.obj
 0001:0001c970       _turret_breach_finish_init 2001d970 f   g_turret.obj
 0001:0001ca70       _SP_turret_breach          2001da70 f   g_turret.obj
 0001:0001cc00       _SP_turret_base            2001dc00 f   g_turret.obj
 0001:0001cc60       _turret_driver_die         2001dc60 f   g_turret.obj
 0001:0001cd30       _turret_driver_think       2001dd30 f   g_turret.obj
 0001:0001cf60       _turret_driver_link        2001df60 f   g_turret.obj
 0001:0001d140       _SP_turret_driver          2001e140 f   g_turret.obj
 0001:0001d390       _G_ProjectSource           2001e390 f   g_utils.obj
 0001:0001d420       _G_Find                    2001e420 f   g_utils.obj
 0001:0001d4b0       _findradius                2001e4b0 f   g_utils.obj
 0001:0001d5a0       _G_PickTarget              2001e5a0 f   g_utils.obj
 0001:0001d650       _Think_Delay               2001e650 f   g_utils.obj
 0001:0001d690       _G_UseTargets              2001e690 f   g_utils.obj
 0001:0001d950       _tv                        2001e950 f   g_utils.obj
 0001:0001d9a0       _vtos                      2001e9a0 f   g_utils.obj
 0001:0001da10       _G_SetMovedir              2001ea10 f   g_utils.obj
 0001:0001dac0       _vectoyaw                  2001eac0 f   g_utils.obj
 0001:0001db80       _vectoangles               2001eb80 f   g_utils.obj
 0001:0001dd10       _G_CopyString              2001ed10 f   g_utils.obj
 0001:0001dd60       _G_InitEdict               2001ed60 f   g_utils.obj
 0001:0001ddb0       _G_Spawn                   2001edb0 f   g_utils.obj
 0001:0001dea0       _G_FreeEdict               2001eea0 f   g_utils.obj
 0001:0001df30       _G_TouchTriggers           2001ef30 f   g_utils.obj
 0001:0001e010       _G_TouchSolids             2001f010 f   g_utils.obj
 0001:0001e0d0       _KillBox                   2001f0d0 f   g_utils.obj
 0001:0001e1a0       _fire_hit                  2001f1a0 f   g_weapon.obj
 0001:0001e530       _fire_bullet               2001f530 f   g_weapon.obj
 0001:0001ebd0       _fire_shotgun              2001fbd0 f   g_weapon.obj
 0001:0001ec30       _blaster_touch             2001fc30 f   g_weapon.obj
 0001:0001ed80       _fire_blaster              2001fd80 f   g_weapon.obj
 0001:0001f160       _fire_grenade              20020160 f   g_weapon.obj
 0001:0001f7e0       _fire_grenade2             200207e0 f   g_weapon.obj
 0001:0001fab0       _rocket_touch              20020ab0 f   g_weapon.obj
 0001:0001fcb0       _fire_rocket               20020cb0 f   g_weapon.obj
 0001:0001fe90       _fire_rail                 20020e90 f   g_weapon.obj
 0001:00020080       _bfg_explode               20021080 f   g_weapon.obj
 0001:000202c0       _bfg_touch                 200212c0 f   g_weapon.obj
 0001:000204e0       _bfg_think                 200214e0 f   g_weapon.obj
 0001:000207f0       _fire_bfg                  200217f0 f   g_weapon.obj
 0001:00020a00       _actor_stand               20021a00 f   m_actor.obj
 0001:00020a70       _actor_walk                20021a70 f   m_actor.obj
 0001:00020a90       _actor_run                 20021a90 f   m_actor.obj
 0001:00020b20       _actor_pain                20021b20 f   m_actor.obj
 0001:00020ce0       _actorMachineGun           20021ce0 f   m_actor.obj
 0001:00020e50       _actor_dead                20021e50 f   m_actor.obj
 0001:00020f00       _actor_die                 20021f00 f   m_actor.obj
 0001:00021010       _actor_fire                20022010 f   m_actor.obj
 0001:00021080       _actor_attack              20022080 f   m_actor.obj
 0001:000210d0       _actor_use                 200220d0 f   m_actor.obj
 0001:00021220       _SP_misc_actor             20022220 f   m_actor.obj
 0001:00021450       _target_actor_touch        20022450 f   m_actor.obj
 0001:000217d0       _SP_target_actor           200227d0 f   m_actor.obj
 0001:00021930       _berserk_sight             20022930 f   m_berserk.obj
 0001:00021970       _berserk_search            20022970 f   m_berserk.obj
 0001:000219b0       _berserk_stand             200229b0 f   m_berserk.obj
 0001:000219d0       _berserk_fidget            200229d0 f   m_berserk.obj
 0001:00021a50       _berserk_walk              20022a50 f   m_berserk.obj
 0001:00021a70       _berserk_run               20022a70 f   m_berserk.obj
 0001:00021ab0       _berserk_attack_spike      20022ab0 f   m_berserk.obj
 0001:00021af0       _berserk_swing             20022af0 f   m_berserk.obj
 0001:00021b30       _berserk_attack_club       20022b30 f   m_berserk.obj
 0001:00021b90       _berserk_strike            20022b90 f   m_berserk.obj
 0001:00021ba0       _berserk_melee             20022ba0 f   m_berserk.obj
 0001:00021bf0       _berserk_pain              20022bf0 f   m_berserk.obj
 0001:00021ce0       _berserk_dead              20022ce0 f   m_berserk.obj
 0001:00021d90       _berserk_die               20022d90 f   m_berserk.obj
 0001:00021ef0       _SP_monster_berserk        20022ef0 f   m_berserk.obj
 0001:00022100       _boss2_search              20023100 f   m_boss2.obj
 0001:00022160       _Boss2Rocket               20023160 f   m_boss2.obj
 0001:00022430       _boss2_firebullet_right    20023430 f   m_boss2.obj
 0001:00022520       _boss2_firebullet_left     20023520 f   m_boss2.obj
 0001:00022600       _Boss2MachineGun           20023600 f   m_boss2.obj
 0001:00022630       _boss2_stand               20023630 f   m_boss2.obj
 0001:00022650       _boss2_run                 20023650 f   m_boss2.obj
 0001:00022690       _boss2_walk                20023690 f   m_boss2.obj
 0001:000226b0       _boss2_attack              200236b0 f   m_boss2.obj
 0001:00022770       _boss2_attack_mg           20023770 f   m_boss2.obj
 0001:00022790       _boss2_reattack_mg         20023790 f   m_boss2.obj
 0001:00022810       _boss2_pain                20023810 f   m_boss2.obj
 0001:00022930       _boss2_dead                20023930 f   m_boss2.obj
 0001:000229d0       _boss2_die                 200239d0 f   m_boss2.obj
 0001:00022a40       _Boss2_CheckAttack         20023a40 f   m_boss2.obj
 0001:00022d50       _SP_monster_boss2          20023d50 f   m_boss2.obj
 0001:00022f60       _Use_Boss3                 20023f60 f   m_boss3.obj
 0001:00022fc0       _Think_Boss3Stand          20023fc0 f   m_boss3.obj
 0001:00023010       _SP_monster_boss3_stand    20024010 f   m_boss3.obj
 0001:00023130       _jorg_search               20024130 f   m_boss31.obj
 0001:00023200       _jorg_idle                 20024200 f   m_boss31.obj
 0001:00023240       _jorg_death_hit            20024240 f   m_boss31.obj
 0001:00023280       _jorg_step_left            20024280 f   m_boss31.obj
 0001:000232c0       _jorg_step_right           200242c0 f   m_boss31.obj
 0001:00023300       _jorg_stand                20024300 f   m_boss31.obj
 0001:00023320       _jorg_walk                 20024320 f   m_boss31.obj
 0001:00023340       _jorg_run                  20024340 f   m_boss31.obj
 0001:00023380       _jorg_reattack1            20024380 f   m_boss31.obj
 0001:00023410       _jorg_attack1              20024410 f   m_boss31.obj
 0001:00023430       _jorg_pain                 20024430 f   m_boss31.obj
 0001:00023670       _jorgBFG                   20024670 f   m_boss31.obj
 0001:00023780       _jorg_firebullet_right     20024780 f   m_boss31.obj
 0001:00023860       _jorg_firebullet_left      20024860 f   m_boss31.obj
 0001:00023940       _jorg_firebullet           20024940 f   m_boss31.obj
 0001:00023970       _jorg_attack               20024970 f   m_boss31.obj
 0001:00023a70       _jorg_dead                 20024a70 f   m_boss31.obj
 0001:00023a80       _jorg_die                  20024a80 f   m_boss31.obj
 0001:00023b00       _Jorg_CheckAttack          20024b00 f   m_boss31.obj
 0001:00023e10       _SP_monster_jorg           20024e10 f   m_boss31.obj
 0001:000240e0       _makron_taunt              200250e0 f   m_boss32.obj
 0001:000241b0       _makron_stand              200251b0 f   m_boss32.obj
 0001:000241d0       _makron_hit                200251d0 f   m_boss32.obj
 0001:00024210       _makron_popup              20025210 f   m_boss32.obj
 0001:00024250       _makron_step_left          20025250 f   m_boss32.obj
 0001:00024290       _makron_step_right         20025290 f   m_boss32.obj
 0001:000242d0       _makron_brainsplorch       200252d0 f   m_boss32.obj
 0001:00024310       _makron_prerailgun         20025310 f   m_boss32.obj
 0001:00024350       _makron_walk               20025350 f   m_boss32.obj
 0001:00024370       _makron_run                20025370 f   m_boss32.obj
 0001:000243b0       _makronBFG                 200253b0 f   m_boss32.obj
 0001:000244c0       _MakronSaveloc             200254c0 f   m_boss32.obj
 0001:00024530       _MakronRailgun             20025530 f   m_boss32.obj
 0001:000245d0       _MakronHyperblaster        200255d0 f   m_boss32.obj
 0001:00024750       _makron_pain               20025750 f   m_boss32.obj
 0001:00024940       _makron_sight              20025940 f   m_boss32.obj
 0001:00024960       _makron_attack             20025960 f   m_boss32.obj
 0001:00024a30       _makron_torso_think        20025a30 f   m_boss32.obj
 0001:00024aa0       _makron_torso              20025aa0 f   m_boss32.obj
 0001:00024b90       _makron_dead               20025b90 f   m_boss32.obj
 0001:00024c30       _makron_die                20025c30 f   m_boss32.obj
 0001:00024df0       _Makron_CheckAttack        20025df0 f   m_boss32.obj
 0001:00025100       _MakronPrecache            20026100 f   m_boss32.obj
 0001:00025230       _SP_monster_makron         20026230 f   m_boss32.obj
 0001:000253d0       _MakronSpawn               200263d0 f   m_boss32.obj
 0001:00025490       _MakronToss                20026490 f   m_boss32.obj
 0001:00025500       _brain_sight               20026500 f   m_brain.obj
 0001:00025540       _brain_search              20026540 f   m_brain.obj
 0001:00025580       _brain_stand               20026580 f   m_brain.obj
 0001:000255a0       _brain_idle                200265a0 f   m_brain.obj
 0001:000255f0       _brain_walk                200265f0 f   m_brain.obj
 0001:00025610       _brain_duck_down           20026610 f   m_brain.obj
 0001:00025680       _brain_duck_hold           20026680 f   m_brain.obj
 0001:000256e0       _brain_duck_up             200266e0 f   m_brain.obj
 0001:00025740       _brain_dodge               20026740 f   m_brain.obj
 0001:000257c0       _brain_swing_right         200267c0 f   m_brain.obj
 0001:00025800       _brain_hit_right           20026800 f   m_brain.obj
 0001:00025880       _brain_swing_left          20026880 f   m_brain.obj
 0001:000258c0       _brain_hit_left            200268c0 f   m_brain.obj
 0001:00025940       _brain_chest_open          20026940 f   m_brain.obj
 0001:000259a0       _brain_tentacle_attack     200269a0 f   m_brain.obj
 0001:00025a50       _brain_chest_closed        20026a50 f   m_brain.obj
 0001:00025ab0       _brain_melee               20026ab0 f   m_brain.obj
 0001:00025b00       _brain_run                 20026b00 f   m_brain.obj
 0001:00025b50       _brain_pain                20026b50 f   m_brain.obj
 0001:00025cb0       _brain_dead                20026cb0 f   m_brain.obj
 0001:00025d60       _brain_die                 20026d60 f   m_brain.obj
 0001:00025ef0       _SP_monster_brain          20026ef0 f   m_brain.obj
 0001:000261b0       _ChickMoan                 200271b0 f   m_chick.obj
 0001:00026240       _chick_fidget              20027240 f   m_chick.obj
 0001:000262a0       _chick_stand               200272a0 f   m_chick.obj
 0001:000262c0       _chick_walk                200272c0 f   m_chick.obj
 0001:000262e0       _chick_run                 200272e0 f   m_chick.obj
 0001:00026350       _chick_pain                20027350 f   m_chick.obj
 0001:000264c0       _chick_dead                200274c0 f   m_chick.obj
 0001:00026560       _chick_die                 20027560 f   m_chick.obj
 0001:00026700       _chick_duck_down           20027700 f   m_chick.obj
 0001:00026790       _chick_duck_hold           20027790 f   m_chick.obj
 0001:000267f0       _chick_duck_up             200277f0 f   m_chick.obj
 0001:00026850       _chick_dodge               20027850 f   m_chick.obj
 0001:000268b0       _ChickSlash                200278b0 f   m_chick.obj
 0001:00026930       _ChickRocket               20027930 f   m_chick.obj
 0001:00026a10       _Chick_PreAttack1          20027a10 f   m_chick.obj
 0001:00026a50       _ChickReload               20027a50 f   m_chick.obj
 0001:00026a90       _chick_rerocket            20027a90 f   m_chick.obj
 0001:00026b30       _chick_attack1             20027b30 f   m_chick.obj
 0001:00026b50       _chick_reslash             20027b50 f   m_chick.obj
 0001:00026be0       _chick_slash               20027be0 f   m_chick.obj
 0001:00026c00       _chick_melee               20027c00 f   m_chick.obj
 0001:00026c20       _chick_attack              20027c20 f   m_chick.obj
 0001:00026c40       _chick_sight               20027c40 f   m_chick.obj
 0001:00026c80       _SP_monster_chick          20027c80 f   m_chick.obj
 0001:00026f30       _flipper_stand             20027f30 f   m_flipper.obj
 0001:00026f50       _flipper_run_loop          20027f50 f   m_flipper.obj
 0001:00026f70       _flipper_run               20027f70 f   m_flipper.obj
 0001:00026f90       _flipper_walk              20027f90 f   m_flipper.obj
 0001:00026fb0       _flipper_start_run         20027fb0 f   m_flipper.obj
 0001:00026fd0       _flipper_bite              20027fd0 f   m_flipper.obj
 0001:00027010       _flipper_preattack         20028010 f   m_flipper.obj
 0001:00027050       _flipper_melee             20028050 f   m_flipper.obj
 0001:00027070       _flipper_pain              20028070 f   m_flipper.obj
 0001:00027180       _flipper_dead              20028180 f   m_flipper.obj
 0001:00027230       _flipper_sight             20028230 f   m_flipper.obj
 0001:00027270       _flipper_die               20028270 f   m_flipper.obj
 0001:000273b0       _SP_monster_flipper        200283b0 f   m_flipper.obj
 0001:000275c0       _floater_sight             200285c0 f   m_float.obj
 0001:00027600       _floater_idle              20028600 f   m_float.obj
 0001:00027640       _floater_fire_blaster      20028640 f   m_float.obj
 0001:00027730       _floater_stand             20028730 f   m_float.obj
 0001:00027780       _floater_run               20028780 f   m_float.obj
 0001:000277c0       _floater_walk              200287c0 f   m_float.obj
 0001:000277e0       _floater_wham              200287e0 f   m_float.obj
 0001:00027840       _floater_zap               20028840 f   m_float.obj
 0001:000279b0       _floater_attack            200289b0 f   m_float.obj
 0001:000279d0       _floater_melee             200289d0 f   m_float.obj
 0001:00027a20       _floater_pain              20028a20 f   m_float.obj
 0001:00027b30       _floater_dead              20028b30 f   m_float.obj
 0001:00027be0       _floater_die               20028be0 f   m_float.obj
 0001:00027c30       _SP_monster_floater        20028c30 f   m_float.obj
 0001:00027ea0       _flyer_sight               20028ea0 f   m_flyer.obj
 0001:00027ee0       _flyer_idle                20028ee0 f   m_flyer.obj
 0001:00027f20       _flyer_pop_blades          20028f20 f   m_flyer.obj
 0001:00027f60       _flyer_run                 20028f60 f   m_flyer.obj
 0001:00027fa0       _flyer_walk                20028fa0 f   m_flyer.obj
 0001:00027fc0       _flyer_stand               20028fc0 f   m_flyer.obj
 0001:00027fe0       _flyer_stop                20028fe0 f   m_flyer.obj
 0001:00028000       _flyer_start               20029000 f   m_flyer.obj
 0001:00028020       _flyer_fire                20029020 f   m_flyer.obj
 0001:00028120       _flyer_fireleft            20029120 f   m_flyer.obj
 0001:00028140       _flyer_fireright           20029140 f   m_flyer.obj
 0001:00028160       _flyer_slash_left          20029160 f   m_flyer.obj
 0001:000281d0       _flyer_slash_right         200291d0 f   m_flyer.obj
 0001:00028240       _flyer_loop_melee          20029240 f   m_flyer.obj
 0001:00028260       _flyer_attack              20029260 f   m_flyer.obj
 0001:00028280       _flyer_setstart            20029280 f   m_flyer.obj
 0001:000282b0       _flyer_nextmove            200292b0 f   m_flyer.obj
 0001:00028310       _flyer_melee               20029310 f   m_flyer.obj
 0001:00028330       _flyer_check_melee         20029330 f   m_flyer.obj
 0001:000283b0       _flyer_pain                200293b0 f   m_flyer.obj
 0001:000284f0       _flyer_die                 200294f0 f   m_flyer.obj
 0001:00028540       _SP_monster_flyer          20029540 f   m_flyer.obj
 0001:000287b0       _gladiator_idle            200297b0 f   m_gladiator.obj
 0001:000287f0       _gladiator_sight           200297f0 f   m_gladiator.obj
 0001:00028830       _gladiator_search          20029830 f   m_gladiator.obj
 0001:00028870       _gladiator_cleaver_swing   20029870 f   m_gladiator.obj
 0001:000288b0       _gladiator_stand           200298b0 f   m_gladiator.obj
 0001:000288d0       _gladiator_walk            200298d0 f   m_gladiator.obj
 0001:000288f0       _gladiator_run             200298f0 f   m_gladiator.obj
 0001:00028930       _GaldiatorMelee            20029930 f   m_gladiator.obj
 0001:000289e0       _gladiator_melee           200299e0 f   m_gladiator.obj
 0001:00028a00       _GladiatorGun              20029a00 f   m_gladiator.obj
 0001:00028aa0       _gladiator_attack          20029aa0 f   m_gladiator.obj
 0001:00028bb0       _gladiator_pain            20029bb0 f   m_gladiator.obj
 0001:00028d10       _gladiator_dead            20029d10 f   m_gladiator.obj
 0001:00028dc0       _gladiator_die             20029dc0 f   m_gladiator.obj
 0001:00028f00       _SP_monster_gladiator      20029f00 f   m_gladiator.obj
 0001:00029170       _gunner_idlesound          2002a170 f   m_gunner.obj
 0001:000291b0       _gunner_sight              2002a1b0 f   m_gunner.obj
 0001:000291f0       _gunner_search             2002a1f0 f   m_gunner.obj
 0001:00029230       _gunner_fidget             2002a230 f   m_gunner.obj
 0001:00029290       _gunner_stand              2002a290 f   m_gunner.obj
 0001:000292b0       _gunner_walk               2002a2b0 f   m_gunner.obj
 0001:000292d0       _gunner_run                2002a2d0 f   m_gunner.obj
 0001:00029310       _gunner_runandshoot        2002a310 f   m_gunner.obj
 0001:00029330       _gunner_pain               2002a330 f   m_gunner.obj
 0001:00029440       _gunner_dead               2002a440 f   m_gunner.obj
 0001:000294f0       _gunner_die                2002a4f0 f   m_gunner.obj
 0001:00029630       _gunner_duck_down          2002a630 f   m_gunner.obj
 0001:00029700       _gunner_duck_hold          2002a700 f   m_gunner.obj
 0001:00029760       _gunner_duck_up            2002a760 f   m_gunner.obj
 0001:000297c0       _gunner_dodge              2002a7c0 f   m_gunner.obj
 0001:00029820       _gunner_opengun            2002a820 f   m_gunner.obj
 0001:00029860       _GunnerFire                2002a860 f   m_gunner.obj
 0001:00029980       _GunnerGrenade             2002a980 f   m_gunner.obj
 0001:00029a40       _gunner_attack             2002aa40 f   m_gunner.obj
 0001:00029ac0       _gunner_fire_chain         2002aac0 f   m_gunner.obj
 0001:00029ae0       _gunner_refire_chain       2002aae0 f   m_gunner.obj
 0001:00029b60       _SP_monster_gunner         2002ab60 f   m_gunner.obj
 0001:00029da0       _hover_sight               2002ada0 f   m_hover.obj
 0001:00029de0       _hover_search              2002ade0 f   m_hover.obj
 0001:00029e70       _hover_reattack            2002ae70 f   m_hover.obj
 0001:00029ef0       _hover_fire_blaster        2002aef0 f   m_hover.obj
 0001:00029fe0       _hover_stand               2002afe0 f   m_hover.obj
 0001:0002a000       _hover_run                 2002b000 f   m_hover.obj
 0001:0002a040       _hover_walk                2002b040 f   m_hover.obj
 0001:0002a060       _hover_start_attack        2002b060 f   m_hover.obj
 0001:0002a080       _hover_attack              2002b080 f   m_hover.obj
 0001:0002a0a0       _hover_pain                2002b0a0 f   m_hover.obj
 0001:0002a1f0       _hover_deadthink           2002b1f0 f   m_hover.obj
 0001:0002a250       _hover_dead                2002b250 f   m_hover.obj
 0001:0002a310       _hover_die                 2002b310 f   m_hover.obj
 0001:0002a4a0       _SP_monster_hover          2002b4a0 f   m_hover.obj
 0001:0002a6d0       _infantry_stand            2002b6d0 f   m_infantry.obj
 0001:0002a6f0       _infantry_fidget           2002b6f0 f   m_infantry.obj
 0001:0002a740       _infantry_walk             2002b740 f   m_infantry.obj
 0001:0002a760       _infantry_run              2002b760 f   m_infantry.obj
 0001:0002a7a0       _infantry_pain             2002b7a0 f   m_infantry.obj
 0001:0002a8b0       _InfantryMachineGun        2002b8b0 f   m_infantry.obj
 0001:0002aa90       _infantry_sight            2002ba90 f   m_infantry.obj
 0001:0002aad0       _infantry_dead             2002bad0 f   m_infantry.obj
 0001:0002ab80       _infantry_die              2002bb80 f   m_infantry.obj
 0001:0002ad50       _infantry_duck_down        2002bd50 f   m_infantry.obj
 0001:0002ade0       _infantry_duck_hold        2002bde0 f   m_infantry.obj
 0001:0002ae40       _infantry_duck_up          2002be40 f   m_infantry.obj
 0001:0002aea0       _infantry_dodge            2002bea0 f   m_infantry.obj
 0001:0002af00       _infantry_cock_gun         2002bf00 f   m_infantry.obj
 0001:0002af60       _infantry_fire             2002bf60 f   m_infantry.obj
 0001:0002afd0       _infantry_swing            2002bfd0 f   m_infantry.obj
 0001:0002b010       _infantry_smack            2002c010 f   m_infantry.obj
 0001:0002b090       _infantry_attack           2002c090 f   m_infantry.obj
 0001:0002b0e0       _SP_monster_infantry       2002c0e0 f   m_infantry.obj
 0001:0002b350       _insane_fist               2002c350 f   m_insane.obj
 0001:0002b390       _insane_shake              2002c390 f   m_insane.obj
 0001:0002b3d0       _insane_moan               2002c3d0 f   m_insane.obj
 0001:0002b410       _insane_scream             2002c410 f   m_insane.obj
 0001:0002b460       _insane_cross              2002c460 f   m_insane.obj
 0001:0002b4b0       _insane_walk               2002c4b0 f   m_insane.obj
 0001:0002b550       _insane_run                2002c550 f   m_insane.obj
 0001:0002b5f0       _insane_pain               2002c5f0 f   m_insane.obj
 0001:0002b750       _insane_onground           2002c750 f   m_insane.obj
 0001:0002b770       _insane_checkdown          2002c770 f   m_insane.obj
 0001:0002b800       _insane_checkup            2002c800 f   m_insane.obj
 0001:0002b860       _insane_stand              2002c860 f   m_insane.obj
 0001:0002b910       _insane_dead               2002c910 f   m_insane.obj
 0001:0002b9e0       _insane_die                2002c9e0 f   m_insane.obj
 0001:0002bbb0       _SP_misc_insane            2002cbb0 f   m_insane.obj
 0001:0002bef0       _medic_FindDeadMonster     2002cef0 f   m_medic.obj
 0001:0002bff0       _medic_idle                2002cff0 f   m_medic.obj
 0001:0002c090       _medic_search              2002d090 f   m_medic.obj
 0001:0002c140       _medic_sight               2002d140 f   m_medic.obj
 0001:0002c180       _medic_stand               2002d180 f   m_medic.obj
 0001:0002c1a0       _medic_walk                2002d1a0 f   m_medic.obj
 0001:0002c1c0       _medic_run                 2002d1c0 f   m_medic.obj
 0001:0002c280       _medic_pain                2002d280 f   m_medic.obj
 0001:0002c390       _medic_fire_blaster        2002d390 f   m_medic.obj
 0001:0002c4c0       _medic_dead                2002d4c0 f   m_medic.obj
 0001:0002c570       _medic_die                 2002d570 f   m_medic.obj
 0001:0002c6e0       _medic_duck_down           2002d6e0 f   m_medic.obj
 0001:0002c770       _medic_duck_hold           2002d770 f   m_medic.obj
 0001:0002c7d0       _medic_duck_up             2002d7d0 f   m_medic.obj
 0001:0002c830       _medic_dodge               2002d830 f   m_medic.obj
 0001:0002c890       _medic_continue            2002d890 f   m_medic.obj
 0001:0002c8f0       _medic_hook_launch         2002d8f0 f   m_medic.obj
 0001:0002c930       _medic_cable_attack        2002d930 f   m_medic.obj
 0001:0002cde0       _medic_hook_retract        2002dde0 f   m_medic.obj
 0001:0002ce40       _medic_attack              2002de40 f   m_medic.obj
 0001:0002ce80       _medic_checkattack         2002de80 f   m_medic.obj
 0001:0002cec0       _SP_monster_medic          2002dec0 f   m_medic.obj
 0001:0002d140       _M_CheckBottom             2002e140 f   m_move.obj
 0001:0002d460       _SV_movestep               2002e460 f   m_move.obj
 0001:0002da70       _M_ChangeYaw               2002ea70 f   m_move.obj
 0001:0002db80       _SV_StepDirection          2002eb80 f   m_move.obj
 0001:0002dcb0       _SV_FixCheckBottom         2002ecb0 f   m_move.obj
 0001:0002dce0       _SV_NewChaseDir            2002ece0 f   m_move.obj
 0001:0002e0b0       _SV_CloseEnough            2002f0b0 f   m_move.obj
 0001:0002e140       _M_MoveToGoal              2002f140 f   m_move.obj
 0001:0002e200       _M_walkmove                2002f200 f   m_move.obj
 0001:0002e290       _mutant_step               2002f290 f   m_mutant.obj
 0001:0002e340       _mutant_sight              2002f340 f   m_mutant.obj
 0001:0002e380       _mutant_search             2002f380 f   m_mutant.obj
 0001:0002e3c0       _mutant_swing              2002f3c0 f   m_mutant.obj
 0001:0002e400       _mutant_stand              2002f400 f   m_mutant.obj
 0001:0002e420       _mutant_idle_loop          2002f420 f   m_mutant.obj
 0001:0002e470       _mutant_idle               2002f470 f   m_mutant.obj
 0001:0002e4c0       _mutant_walk_loop          2002f4c0 f   m_mutant.obj
 0001:0002e4e0       _mutant_walk               2002f4e0 f   m_mutant.obj
 0001:0002e500       _mutant_run                2002f500 f   m_mutant.obj
 0001:0002e540       _mutant_hit_left           2002f540 f   m_mutant.obj
 0001:0002e5f0       _mutant_hit_right          2002f5f0 f   m_mutant.obj
 0001:0002e6a0       _mutant_check_refire       2002f6a0 f   m_mutant.obj
 0001:0002e740       _mutant_melee              2002f740 f   m_mutant.obj
 0001:0002e760       _mutant_jump_touch         2002f760 f   m_mutant.obj
 0001:0002e8c0       _mutant_jump_takeoff       2002f8c0 f   m_mutant.obj
 0001:0002e9a0       _mutant_check_landing      2002f9a0 f   m_mutant.obj
 0001:0002ea40       _mutant_jump               2002fa40 f   m_mutant.obj
 0001:0002ea60       _mutant_check_melee        2002fa60 f   m_mutant.obj
 0001:0002eaa0       _mutant_check_jump         2002faa0 f   m_mutant.obj
 0001:0002ebc0       _mutant_checkattack        2002fbc0 f   m_mutant.obj
 0001:0002ec40       _mutant_pain               2002fc40 f   m_mutant.obj
 0001:0002eda0       _mutant_dead               2002fda0 f   m_mutant.obj
 0001:0002ee50       _mutant_die                2002fe50 f   m_mutant.obj
 0001:0002efd0       _SP_monster_mutant         2002ffd0 f   m_mutant.obj
 0001:0002f280       _parasite_launch           20030280 f   m_parasite.obj
 0001:0002f2c0       _parasite_reel_in          200302c0 f   m_parasite.obj
 0001:0002f300       _parasite_sight            20030300 f   m_parasite.obj
 0001:0002f340       _parasite_tap              20030340 f   m_parasite.obj
 0001:0002f380       _parasite_scratch          20030380 f   m_parasite.obj
 0001:0002f3c0       _parasite_search           200303c0 f   m_parasite.obj
 0001:0002f400       _parasite_end_fidget       20030400 f   m_parasite.obj
 0001:0002f420       _parasite_do_fidget        20030420 f   m_parasite.obj
 0001:0002f440       _parasite_refidget         20030440 f   m_parasite.obj
 0001:0002f490       _parasite_idle             20030490 f   m_parasite.obj
 0001:0002f4b0       _parasite_stand            200304b0 f   m_parasite.obj
 0001:0002f4d0       _parasite_start_run        200304d0 f   m_parasite.obj
 0001:0002f510       _parasite_run              20030510 f   m_parasite.obj
 0001:0002f550       _parasite_start_walk       20030550 f   m_parasite.obj
 0001:0002f570       _parasite_walk             20030570 f   m_parasite.obj
 0001:0002f590       _parasite_pain             20030590 f   m_parasite.obj
 0001:0002f690       _parasite_drain_attack     20030690 f   m_parasite.obj
 0001:0002fa20       _parasite_attack           20030a20 f   m_parasite.obj
 0001:0002fa40       _parasite_dead             20030a40 f   m_parasite.obj
 0001:0002faf0       _parasite_die              20030af0 f   m_parasite.obj
 0001:0002fc30       _SP_monster_parasite       20030c30 f   m_parasite.obj
 0001:0002fe80       _soldier_idle              20030e80 f   m_soldier.obj
 0001:0002fee0       _soldier_cock              20030ee0 f   m_soldier.obj
 0001:0002ff50       _soldier_stand             20030f50 f   m_soldier.obj
 0001:0002ffb0       _soldier_walk1_random      20030fb0 f   m_soldier.obj
 0001:00030000       _soldier_walk              20031000 f   m_soldier.obj
 0001:00030050       _soldier_run               20031050 f   m_soldier.obj
 0001:000300d0       _soldier_pain              200310d0 f   m_soldier.obj
 0001:000302c0       _soldier_fire              200312c0 f   m_soldier.obj
 0001:00030610       _soldier_fire1             20031610 f   m_soldier.obj
 0001:00030630       _soldier_attack1_refire1   20031630 f   m_soldier.obj
 0001:000306e0       _soldier_attack1_refire2   200316e0 f   m_soldier.obj
 0001:00030770       _soldier_fire2             20031770 f   m_soldier.obj
 0001:00030790       _soldier_attack2_refire1   20031790 f   m_soldier.obj
 0001:00030840       _soldier_attack2_refire2   20031840 f   m_soldier.obj
 0001:000308d0       _soldier_duck_down         200318d0 f   m_soldier.obj
 0001:00030960       _soldier_duck_up           20031960 f   m_soldier.obj
 0001:000309c0       _soldier_fire3             200319c0 f   m_soldier.obj
 0001:000309f0       _soldier_attack3_refire    200319f0 f   m_soldier.obj
 0001:00030a30       _soldier_fire4             20031a30 f   m_soldier.obj
 0001:00030a50       _soldier_fire8             20031a50 f   m_soldier.obj
 0001:00030a70       _soldier_attack6_refire    20031a70 f   m_soldier.obj
 0001:00030ae0       _soldier_attack            20031ae0 f   m_soldier.obj
 0001:00030b50       _soldier_sight             20031b50 f   m_soldier.obj
 0001:00030c40       _soldier_duck_hold         20031c40 f   m_soldier.obj
 0001:00030ca0       _soldier_dodge             20031ca0 f   m_soldier.obj
 0001:00030df0       _soldier_fire6             20031df0 f   m_soldier.obj
 0001:00030e10       _soldier_fire7             20031e10 f   m_soldier.obj
 0001:00030e30       _soldier_dead              20031e30 f   m_soldier.obj
 0001:00030ee0       _soldier_die               20031ee0 f   m_soldier.obj
 0001:00031120       _SP_monster_soldier_x      20032120 f   m_soldier.obj
 0001:000312c0       _SP_monster_soldier_light  200322c0 f   m_soldier.obj
 0001:00031380       _SP_monster_soldier        20032380 f   m_soldier.obj
 0001:00031420       _SP_monster_soldier_ss     20032420 f   m_soldier.obj
 0001:000314c0       _TreadSound                200324c0 f   m_supertank.obj
 0001:00031500       _supertank_search          20032500 f   m_supertank.obj
 0001:00031590       _supertank_stand           20032590 f   m_supertank.obj
 0001:000315b0       _supertank_forward         200325b0 f   m_supertank.obj
 0001:000315d0       _supertank_walk            200325d0 f   m_supertank.obj
 0001:000315f0       _supertank_run             200325f0 f   m_supertank.obj
 0001:00031630       _supertank_reattack1       20032630 f   m_supertank.obj
 0001:000316b0       _supertank_pain            200326b0 f   m_supertank.obj
 0001:00031840       _supertankRocket           20032840 f   m_supertank.obj
 0001:00031950       _supertankMachineGun       20032950 f   m_supertank.obj
 0001:00031a90       _supertank_attack          20032a90 f   m_supertank.obj
 0001:00031b50       _supertank_dead            20032b50 f   m_supertank.obj
 0001:00031bf0       _BossExplode               20032bf0 f   m_supertank.obj
 0001:00031e80       _supertank_die             20032e80 f   m_supertank.obj
 0001:00031ef0       _SP_monster_supertank      20032ef0 f   m_supertank.obj
 0001:00032110       _tank_sight                20033110 f   m_tank.obj
 0001:00032150       _tank_footstep             20033150 f   m_tank.obj
 0001:00032190       _tank_thud                 20033190 f   m_tank.obj
 0001:000321d0       _tank_windup               200331d0 f   m_tank.obj
 0001:00032210       _tank_idle                 20033210 f   m_tank.obj
 0001:00032250       _tank_stand                20033250 f   m_tank.obj
 0001:00032270       _tank_walk                 20033270 f   m_tank.obj
 0001:00032290       _tank_run                  20033290 f   m_tank.obj
 0001:00032350       _tank_pain                 20033350 f   m_tank.obj
 0001:000324b0       _TankBlaster               200334b0 f   m_tank.obj
 0001:000325b0       _TankStrike                200335b0 f   m_tank.obj
 0001:000325f0       _TankRocket                200335f0 f   m_tank.obj
 0001:00032700       _TankMachineGun            20033700 f   m_tank.obj
 0001:00032880       _tank_reattack_blaster     20033880 f   m_tank.obj
 0001:00032920       _tank_poststrike           20033920 f   m_tank.obj
 0001:00032950       _tank_refire_rocket        20033950 f   m_tank.obj
 0001:000329f0       _tank_doattack_rocket      200339f0 f   m_tank.obj
 0001:00032a10       _tank_attack               20033a10 f   m_tank.obj
 0001:00032bb0       _tank_dead                 20033bb0 f   m_tank.obj
 0001:00032c50       _tank_die                  20033c50 f   m_tank.obj
 0001:00032db0       _SP_monster_tank           20033db0 f   m_tank.obj
 0001:000330a0       _SP_info_player_start      200340a0 f   p_client.obj
 0001:00033220       _SP_info_player_deathmatch 20034220 f   p_client.obj
 0001:00033260       _SP_info_player_coop       20034260 f   p_client.obj
 0001:00033500       _SP_info_player_intermission 20034500 f   p_client.obj
 0001:00033510       _player_pain               20034510 f   p_client.obj
 0001:00033520       _IsFemale                  20034520 f   p_client.obj
 0001:00033580       _IsNeutral                 20034580 f   p_client.obj
 0001:000335f0       _ClientObituary            200345f0 f   p_client.obj
 0001:00033b80       _TossClientWeapon          20034b80 f   p_client.obj
 0001:00033d90       _LookAtKiller              20034d90 f   p_client.obj
 0001:00033f10       _player_die                20034f10 f   p_client.obj
 0001:000342d0       _InitClientPersistant      200352d0 f   p_client.obj
 0001:000343c0       _InitClientResp            200353c0 f   p_client.obj
 0001:00034410       _SaveClientData            20035410 f   p_client.obj
 0001:00034500       _FetchClientEntData        20035500 f   p_client.obj
 0001:00034590       _PlayersRangeFromSpot      20035590 f   p_client.obj
 0001:00034660       _SelectRandomDeathmatchSpawnPoint 20035660 f   p_client.obj
 0001:00034790       _SelectFarthestDeathmatchSpawnPoint 20035790 f   p_client.obj
 0001:00034830       _SelectDeathmatchSpawnPoint 20035830 f   p_client.obj
 0001:00034870       _SelectCoopSpawnPoint      20035870 f   p_client.obj
 0001:00034920       _SelectSpawnPoint          20035920 f   p_client.obj
 0001:00034a90       _InitBodyQue               20035a90 f   p_client.obj
 0001:00034ae0       _body_die                  20035ae0 f   p_client.obj
 0001:00034b90       _CopyToBodyQue             20035b90 f   p_client.obj
 0001:00034db0       _respawn                   20035db0 f   p_client.obj
 0001:00034e70       _spectator_respawn         20035e70 f   p_client.obj
 0001:000351e0       _PutClientInServer         200361e0 f   p_client.obj
 0001:000358d0       _ClientBeginDeathmatch     200368d0 f   p_client.obj
 0001:00035980       _ClientBegin               20036980 f   p_client.obj
 0001:00035b00       _ClientUserinfoChanged     20036b00 f   p_client.obj
 0001:00035d40       _ClientConnect             20036d40 f   p_client.obj
 0001:00036010       _ClientDisconnect          20037010 f   p_client.obj
 0001:00036110       _PM_trace                  20037110 f   p_client.obj
 0001:000361b0       _CheckBlock                200371b0 f   p_client.obj
 0001:00036200       _PrintPmove                20037200 f   p_client.obj
 0001:00036260       _ClientThink               20037260 f   p_client.obj
 0001:00036990       _ClientBeginServerFrame    20037990 f   p_client.obj
 0001:00036b30       _MoveClientToIntermission  20037b30 f   p_hud.obj
 0001:00036d50       _BeginIntermission         20037d50 f   p_hud.obj
 0001:00037040       _DeathmatchScoreboardMessage 20038040 f   p_hud.obj
 0001:00037490       _DeathmatchScoreboard      20038490 f   p_hud.obj
 0001:000374d0       _Cmd_Score_f               200384d0 f   p_hud.obj
 0001:00037570       _HelpComputer              20038570 f   p_hud.obj
 0001:00037690       _Cmd_Help_f                20038690 f   p_hud.obj
 0001:00037750       _G_SetStats                20038750 f   p_hud.obj
 0001:00037da0       _G_CheckChaseStats         20038da0 f   p_hud.obj
 0001:00037e50       _G_SetSpectatorStats       20038e50 f   p_hud.obj
 0001:00037f60       _PlayerTrail_Init          20038f60 f   p_trail.obj
 0001:00037fe0       _PlayerTrail_Add           20038fe0 f   p_trail.obj
 0001:000380e0       _PlayerTrail_New           200390e0 f   p_trail.obj
 0001:00038110       _PlayerTrail_PickFirst     20039110 f   p_trail.obj
 0001:000381f0       _PlayerTrail_PickNext      200391f0 f   p_trail.obj
 0001:00038270       _PlayerTrail_LastSpot      20039270 f   p_trail.obj
 0001:000382a0       _SV_CalcRoll               200392a0 f   p_view.obj
 0001:00038360       _P_DamageFeedback          20039360 f   p_view.obj
 0001:00038900       _SV_CalcViewOffset         20039900 f   p_view.obj
 0001:00038d40       _SV_CalcGunOffset          20039d40 f   p_view.obj
 0001:00038f90       _SV_AddBlend               20039f90 f   p_view.obj
 0001:00039030       _SV_CalcBlend              2003a030 f   p_view.obj
 0001:000395c0       _P_FallingDamage           2003a5c0 f   p_view.obj
 0001:00039840       _P_WorldEffects            2003a840 f   p_view.obj
 0001:0003a060       _G_SetClientEffects        2003b060 f   p_view.obj
 0001:0003a1f0       _G_SetClientEvent          2003b1f0 f   p_view.obj
 0001:0003a260       _G_SetClientSound          2003b260 f   p_view.obj
 0001:0003a400       _G_SetClientFrame          2003b400 f   p_view.obj
 0001:0003a650       _ClientEndServerFrame      2003b650 f   p_view.obj
 0001:0003aac0       _PlayerNoise               2003bac0 f   p_weapon.obj
 0001:0003ad90       _Pickup_Weapon             2003bd90 f   p_weapon.obj
 0001:0003afb0       _ChangeWeapon              2003bfb0 f   p_weapon.obj
 0001:0003b1e0       _NoAmmoWeaponChange        2003c1e0 f   p_weapon.obj
 0001:0003b4c0       _Think_Weapon              2003c4c0 f   p_weapon.obj
 0001:0003b590       _Use_Weapon                2003c590 f   p_weapon.obj
 0001:0003b6a0       _Drop_Weapon               2003c6a0 f   p_weapon.obj
 0001:0003b760       _Weapon_Generic            2003c760 f   p_weapon.obj
 0001:0003bc20       _weapon_grenade_fire       2003cc20 f   p_weapon.obj
 0001:0003bea0       _Weapon_Grenade            2003cea0 f   p_weapon.obj
 0001:0003c290       _weapon_grenadelauncher_fire 2003d290 f   p_weapon.obj
 0001:0003c460       _Weapon_GrenadeLauncher    2003d460 f   p_weapon.obj
 0001:0003c4a0       _Weapon_RocketLauncher_Fire 2003d4a0 f   p_weapon.obj
 0001:0003c690       _Weapon_RocketLauncher     2003d690 f   p_weapon.obj
 0001:0003c6d0       _Blaster_Fire              2003d6d0 f   p_weapon.obj
 0001:0003c860       _Weapon_Blaster_Fire       2003d860 f   p_weapon.obj
 0001:0003c8d0       _Weapon_Blaster            2003d8d0 f   p_weapon.obj
 0001:0003c910       _Weapon_HyperBlaster_Fire  2003d910 f   p_weapon.obj
 0001:0003cbf0       _Weapon_HyperBlaster       2003dbf0 f   p_weapon.obj
 0001:0003cc30       _Machinegun_Fire           2003dc30 f   p_weapon.obj
 0001:0003d0e0       _Weapon_Machinegun         2003e0e0 f   p_weapon.obj
 0001:0003d120       _Chaingun_Fire             2003e120 f   p_weapon.obj
 0001:0003d6a0       _Weapon_Chaingun           2003e6a0 f   p_weapon.obj
 0001:0003d6e0       _weapon_shotgun_fire       2003e6e0 f   p_weapon.obj
 0001:0003d910       _Weapon_Shotgun            2003e910 f   p_weapon.obj
 0001:0003d950       _weapon_supershotgun_fire  2003e950 f   p_weapon.obj
 0001:0003dbb0       _Weapon_SuperShotgun       2003ebb0 f   p_weapon.obj
 0001:0003dbf0       _weapon_railgun_fire       2003ebf0 f   p_weapon.obj
 0001:0003ddd0       _Weapon_Railgun            2003edd0 f   p_weapon.obj
 0001:0003de10       _weapon_bfg_fire           2003ee10 f   p_weapon.obj
 0001:0003e0a0       _Weapon_BFG                2003f0a0 f   p_weapon.obj
 0001:0003e0e0       _RotatePointAroundVector   2003f0e0 f   q_shared.obj
 0001:0003e320       _AngleVectors              2003f320 f   q_shared.obj
 0001:0003e510       _ProjectPointOnPlane       2003f510 f   q_shared.obj
 0001:0003e5d0       _PerpendicularVector       2003f5d0 f   q_shared.obj
 0001:0003e690       _R_ConcatRotations         2003f690 f   q_shared.obj
 0001:0003e840       _R_ConcatTransforms        2003f840 f   q_shared.obj
 0001:0003ea90       _Q_fabs                    2003fa90 f   q_shared.obj
 0001:0003eac0       _Q_ftol                    2003fac0 f   q_shared.obj
 0001:0003ead0       _LerpAngle                 2003fad0 f   q_shared.obj
 0001:0003eb30       _anglemod                  2003fb30 f   q_shared.obj
 0001:0003eb70       _BoxOnPlaneSide2           2003fb70 f   q_shared.obj
 0001:0003ec80       _BoxOnPlaneSide            2003fc80 f   q_shared.obj
 0001:0003ef00       _ClearBounds               2003ff00 f   q_shared.obj
 0001:0003ef60       _AddPointToBounds          2003ff60 f   q_shared.obj
 0001:0003efe0       _VectorCompare             2003ffe0 f   q_shared.obj
 0001:0003f040       _VectorNormalize           20040040 f   q_shared.obj
 0001:0003f0e0       _VectorNormalize2          200400e0 f   q_shared.obj
 0001:0003f180       _VectorMA                  20040180 f   q_shared.obj
 0001:0003f1d0       __DotProduct               200401d0 f   q_shared.obj
 0001:0003f210       __VectorSubtract           20040210 f   q_shared.obj
 0001:0003f260       __VectorAdd                20040260 f   q_shared.obj
 0001:0003f2b0       __VectorCopy               200402b0 f   q_shared.obj
 0001:0003f2f0       _CrossProduct              200402f0 f   q_shared.obj
 0001:0003f360       _VectorLength              20040360 f   q_shared.obj
 0001:0003f3c0       _VectorInverse             200403c0 f   q_shared.obj
 0001:0003f400       _VectorScale               20040400 f   q_shared.obj
 0001:0003f440       _Q_log2                    20040440 f   q_shared.obj
 0001:0003f470       _COM_SkipPath              20040470 f   q_shared.obj
 0001:0003f4c0       _COM_StripExtension        200404c0 f   q_shared.obj
 0001:0003f510       _COM_FileExtension         20040510 f   q_shared.obj
 0001:0003f5b0       _COM_FileBase              200405b0 f   q_shared.obj
 0001:0003f660       _COM_FilePath              20040660 f   q_shared.obj
 0001:0003f6d0       _COM_DefaultExtension      200406d0 f   q_shared.obj
 0001:0003f740       _BigShort                  20040740 f   q_shared.obj
 0001:0003f760       _LittleShort               20040760 f   q_shared.obj
 0001:0003f780       _BigLong                   20040780 f   q_shared.obj
 0001:0003f7a0       _LittleLong                200407a0 f   q_shared.obj
 0001:0003f7c0       _BigFloat                  200407c0 f   q_shared.obj
 0001:0003f7e0       _LittleFloat               200407e0 f   q_shared.obj
 0001:0003f800       _ShortSwap                 20040800 f   q_shared.obj
 0001:0003f840       _ShortNoSwap               20040840 f   q_shared.obj
 0001:0003f860       _LongSwap                  20040860 f   q_shared.obj
 0001:0003f8d0       _LongNoSwap                200408d0 f   q_shared.obj
 0001:0003f8f0       _FloatSwap                 200408f0 f   q_shared.obj
 0001:0003f930       _FloatNoSwap               20040930 f   q_shared.obj
 0001:0003f950       _Swap_Init                 20040950 f   q_shared.obj
 0001:0003fa00       _va                        20040a00 f   q_shared.obj
 0001:0003fa40       _COM_Parse                 20040a40 f   q_shared.obj
 0001:0003fbc0       _Com_PageInMemory          20040bc0 f   q_shared.obj
 0001:0003fc10       _Q_stricmp                 20040c10 f   q_shared.obj
 0001:0003fc40       _Q_strncasecmp             20040c40 f   q_shared.obj
 0001:0003fcd0       _Q_strcasecmp              20040cd0 f   q_shared.obj
 0001:0003fd00       _Com_sprintf               20040d00 f   q_shared.obj
 0001:0003fd90       _Info_ValueForKey          20040d90 f   q_shared.obj
 0001:0003ff00       _Info_RemoveKey            20040f00 f   q_shared.obj
 0001:00040060       _Info_Validate             20041060 f   q_shared.obj
 0001:000400b0       _Info_SetValueForKey       200410b0 f   q_shared.obj
 0001:000402d0       _rand                      200412d0 f   MSVCRTD:MSVCR90D.dll
 0001:000402e0       @__security_check_cookie@4 200412e0 f   MSVCRTD:secchk.obj
 0001:000402f0       __ftol2_sse                200412f0 f   MSVCRTD:ftol2.obj
 0001:000402f9       __ftol2_pentium4           200412f9 f   MSVCRTD:ftol2.obj
 0001:0004030c       __ftol2_sse_excpt          2004130c f   MSVCRTD:ftol2.obj
 0001:00040326       __ftol2                    20041326 f   MSVCRTD:ftol2.obj
 0001:0004039c       _strcmp                    2004139c f   MSVCRTD:MSVCR90D.dll
 0001:000403a2       _strchr                    200413a2 f   MSVCRTD:MSVCR90D.dll
 0001:000403a8       _strcpy                    200413a8 f   MSVCRTD:MSVCR90D.dll
 0001:000403ae       _atoi                      200413ae f   MSVCRTD:MSVCR90D.dll
 0001:000403b4       _strcat                    200413b4 f   MSVCRTD:MSVCR90D.dll
 0001:000403ba       _strlen                    200413ba f   MSVCRTD:MSVCR90D.dll
 0001:000403c0       _qsort                     200413c0 f   MSVCRTD:MSVCR90D.dll
 0001:000403c6       _sprintf                   200413c6 f   MSVCRTD:MSVCR90D.dll
 0001:000403cc       _ceil                      200413cc f   MSVCRTD:MSVCR90D.dll
 0001:000403d2       _floor                     200413d2 f   MSVCRTD:MSVCR90D.dll
 0001:000403d8       _sqrt                      200413d8 f   MSVCRTD:MSVCR90D.dll
 0001:000403de       _fabs                      200413de f   MSVCRTD:MSVCR90D.dll
 0001:000403e4       _memcpy                    200413e4 f   MSVCRTD:MSVCR90D.dll
 0001:000403ea       _vsprintf                  200413ea f   MSVCRTD:MSVCR90D.dll
 0001:000403f0       _free                      200413f0 f   MSVCRTD:MSVCR90D.dll
 0001:000403f6       _strtok                    200413f6 f   MSVCRTD:MSVCR90D.dll
 0001:000403fc       __localtime64              200413fc f   MSVCRTD:MSVCR90D.dll
 0001:00040402       __time64                   20041402 f   MSVCRTD:MSVCR90D.dll
 0001:00040408       _fwrite                    20041408 f   MSVCRTD:MSVCR90D.dll
 0001:0004040e       _fread                     2004140e f   MSVCRTD:MSVCR90D.dll
 0001:00040414       _fclose                    20041414 f   MSVCRTD:MSVCR90D.dll
 0001:0004041a       _memset                    2004141a f   MSVCRTD:MSVCR90D.dll
 0001:00040420       _fopen                     20041420 f   MSVCRTD:MSVCR90D.dll
 0001:00040426       _atof                      20041426 f   MSVCRTD:MSVCR90D.dll
 0001:0004042c       _sscanf                    2004142c f   MSVCRTD:MSVCR90D.dll
 0001:00040432       _strncpy                   20041432 f   MSVCRTD:MSVCR90D.dll
 0001:00040438       _fprintf                   20041438 f   MSVCRTD:MSVCR90D.dll
 0001:0004043e       _strstr                    2004143e f   MSVCRTD:MSVCR90D.dll
 0001:00040444       _tan                       20041444 f   MSVCRTD:MSVCR90D.dll
 0001:0004044a       _sin                       2004144a f   MSVCRTD:MSVCR90D.dll
 0001:00040450       _cos                       20041450 f   MSVCRTD:MSVCR90D.dll
 0001:00040456       _atan2                     20041456 f   MSVCRTD:MSVCR90D.dll
 0001:00040460       __alloca_probe             20041460     MSVCRTD:chkstk.obj
 0001:00040460       __chkstk                   20041460 f   MSVCRTD:chkstk.obj
 0001:0004048c       _strncmp                   2004148c f   MSVCRTD:MSVCR90D.dll
 0001:00040492       _abs                       20041492 f   MSVCRTD:MSVCR90D.dll
 0001:00040498       _memcmp                    20041498 f   MSVCRTD:MSVCR90D.dll
 0001:0004049e       __stricmp                  2004149e f   MSVCRTD:MSVCR90D.dll
 0001:00040530       __CRT_INIT@12              20041530 f   MSVCRTD:crtdll.obj
 0001:00040840       _NtCurrentTeb              20041840 f i MSVCRTD:crtdll.obj
 0001:00040850       __DllMainCRTStartup@12     20041850 f   MSVCRTD:crtdll.obj
[...]
 0003:0000cf44       _mutant_frames_pain1       20056f44     m_mutant.obj
 0003:0000cf80       _mutant_frames_idle        20056f80     m_mutant.obj
 0003:0000d01c       _mutant_move_idle          2005701c     m_mutant.obj
 0003:0000d030       _mutant_frames_walk        20057030     m_mutant.obj
 0003:0000d0c0       _mutant_move_walk          200570c0     m_mutant.obj
 0003:0000d0d0       _mutant_frames_start_walk  200570d0     m_mutant.obj
 0003:0000d100       _mutant_move_start_walk    20057100     m_mutant.obj
 0003:0000d110       _mutant_frames_run         20057110     m_mutant.obj
 0003:0000d158       _mutant_move_run           20057158     m_mutant.obj
 0003:0000d168       _mutant_frames_attack      20057168     m_mutant.obj
 0003:0000d1bc       _mutant_move_attack        200571bc     m_mutant.obj
 0003:0000d1d0       _mutant_frames_jump        200571d0     m_mutant.obj
 0003:0000d230       _mutant_move_jump          20057230     m_mutant.obj
 0003:0000d240       _mutant_move_pain1         20057240     m_mutant.obj
 0003:0000d250       _mutant_frames_pain2       20057250     m_mutant.obj
 0003:0000d298       _mutant_move_pain2         20057298     m_mutant.obj
 0003:0000d2a8       _mutant_frames_pain3       200572a8     m_mutant.obj
 0003:0000d32c       _mutant_move_pain3         2005732c     m_mutant.obj
 0003:0000d340       _mutant_frames_death1      20057340     m_mutant.obj
 0003:0000d3ac       _mutant_move_death1        200573ac     m_mutant.obj
 0003:0000d3c0       _mutant_frames_death2      200573c0     m_mutant.obj
 0003:0000d438       _mutant_move_death2        20057438     m_mutant.obj
 0003:0000d448       _parasite_frames_start_fidget 20057448     m_parasite.obj
 0003:0000d478       _parasite_move_start_fidget 20057478     m_parasite.obj
 0003:0000d488       _parasite_frames_fidget    20057488     m_parasite.obj
 0003:0000d4d0       _parasite_move_fidget      200574d0     m_parasite.obj
 0003:0000d4e0       _parasite_frames_end_fidget 200574e0     m_parasite.obj
 0003:0000d540       _parasite_move_end_fidget  20057540     m_parasite.obj
 0003:0000d550       _parasite_frames_stand     20057550     m_parasite.obj
 0003:0000d61c       _parasite_move_stand       2005761c     m_parasite.obj
 0003:0000d630       _parasite_frames_run       20057630     m_parasite.obj
 0003:0000d684       _parasite_move_run         20057684     m_parasite.obj
 0003:0000d694       _parasite_frames_start_run 20057694     m_parasite.obj
 0003:0000d6ac       _parasite_move_start_run   200576ac     m_parasite.obj
 0003:0000d6c0       _parasite_frames_stop_run  200576c0     m_parasite.obj
 0003:0000d708       _parasite_move_stop_run    20057708     m_parasite.obj
 0003:0000d718       _parasite_frames_walk      20057718     m_parasite.obj
 0003:0000d76c       _parasite_move_walk        2005776c     m_parasite.obj
 0003:0000d77c       _parasite_frames_start_walk 2005777c     m_parasite.obj
 0003:0000d794       _parasite_move_start_walk  20057794     m_parasite.obj
 0003:0000d7a8       _parasite_frames_stop_walk 200577a8     m_parasite.obj
 0003:0000d7f0       _parasite_move_stop_walk   200577f0     m_parasite.obj
 0003:0000d800       _parasite_frames_pain1     20057800     m_parasite.obj
 0003:0000d884       _parasite_move_pain1       20057884     m_parasite.obj
 0003:0000d898       _parasite_frames_drain     20057898     m_parasite.obj
 0003:0000d970       _parasite_move_drain       20057970     m_parasite.obj
 0003:0000d980       _parasite_frames_break     20057980     m_parasite.obj
 0003:0000db00       _parasite_move_break       20057b00     m_parasite.obj
 0003:0000db10       _parasite_frames_death     20057b10     m_parasite.obj
 0003:0000db64       _parasite_move_death       20057b64     m_parasite.obj
 0003:0000db78       _soldier_frames_stand1     20057b78     m_soldier.obj
 0003:0000dce0       _soldier_move_stand1       20057ce0     m_soldier.obj
 0003:0000dcf0       _soldier_frames_stand3     20057cf0     m_soldier.obj
 0003:0000dec4       _soldier_move_stand3       20057ec4     m_soldier.obj
 0003:0000ded4       _soldier_frames_pain1      20057ed4     m_soldier.obj
 0003:0000df10       _soldier_frames_walk1      20057f10     m_soldier.obj
 0003:0000e09c       _soldier_move_walk1        2005809c     m_soldier.obj
 0003:0000e0ac       _soldier_frames_duck       200580ac     m_soldier.obj
 0003:0000e0e8       _soldier_frames_walk2      200580e8     m_soldier.obj
 0003:0000e160       _soldier_move_walk2        20058160     m_soldier.obj
 0003:0000e170       _soldier_frames_start_run  20058170     m_soldier.obj
 0003:0000e188       _soldier_move_start_run    20058188     m_soldier.obj
 0003:0000e198       _soldier_frames_run        20058198     m_soldier.obj
 0003:0000e1e0       _soldier_move_run          200581e0     m_soldier.obj
 0003:0000e1f0       _soldier_move_pain1        200581f0     m_soldier.obj
 0003:0000e200       _soldier_frames_pain2      20058200     m_soldier.obj
 0003:0000e254       _soldier_move_pain2        20058254     m_soldier.obj
 0003:0000e268       _soldier_frames_pain3      20058268     m_soldier.obj
 0003:0000e340       _soldier_move_pain3        20058340     m_soldier.obj
 0003:0000e350       _soldier_frames_pain4      20058350     m_soldier.obj
 0003:0000e41c       _soldier_move_pain4        2005841c     m_soldier.obj
 0003:0000e490       _soldier_frames_attack1    20058490     m_soldier.obj
 0003:0000e520       _soldier_move_attack1      20058520     m_soldier.obj
 0003:0000e530       _soldier_frames_attack2    20058530     m_soldier.obj
 0003:0000e608       _soldier_move_attack2      20058608     m_soldier.obj
 0003:0000e618       _soldier_frames_attack3    20058618     m_soldier.obj
 0003:0000e684       _soldier_move_attack3      20058684     m_soldier.obj
 0003:0000e698       _soldier_frames_attack4    20058698     m_soldier.obj
 0003:0000e6e0       _soldier_move_attack4      200586e0     m_soldier.obj
 0003:0000e6f0       _soldier_frames_attack6    200586f0     m_soldier.obj
 0003:0000e798       _soldier_move_attack6      20058798     m_soldier.obj
 0003:0000e7a8       _soldier_move_duck         200587a8     m_soldier.obj
 0003:0000e7b8       _soldier_frames_death1     200587b8     m_soldier.obj
 0003:0000e968       _soldier_move_death1       20058968     m_soldier.obj
 0003:0000e978       _soldier_frames_death2     20058978     m_soldier.obj
 0003:0000eb1c       _soldier_move_death2       20058b1c     m_soldier.obj
 0003:0000eb30       _soldier_frames_death3     20058b30     m_soldier.obj
 0003:0000ed4c       _soldier_move_death3       20058d4c     m_soldier.obj
 0003:0000ed60       _soldier_frames_death4     20058d60     m_soldier.obj
 0003:0000efdc       _soldier_move_death4       20058fdc     m_soldier.obj
 0003:0000eff0       _soldier_frames_death5     20058ff0     m_soldier.obj
 0003:0000f110       _soldier_move_death5       20059110     m_soldier.obj
 0003:0000f120       _soldier_frames_death6     20059120     m_soldier.obj
 0003:0000f198       _soldier_move_death6       20059198     m_soldier.obj
 0003:0000f1a8       _supertank_frames_stand    200591a8     m_supertank.obj
 0003:0000f478       _supertank_move_stand      20059478     m_supertank.obj
 0003:0000f488       _supertank_frames_run      20059488     m_supertank.obj
 0003:0000f560       _supertank_move_run        20059560     m_supertank.obj
 0003:0000f570       _supertank_frames_forward  20059570     m_supertank.obj
 0003:0000f648       _supertank_move_forward    20059648     m_supertank.obj
 0003:0000f658       _supertank_frames_turn_right 20059658     m_supertank.obj
 0003:0000f730       _supertank_move_turn_right 20059730     m_supertank.obj
 0003:0000f740       _supertank_frames_turn_left 20059740     m_supertank.obj
 0003:0000f818       _supertank_move_turn_left  20059818     m_supertank.obj
 0003:0000f828       _supertank_frames_pain3    20059828     m_supertank.obj
 0003:0000f858       _supertank_move_pain3      20059858     m_supertank.obj
 0003:0000f868       _supertank_frames_pain2    20059868     m_supertank.obj
 0003:0000f898       _supertank_move_pain2      20059898     m_supertank.obj
 0003:0000f8a8       _supertank_frames_pain1    200598a8     m_supertank.obj
 0003:0000f8d8       _supertank_move_pain1      200598d8     m_supertank.obj
 0003:0000f8e8       _supertank_frames_death1   200598e8     m_supertank.obj
 0003:0000fa08       _supertank_move_death      20059a08     m_supertank.obj
 0003:0000fa18       _supertank_frames_backward 20059a18     m_supertank.obj
 0003:0000faf0       _supertank_move_backward   20059af0     m_supertank.obj
 0003:0000fb00       _supertank_frames_attack4  20059b00     m_supertank.obj
 0003:0000fb48       _supertank_move_attack4    20059b48     m_supertank.obj
 0003:0000fb58       _supertank_frames_attack3  20059b58     m_supertank.obj
 0003:0000fc9c       _supertank_move_attack3    20059c9c     m_supertank.obj
 0003:0000fcb0       _supertank_frames_attack2  20059cb0     m_supertank.obj
 0003:0000fdf4       _supertank_move_attack2    20059df4     m_supertank.obj
 0003:0000fe08       _supertank_frames_attack1  20059e08     m_supertank.obj
 0003:0000fe50       _supertank_move_attack1    20059e50     m_supertank.obj
 0003:0000fe60       _supertank_frames_end_attack1 20059e60     m_supertank.obj
 0003:0000ff08       _supertank_move_end_attack1 20059f08     m_supertank.obj
 0003:0000ff18       _tank_frames_stand         20059f18     m_tank.obj
 0003:00010080       _tank_move_stand           2005a080     m_tank.obj
 0003:00010090       _tank_frames_start_walk    2005a090     m_tank.obj
 0003:000100c0       _tank_move_start_walk      2005a0c0     m_tank.obj
 0003:000100d0       _tank_frames_walk          2005a0d0     m_tank.obj
 0003:00010190       _tank_move_walk            2005a190     m_tank.obj
 0003:000101a0       _tank_frames_stop_walk     2005a1a0     m_tank.obj
 0003:000101dc       _tank_move_stop_walk       2005a1dc     m_tank.obj
 0003:000101ec       _tank_frames_start_run     2005a1ec     m_tank.obj
 0003:0001021c       _tank_move_start_run       2005a21c     m_tank.obj
 0003:0001022c       _tank_frames_stop_run      2005a22c     m_tank.obj
 0003:00010268       _tank_frames_run           2005a268     m_tank.obj
 0003:00010328       _tank_move_run             2005a328     m_tank.obj
 0003:00010338       _tank_move_stop_run        2005a338     m_tank.obj
 0003:00010348       _tank_frames_pain1         2005a348     m_tank.obj
 0003:00010378       _tank_move_pain1           2005a378     m_tank.obj
 0003:00010388       _tank_frames_pain2         2005a388     m_tank.obj
 0003:000103c4       _tank_move_pain2           2005a3c4     m_tank.obj
 0003:000103d8       _tank_frames_pain3         2005a3d8     m_tank.obj
 0003:00010498       _tank_move_pain3           2005a498     m_tank.obj
 0003:000104a8       _tank_frames_attack_blast  2005a4a8     m_tank.obj
 0003:00010568       _tank_move_attack_blast    2005a568     m_tank.obj
 0003:00010578       _tank_frames_reattack_blast 2005a578     m_tank.obj
 0003:000105c0       _tank_move_reattack_blast  2005a5c0     m_tank.obj
 0003:000105d0       _tank_frames_attack_post_blast 2005a5d0     m_tank.obj
 0003:00010618       _tank_move_attack_post_blast 2005a618     m_tank.obj
 0003:00010628       _tank_frames_attack_strike 2005a628     m_tank.obj
 0003:000107f0       _tank_move_attack_strike   2005a7f0     m_tank.obj
 0003:00010800       _tank_frames_attack_pre_rocket 2005a800     m_tank.obj
 0003:000108fc       _tank_move_attack_pre_rocket 2005a8fc     m_tank.obj
 0003:00010910       _tank_frames_attack_fire_rocket 2005a910     m_tank.obj
 0003:0001097c       _tank_move_attack_fire_rocket 2005a97c     m_tank.obj
 0003:00010990       _tank_frames_attack_post_rocket 2005a990     m_tank.obj
 0003:00010aa4       _tank_move_attack_post_rocket 2005aaa4     m_tank.obj
 0003:00010ab8       _tank_frames_attack_chain  2005aab8     m_tank.obj
 0003:00010c14       _tank_move_attack_chain    2005ac14     m_tank.obj
 0003:00010c28       _tank_frames_death1        2005ac28     m_tank.obj
 0003:00010da8       _tank_move_death           2005ada8     m_tank.obj
 0003:00010f20       ___security_cookie         2005af20     MSVCRTD:gs_cookie.obj
 0003:00010f24       ___security_cookie_complement 2005af24     MSVCRTD:gs_cookie.obj
 0003:00010f30       ___native_dllmain_reason   2005af30     MSVCRTD:natstart.obj
 0003:00010f34       ___native_vcclrit_reason   2005af34     MSVCRTD:natstart.obj
 0003:000115dc       _trail_active              2005b5dc     p_trail.obj
 0003:00011e6c       _vec3_origin               2005be6c     q_shared.obj
 0003:000121a4       __forceCRTManifestRTM      2005c1a4     MSVCRTD:crtmanifestrtm.obj
 0003:000121a8       ?__type_info_root_node@@3U__type_info_node@@A 2005c1a8     MSVCRTD:tncleanup.obj
 0003:000121b0       __LittleLong               2005c1b0     <common>
 0003:000121b4       _paged_total               2005c1b4     <common>
 0003:000121b8       __LittleFloat              2005c1b8     <common>
 0003:000121c0       _com_token                 2005c1c0     <common>
 0003:00012240       _i                         2005c240     <common>
 0003:00012244       __LittleShort              2005c244     <common>
 0003:00012248       __BigShort                 2005c248     <common>
 0003:0001224c       __BigLong                  2005c24c     <common>
 0003:00012250       __BigFloat                 2005c250     <common>
 0003:00012254       _bigendien                 2005c254     <common>
 0003:00012260       _corners                   2005c260     <common>
 0003:00012278       _bobfracsin                2005c278     <common>
 0003:0001227c       _xyspeed                   2005c27c     <common>
 0003:00012280       _bobmove                   2005c280     <common>
 0003:00012284       _bobcycle                  2005c284     <common>
 0003:00012288       _trail_head                2005c288     <common>
 0003:000122a0       _trail                     2005c2a0     <common>
 0003:000122c0       _pm_passent                2005c2c0     <common>
 0003:000122c4       _c_yes                     2005c2c4     <common>
 0003:000122c8       _c_no                      2005c2c8     <common>
 0003:000122cc       _numipfilters              2005c2cc     <common>
 0003:000122e0       _ipfilters                 2005c2e0     <common>
 0003:000142e0       _mmove_reloc               2005e2e0     <common>
 0003:000142f0       _obstacle                  2005e2f0     <common>
 0003:00014300       _pushed                    2005e300     <common>
 0003:0001c300       _pushed_p                  20066300     <common>
 0003:0001c304       _dedicated                 20066304     <common>
 0003:0001c308       _sv_rollangle              20066308     <common>
 0003:0001c30c       _bob_roll                  2006630c     <common>
 0003:0001c310       _run_roll                  20066310     <common>
 0003:0001c314       _bob_pitch                 20066314     <common>
 0003:0001c318       _fraglimit                 20066318     <common>
 0003:0001c31c       _maxspectators             2006631c     <common>
 0003:0001c320       _snd_fry                   20066320     <common>
 0003:0001c340       _game                      20066340     <common>
 0003:0001c95c       _spectator_password        2006695c     <common>
 0003:0001c960       _flood_persecond           20066960     <common>
 0003:0001c964       _sm_meat_index             20066964     <common>
 0003:0001c968       _bob_up                    20066968     <common>
 0003:0001c96c       _flood_msgs                2006696c     <common>
 0003:0001c970       _gun_y                     20066970     <common>
 0003:0001c974       _sv_cheats                 20066974     <common>
 0003:0001c978       _sv_maxvelocity            20066978     <common>
 0003:0001c97c       _g_edicts                  2006697c     <common>
 0003:0001c980       _gun_z                     20066980     <common>
 0003:0001c984       _sv_gravity                20066984     <common>
 0003:0001c988       _sv_rollspeed              20066988     <common>
 0003:0001c98c       _deathmatch                2006698c     <common>
 0003:0001c990       _maxclients                20066990     <common>
 0003:0001c994       _coop                      20066994     <common>
 0003:0001c9a0       _st                        200669a0     <common>
 0003:0001c9e4       _run_pitch                 200669e4     <common>
 0003:0001c9e8       _timelimit                 200669e8     <common>
 0003:0001c9ec       _sv_maplist                200669ec     <common>
 0003:0001c9f0       _dmflags                   200669f0     <common>
 0003:0001c9f4       _password                  200669f4     <common>
 0003:0001c9f8       _filterban                 200669f8     <common>
 0003:0001c9fc       _skill                     200669fc     <common>
 0003:0001ca00       _meansOfDeath              20066a00     <common>
 0003:0001ca04       _g_select_empty            20066a04     <common>
 0003:0001ca08       _flood_waitdelay           20066a08     <common>
 0003:0001ca20       _globals                   20066a20     <common>
 0003:0001ca70       _maxentities               20066a70     <common>
 0003:0001ca80       _gi                        20066a80     <common>
 0003:0001cb40       _level                     20066b40     <common>
 0003:0001cc70       _gun_x                     20066c70     <common>
 0003:0001cc74       _enemy_infront             20066c74     <common>
 0003:0001cc78       _enemy_range               20066c78     <common>
 0003:0001cc7c       _enemy_yaw                 20066c7c     <common>
 0003:0001cc80       _enemy_vis                 20066c80     <common>
 0003:0001cc84       __adjust_fdiv              20066c84     <common>
 0003:0001cc88       ___native_startup_state    20066c88     <common>
 0003:0001cc8c       ___native_startup_lock     20066c8c     <common>
 0003:0001cc90       ___onexitend               20066c90     <common>
 0003:0001cc94       ___onexitbegin             20066c94     <common>
 0003:0001cc98       ___sse2_available          20066c98     <common>
 0003:0001cc9c       ___dyn_tls_init_callback   20066c9c     <common>

 entry point at        0001:00040850

 Static symbols

 0001:00005550       _CheckPowerArmor           20006550 f   g_combat.obj
 0001:00005780       _CheckArmor                20006780 f   g_combat.obj
 0001:0000ca70       _drop_temp_touch           2000da70 f   g_items.obj
 0001:0000cab0       _drop_make_touchable       2000dab0 f   g_items.obj
 0001:0000f4f0       _light_use                 200104f0 f   g_misc.obj
 0001:00012870       _localtime                 20013870 f   g_misc.obj
 0001:00012890       _time                      20013890 f   g_misc.obj
 0001:000128b0       _func_clock_reset          200138b0 f   g_misc.obj
 0001:00012930       _func_clock_format_countdown 20013930 f   g_misc.obj
 0001:000134b0       _M_FliesOn                 200144b0 f   g_monster.obj
 0001:00013520       _M_FliesOff                20014520 f   g_monster.obj
 0001:00018e00       _StringToFilter            20019e00 f   g_svcmds.obj
 0001:0001e570       _fire_lead                 2001f570 f   g_weapon.obj
 0001:0001f000       _check_dodge               20020000 f   g_weapon.obj
 0001:0001f3b0       _Grenade_Explode           200203b0 f   g_weapon.obj
 0001:0001f6a0       _Grenade_Touch             200206a0 f   g_weapon.obj
 0001:0002f970       _parasite_drain_attack_ok  20030970 f   m_parasite.obj
 0001:00033100       _SP_CreateCoopSpots        20034100 f   p_client.obj
 0001:00033410       _SP_FixCoopSpots           20034410 f   p_client.obj
 0001:0003be20       _P_ProjectSource           2003ce20 f   p_weapon.obj
 0001:000404b0       _pre_c_init                200414b0 f   MSVCRTD:crtdll.obj
 0001:00040880       ___DllMainCRTStartup       20041880 f   MSVCRTD:crtdll.obj
 0001:00040be0       _has_osfxsr_set            20041be0 f   MSVCRTD:cpu_disp.obj
